# Official ESP-IDF corrective build — sanitized
DATE=
2026-08-18 16:18:27 +07:00
COMMAND=
call "C:\esp\v6.0.1\esp-idf\export.bat" && set "PYTHONUTF8=1" && set "PYTHONIOENCODING=utf-8" && "C:\Users\violenic\.espressif\python_env\idf6.0_py3.13_env\Scripts\python.exe" "C:\esp\v6.0.1\esp-idf\tools\idf.py" -B "D:\BMO\all_bmo\esp\build" build
PRE_SOURCE_COUNT=
15109
PRE_SOURCE_DIGEST=
EBFB6F59708DB4B2C6AA09C762D4D2ADE4BB066BE67B6C3AE96C421FADC64C80
PRE_OLD_BIN_SIZE=
1253952
PRE_OLD_BIN_SHA256=
EE19260C30DC567A73CE03B3B4E86708C8E24C156DA630FABC6CEBE6271AA452
PRE_OLD_ELF_SIZE=
12599916
PRE_OLD_ELF_SHA256=
12E05D55F3C71CEFBE17FB2C9CF69893A53DA39D2D9F056CEEDD73D55407A74F
Activating ESP-IDF 6.0
Setting IDF_PATH to 'C:\esp\v6.0.1\esp-idf'.
* Checking python version ... 3.13.5
* Checking python dependencies ... OK
* Deactivating the current ESP-IDF environment (if any) ... OK
* Establishing a new ESP-IDF environment ... OK
* Identifying shell ... cmd.exe
* Detecting outdated tools in system ... OK - no outdated tools found

Done! You can now compile ESP-IDF projects.
Go to the project directory and run:

  idf.py build

CMakeLists.txt not found in project directory D:\BMO\all_bmo
Executing action: all (aliases: build)
BUILD_EXIT_CODE=2 POST_SOURCE_COUNT=15109 POST_SOURCE_DIGEST=EBFB6F59708DB4B2C6AA09C762D4D2ADE4BB066BE67B6C3AE96C421FADC64C80 SOURCE_CHANGED_DURING_BUILD=NO
