esptool --chip esp32s3 --port COM7 --before default-reset --after hard-reset write-flash --flash-mode dio --flash-freq 80m --flash-size 8MB 0x0 bootloader/bootloader.bin 0x8000 partition_table/partition-table.bin 0x210000 srmodels/srmodels.bin 0x10000 all_bmo.bin
esptool v5.3.0
Serial port COM7:
Connecting...
Connected to ESP32-S3 on COM7:
Chip type:          ESP32-S3 (QFN56) (revision v0.2)
Features:           Wi-Fi, BT 5 (LE), Dual Core + LP Core, 240MHz, Embedded PSRAM 8MB (AP_3v3)
Crystal frequency:  40MHz
MAC:                [REDACTED]

Uploading stub flasher...
Running stub flasher...
Stub flasher running.

Configuring flash size...

Writing 'bootloader/bootloader.bin' at 0x00000000...
SHA digest in image updated.
Flash will be erased from 0x00000000 to 0x00005fff...
Compressed 21056 bytes to 13536...

Writing at 0x00000000 [                              ]   0.0% 0/13536 bytes... 

Writing at 0x00005240 [==============================] 100.0% 13536/13536 bytes... 
Wrote 21056 bytes (13536 compressed) at 0x00000000 in 1.4 seconds (117.9 kbit/s).
Verifying written data...
Hash of data verified.

Writing 'partition_table/partition-table.bin' at 0x00008000...
Flash will be erased from 0x00008000 to 0x00008fff...
Compressed 3072 bytes to 120...

Writing at 0x00008000 [                              ]   0.0% 0/120 bytes... 

Writing at 0x00008c00 [==============================] 100.0% 120/120 bytes... 
Wrote 3072 bytes (120 compressed) at 0x00008000 in 0.0 seconds (740.9 kbit/s).
Verifying written data...
Hash of data verified.

Writing 'srmodels/srmodels.bin' at 0x00210000...
Flash will be erased from 0x00210000 to 0x00257fff...
Compressed 291036 bytes to 229934...

Writing at 0x00210000 [                              ]   0.0% 0/229934 bytes... 

Writing at 0x00214ce9 [=>                            ]   7.1% 16384/229934 bytes... 

Writing at 0x0021a110 [===>                          ]  14.3% 32768/229934 bytes... 

Writing at 0x0021f05e [=====>                        ]  21.4% 49152/229934 bytes... 

Writing at 0x0022340a [=======>                      ]  28.5% 65536/229934 bytes... 

Writing at 0x002280bf [=========>                    ]  35.6% 81920/229934 bytes... 

Writing at 0x0022d167 [===========>                  ]  42.8% 98304/229934 bytes... 

Writing at 0x0023229e [=============>                ]  49.9% 114688/229934 bytes... 

Writing at 0x00237a4f [================>             ]  57.0% 131072/229934 bytes... 

Writing at 0x0023d50c [==================>           ]  64.1% 147456/229934 bytes... 

Writing at 0x00242289 [====================>         ]  71.3% 163840/229934 bytes... 

Writing at 0x00246a13 [======================>       ]  78.4% 180224/229934 bytes... 

Writing at 0x0024c2ae [========================>     ]  85.5% 196608/229934 bytes... 

Writing at 0x0025215b [==========================>   ]  92.6% 212992/229934 bytes... 

Writing at 0x00256b43 [============================> ]  99.8% 229376/229934 bytes... 

Writing at 0x002570dc [==============================] 100.0% 229934/229934 bytes... 
Wrote 291036 bytes (229934 compressed) at 0x00210000 in 20.8 seconds (111.9 kbit/s).
Verifying written data...
Hash of data verified.

Writing 'all_bmo.bin' at 0x00010000...
Flash will be erased from 0x00010000 to 0x00141fff...
Compressed 1252000 bytes to 789671...

Writing at 0x00010000 [                              ]   0.0% 0/789671 bytes... 

Writing at 0x0001cd99 [                              ]   2.1% 16384/789671 bytes... 

Writing at 0x00029749 [>                             ]   4.1% 32768/789671 bytes... 

Writing at 0x00031f20 [>                             ]   6.2% 49152/789671 bytes... 

Writing at 0x00036c1a [=>                            ]   8.3% 65536/789671 bytes... 

Writing at 0x0003baaa [==>                           ]  10.4% 81920/789671 bytes... 

Writing at 0x00041117 [==>                           ]  12.4% 98304/789671 bytes... 

Writing at 0x00047ab8 [===>                          ]  14.5% 114688/789671 bytes... 

Writing at 0x00050526 [===>                          ]  16.6% 131072/789671 bytes... 

Writing at 0x000564a3 [====>                         ]  18.7% 147456/789671 bytes... 

Writing at 0x0005ca7f [=====>                        ]  20.7% 163840/789671 bytes... 

Writing at 0x00062bba [=====>                        ]  22.8% 180224/789671 bytes... 

Writing at 0x000689e1 [======>                       ]  24.9% 196608/789671 bytes... 

Writing at 0x0006f887 [=======>                      ]  27.0% 212992/789671 bytes... 

Writing at 0x00079f34 [=======>                      ]  29.0% 229376/789671 bytes... 

Writing at 0x0007f8ed [========>                     ]  31.1% 245760/789671 bytes... 

Writing at 0x0008638e [========>                     ]  33.2% 262144/789671 bytes... 

Writing at 0x0008c720 [=========>                    ]  35.3% 278528/789671 bytes... 

Writing at 0x00092b71 [==========>                   ]  37.3% 294912/789671 bytes... 

Writing at 0x0009874b [==========>                   ]  39.4% 311296/789671 bytes... 

Writing at 0x0009d802 [===========>                  ]  41.5% 327680/789671 bytes... 

Writing at 0x000a2db3 [============>                 ]  43.6% 344064/789671 bytes... 

Writing at 0x000a8548 [============>                 ]  45.6% 360448/789671 bytes... 

Writing at 0x000ad9a0 [=============>                ]  47.7% 376832/789671 bytes... 

Writing at 0x000b318c [=============>                ]  49.8% 393216/789671 bytes... 

Writing at 0x000b8866 [==============>               ]  51.9% 409600/789671 bytes... 

Writing at 0x000bdbc2 [===============>              ]  53.9% 425984/789671 bytes... 

Writing at 0x000c2d6c [===============>              ]  56.0% 442368/789671 bytes... 

Writing at 0x000c8212 [================>             ]  58.1% 458752/789671 bytes... 

Writing at 0x000cdb05 [=================>            ]  60.2% 475136/789671 bytes... 

Writing at 0x000d3096 [=================>            ]  62.2% 491520/789671 bytes... 

Writing at 0x000d8465 [==================>           ]  64.3% 507904/789671 bytes... 

Writing at 0x000dda62 [==================>           ]  66.4% 524288/789671 bytes... 

Writing at 0x000e3a08 [===================>          ]  68.5% 540672/789671 bytes... 

Writing at 0x000e9720 [====================>         ]  70.5% 557056/789671 bytes... 

Writing at 0x000ef067 [====================>         ]  72.6% 573440/789671 bytes... 

Writing at 0x000f4bb2 [=====================>        ]  74.7% 589824/789671 bytes... 

Writing at 0x000fa87c [======================>       ]  76.8% 606208/789671 bytes... 

Writing at 0x001001c8 [======================>       ]  78.8% 622592/789671 bytes... 

Writing at 0x00105ced [=======================>      ]  80.9% 638976/789671 bytes... 

Writing at 0x0010b85b [=======================>      ]  83.0% 655360/789671 bytes... 

Writing at 0x00110eb4 [========================>     ]  85.1% 671744/789671 bytes... 

Writing at 0x00119399 [=========================>    ]  87.1% 688128/789671 bytes... 

Writing at 0x0011f0fe [=========================>    ]  89.2% 704512/789671 bytes... 

Writing at 0x00126784 [==========================>   ]  91.3% 720896/789671 bytes... 

Writing at 0x0012e3ef [===========================>  ]  93.4% 737280/789671 bytes... 

Writing at 0x00135153 [===========================>  ]  95.4% 753664/789671 bytes... 

Writing at 0x0013ae5a [============================> ]  97.5% 770048/789671 bytes... 

Writing at 0x001401e1 [============================> ]  99.6% 786432/789671 bytes... 

Writing at 0x00141aa0 [==============================] 100.0% 789671/789671 bytes... 
Wrote 1252000 bytes (789671 compressed) at 0x00010000 in 71.2 seconds (140.6 kbit/s).
Verifying written data...
Hash of data verified.

Hard resetting via RTS pin...
