esptool --chip esp32s3 --port COM7 --before default-reset --after hard-reset write-flash --flash-mode dio --flash-freq 80m --flash-size 8MB 0x0 bootloader/bootloader.bin 0x8000 partition_table/partition-table.bin 0x210000 srmodels/srmodels.bin 0x10000 all_bmo.bin
esptool v5.3.0
Serial port COM7:
Connecting....
Connected to ESP32-S3 on COM7:
Chip type:          ESP32-S3 (QFN56) (revision v0.2)
Features:           Wi-Fi, BT 5 (LE), Dual Core + LP Core, 240MHz, Embedded PSRAM 8MB (AP_3v3)
Crystal frequency:  40MHz
MAC: [REDACTED]

Uploading stub flasher...
Running stub flasher...
Stub flasher running.

Configuring flash size...

Writing 'bootloader/bootloader.bin' at 0x00000000...
SHA digest in image updated.
Flash will be erased from 0x00000000 to 0x00005fff...
Compressed 21056 bytes to 13536...

Writing at 0x00000000 [                              ]   0.0% 0/13536 bytes... 

Writing at 0x00005240 [==============================] 100.0% 13536/13536 bytes... 
Wrote 21056 bytes (13536 compressed) at 0x00000000 in 1.4 seconds (119.3 kbit/s).
Verifying written data...
Hash of data verified.

Writing 'partition_table/partition-table.bin' at 0x00008000...
Flash will be erased from 0x00008000 to 0x00008fff...
Compressed 3072 bytes to 120...

Writing at 0x00008000 [                              ]   0.0% 0/120 bytes... 

Writing at 0x00008c00 [==============================] 100.0% 120/120 bytes... 
Wrote 3072 bytes (120 compressed) at 0x00008000 in 0.0 seconds (716.8 kbit/s).
Verifying written data...
Hash of data verified.

Writing 'srmodels/srmodels.bin' at 0x00210000...
Flash will be erased from 0x00210000 to 0x00257fff...
Compressed 291036 bytes to 229934...

Writing at 0x00210000 [                              ]   0.0% 0/229934 bytes... 

Writing at 0x00214ce9 [=>                            ]   7.1% 16384/229934 bytes... 

Writing at 0x0021a110 [===>                          ]  14.3% 32768/229934 bytes... 

Writing at 0x0021f05e [=====>                        ]  21.4% 49152/229934 bytes... 

Writing at 0x0022340a [=======>                      ]  28.5% 65536/229934 bytes... 

Writing at 0x002280bf [=========>                    ]  35.6% 81920/229934 bytes... 

Writing at 0x0022d167 [===========>                  ]  42.8% 98304/229934 bytes... 

Writing at 0x0023229e [=============>                ]  49.9% 114688/229934 bytes... 

Writing at 0x00237a4f [================>             ]  57.0% 131072/229934 bytes... 

Writing at 0x0023d50c [==================>           ]  64.1% 147456/229934 bytes... 

Writing at 0x00242289 [====================>         ]  71.3% 163840/229934 bytes... 

Writing at 0x00246a13 [======================>       ]  78.4% 180224/229934 bytes... 

Writing at 0x0024c2ae [========================>     ]  85.5% 196608/229934 bytes... 

Writing at 0x0025215b [==========================>   ]  92.6% 212992/229934 bytes... 

Writing at 0x00256b43 [============================> ]  99.8% 229376/229934 bytes... 

Writing at 0x002570dc [==============================] 100.0% 229934/229934 bytes... 
Wrote 291036 bytes (229934 compressed) at 0x00210000 in 20.8 seconds (111.8 kbit/s).
Verifying written data...
Hash of data verified.

Writing 'all_bmo.bin' at 0x00010000...
Flash will be erased from 0x00010000 to 0x00140fff...
Compressed 1248864 bytes to 787928...

Writing at 0x00010000 [                              ]   0.0% 0/787928 bytes... 

Writing at 0x0001cdd2 [                              ]   2.1% 16384/787928 bytes... 

Writing at 0x00029695 [>                             ]   4.2% 32768/787928 bytes... 

Writing at 0x00031ca0 [>                             ]   6.2% 49152/787928 bytes... 

Writing at 0x00036962 [=>                            ]   8.3% 65536/787928 bytes... 

Writing at 0x0003b7f2 [==>                           ]  10.4% 81920/787928 bytes... 

Writing at 0x00040ea5 [==>                           ]  12.5% 98304/787928 bytes... 

Writing at 0x00047955 [===>                          ]  14.6% 114688/787928 bytes... 

Writing at 0x0005069c [===>                          ]  16.6% 131072/787928 bytes... 

Writing at 0x000565a6 [====>                         ]  18.7% 147456/787928 bytes... 

Writing at 0x0005cb80 [=====>                        ]  20.8% 163840/787928 bytes... 

Writing at 0x00062d04 [=====>                        ]  22.9% 180224/787928 bytes... 

Writing at 0x00068b54 [======>                       ]  25.0% 196608/787928 bytes... 

Writing at 0x0006f8b8 [=======>                      ]  27.0% 212992/787928 bytes... 

Writing at 0x0007a028 [=======>                      ]  29.1% 229376/787928 bytes... 

Writing at 0x0007f9a2 [========>                     ]  31.2% 245760/787928 bytes... 

Writing at 0x0008653b [========>                     ]  33.3% 262144/787928 bytes... 

Writing at 0x0008cb3b [=========>                    ]  35.3% 278528/787928 bytes... 

Writing at 0x00092dd6 [==========>                   ]  37.4% 294912/787928 bytes... 

Writing at 0x0009870b [==========>                   ]  39.5% 311296/787928 bytes... 

Writing at 0x0009d843 [===========>                  ]  41.6% 327680/787928 bytes... 

Writing at 0x000a2f4e [============>                 ]  43.7% 344064/787928 bytes... 

Writing at 0x000a85ff [============>                 ]  45.7% 360448/787928 bytes... 

Writing at 0x000ad909 [=============>                ]  47.8% 376832/787928 bytes... 

Writing at 0x000b32d2 [=============>                ]  49.9% 393216/787928 bytes... 

Writing at 0x000b8883 [==============>               ]  52.0% 409600/787928 bytes... 

Writing at 0x000bdc2e [===============>              ]  54.1% 425984/787928 bytes... 

Writing at 0x000c2dda [===============>              ]  56.1% 442368/787928 bytes... 

Writing at 0x000c8410 [================>             ]  58.2% 458752/787928 bytes... 

Writing at 0x000cdc16 [=================>            ]  60.3% 475136/787928 bytes... 

Writing at 0x000d30ed [=================>            ]  62.4% 491520/787928 bytes... 

Writing at 0x000d8551 [==================>           ]  64.5% 507904/787928 bytes... 

Writing at 0x000ddac1 [==================>           ]  66.5% 524288/787928 bytes... 

Writing at 0x000e3d17 [===================>          ]  68.6% 540672/787928 bytes... 

Writing at 0x000e97dd [====================>         ]  70.7% 557056/787928 bytes... 

Writing at 0x000ef12f [====================>         ]  72.8% 573440/787928 bytes... 

Writing at 0x000f4c5d [=====================>        ]  74.9% 589824/787928 bytes... 

Writing at 0x000faa2b [======================>       ]  76.9% 606208/787928 bytes... 

Writing at 0x00100304 [======================>       ]  79.0% 622592/787928 bytes... 

Writing at 0x00105e40 [=======================>      ]  81.1% 638976/787928 bytes... 

Writing at 0x0010ba26 [=======================>      ]  83.2% 655360/787928 bytes... 

Writing at 0x001110cd [========================>     ]  85.3% 671744/787928 bytes... 

Writing at 0x001194ef [=========================>    ]  87.3% 688128/787928 bytes... 

Writing at 0x0011f3c9 [=========================>    ]  89.4% 704512/787928 bytes... 

Writing at 0x0012792a [==========================>   ]  91.5% 720896/787928 bytes... 

Writing at 0x0012e132 [===========================>  ]  93.6% 737280/787928 bytes... 

Writing at 0x00134fdf [===========================>  ]  95.7% 753664/787928 bytes... 

Writing at 0x0013a9c6 [============================> ]  97.7% 770048/787928 bytes... 

Writing at 0x001403f2 [============================> ]  99.8% 786432/787928 bytes... 

Writing at 0x00140e60 [==============================] 100.0% 787928/787928 bytes... 
Wrote 1248864 bytes (787928 compressed) at 0x00010000 in 71.1 seconds (140.6 kbit/s).
Verifying written data...
Hash of data verified.

Hard resetting via RTS pin...
