esptool --chip esp32s3 --port COM7 --before default-reset --after hard-reset write-flash --flash-mode dio --flash-freq 80m --flash-size 8MB 0x0 bootloader/bootloader.bin 0x8000 partition_table/partition-table.bin 0x210000 srmodels/srmodels.bin 0x10000 all_bmo.bin
esptool v5.3.0
Serial port COM7:
Connecting....
Connected to ESP32-S3 on COM7:
Chip type:          ESP32-S3 (QFN56) (revision v0.2)
Features:           Wi-Fi, BT 5 (LE), Dual Core + LP Core, 240MHz, Embedded PSRAM 8MB (AP_3v3)
Crystal frequency:  40MHz
MAC:                28:84:85:51:dc:38

Uploading stub flasher...
Running stub flasher...
Stub flasher running.

Configuring flash size...

Writing 'bootloader/bootloader.bin' at 0x00000000...
SHA digest in image updated.
Flash will be erased from 0x00000000 to 0x00005fff...
Compressed 21056 bytes to 13536...

Writing at 0x00000000 [                              ]   0.0% 0/13536 bytes... 

Writing at 0x00005240 [==============================] 100.0% 13536/13536 bytes... 
Wrote 21056 bytes (13536 compressed) at 0x00000000 in 1.4 seconds (118.9 kbit/s).
Verifying written data...
Hash of data verified.

Writing 'partition_table/partition-table.bin' at 0x00008000...
Flash will be erased from 0x00008000 to 0x00008fff...
Compressed 3072 bytes to 120...

Writing at 0x00008000 [                              ]   0.0% 0/120 bytes... 

Writing at 0x00008c00 [==============================] 100.0% 120/120 bytes... 
Wrote 3072 bytes (120 compressed) at 0x00008000 in 0.0 seconds (738.8 kbit/s).
Verifying written data...
Hash of data verified.

Writing 'srmodels/srmodels.bin' at 0x00210000...
Flash will be erased from 0x00210000 to 0x00257fff...
Compressed 291036 bytes to 229934...

Writing at 0x00210000 [                              ]   0.0% 0/229934 bytes... 

Writing at 0x00214ce9 [=>                            ]   7.1% 16384/229934 bytes... 

Writing at 0x0021a110 [===>                          ]  14.3% 32768/229934 bytes... 

Writing at 0x0021f05e [=====>                        ]  21.4% 49152/229934 bytes... 

Writing at 0x0022340a [=======>                      ]  28.5% 65536/229934 bytes... 

Writing at 0x002280bf [=========>                    ]  35.6% 81920/229934 bytes... 

Writing at 0x0022d167 [===========>                  ]  42.8% 98304/229934 bytes... 

Writing at 0x0023229e [=============>                ]  49.9% 114688/229934 bytes... 

Writing at 0x00237a4f [================>             ]  57.0% 131072/229934 bytes... 

Writing at 0x0023d50c [==================>           ]  64.1% 147456/229934 bytes... 

Writing at 0x00242289 [====================>         ]  71.3% 163840/229934 bytes... 

Writing at 0x00246a13 [======================>       ]  78.4% 180224/229934 bytes... 

Writing at 0x0024c2ae [========================>     ]  85.5% 196608/229934 bytes... 

Writing at 0x0025215b [==========================>   ]  92.6% 212992/229934 bytes... 

Writing at 0x00256b43 [============================> ]  99.8% 229376/229934 bytes... 

Writing at 0x002570dc [==============================] 100.0% 229934/229934 bytes... 
Wrote 291036 bytes (229934 compressed) at 0x00210000 in 20.9 seconds (111.7 kbit/s).
Verifying written data...
Hash of data verified.

Writing 'all_bmo.bin' at 0x00010000...
Flash will be erased from 0x00010000 to 0x0013ffff...
Compressed 1245120 bytes to 786095...

Writing at 0x00010000 [                              ]   0.0% 0/786095 bytes... 

Writing at 0x0001ce21 [                              ]   2.1% 16384/786095 bytes... 

Writing at 0x0002954c [>                             ]   4.2% 32768/786095 bytes... 

Writing at 0x000318f1 [>                             ]   6.3% 49152/786095 bytes... 

Writing at 0x00036609 [=>                            ]   8.3% 65536/786095 bytes... 

Writing at 0x0003b443 [==>                           ]  10.4% 81920/786095 bytes... 

Writing at 0x00040ae8 [==>                           ]  12.5% 98304/786095 bytes... 

Writing at 0x000476f7 [===>                          ]  14.6% 114688/786095 bytes... 

Writing at 0x0005056c [====>                         ]  16.7% 131072/786095 bytes... 

Writing at 0x000564a2 [====>                         ]  18.8% 147456/786095 bytes... 

Writing at 0x0005ca69 [=====>                        ]  20.8% 163840/786095 bytes... 

Writing at 0x00062bc3 [=====>                        ]  22.9% 180224/786095 bytes... 

Writing at 0x000689e2 [======>                       ]  25.0% 196608/786095 bytes... 

Writing at 0x0006f618 [=======>                      ]  27.1% 212992/786095 bytes... 

Writing at 0x00079e02 [=======>                      ]  29.2% 229376/786095 bytes... 

Writing at 0x0007f7ac [========>                     ]  31.3% 245760/786095 bytes... 

Writing at 0x00086474 [=========>                    ]  33.3% 262144/786095 bytes... 

Writing at 0x0008c9c0 [=========>                    ]  35.4% 278528/786095 bytes... 

Writing at 0x00092c99 [==========>                   ]  37.5% 294912/786095 bytes... 

Writing at 0x00098468 [==========>                   ]  39.6% 311296/786095 bytes... 

Writing at 0x0009d611 [===========>                  ]  41.7% 327680/786095 bytes... 

Writing at 0x000a2ea0 [============>                 ]  43.8% 344064/786095 bytes... 

Writing at 0x000a8428 [============>                 ]  45.9% 360448/786095 bytes... 

Writing at 0x000ad6e1 [=============>                ]  47.9% 376832/786095 bytes... 

Writing at 0x000b306c [==============>               ]  50.0% 393216/786095 bytes... 

Writing at 0x000b8612 [==============>               ]  52.1% 409600/786095 bytes... 

Writing at 0x000bda46 [===============>              ]  54.2% 425984/786095 bytes... 

Writing at 0x000c2bc3 [===============>              ]  56.3% 442368/786095 bytes... 

Writing at 0x000c81f3 [================>             ]  58.4% 458752/786095 bytes... 

Writing at 0x000cd9c0 [=================>            ]  60.4% 475136/786095 bytes... 

Writing at 0x000d2ea1 [=================>            ]  62.5% 491520/786095 bytes... 

Writing at 0x000d82f3 [==================>           ]  64.6% 507904/786095 bytes... 

Writing at 0x000dd86c [===================>          ]  66.7% 524288/786095 bytes... 

Writing at 0x000e3c8d [===================>          ]  68.8% 540672/786095 bytes... 

Writing at 0x000e963c [====================>         ]  70.9% 557056/786095 bytes... 

Writing at 0x000eeebc [====================>         ]  72.9% 573440/786095 bytes... 

Writing at 0x000f4a74 [=====================>        ]  75.0% 589824/786095 bytes... 

Writing at 0x000fa80a [======================>       ]  77.1% 606208/786095 bytes... 

Writing at 0x0010011b [======================>       ]  79.2% 622592/786095 bytes... 

Writing at 0x00105d1b [=======================>      ]  81.3% 638976/786095 bytes... 

Writing at 0x0010b84a [========================>     ]  83.4% 655360/786095 bytes... 

Writing at 0x00110e9d [========================>     ]  85.5% 671744/786095 bytes... 

Writing at 0x0011941a [=========================>    ]  87.5% 688128/786095 bytes... 

Writing at 0x0011f26e [=========================>    ]  89.6% 704512/786095 bytes... 

Writing at 0x00127bf8 [==========================>   ]  91.7% 720896/786095 bytes... 

Writing at 0x0012e0ac [===========================>  ]  93.8% 737280/786095 bytes... 

Writing at 0x00134c3d [===========================>  ]  95.9% 753664/786095 bytes... 

Writing at 0x0013a444 [============================> ]  98.0% 770048/786095 bytes... 

Writing at 0x0013ffc0 [==============================] 100.0% 786095/786095 bytes... 
Wrote 1245120 bytes (786095 compressed) at 0x00010000 in 71.1 seconds (140.1 kbit/s).
Verifying written data...
Hash of data verified.

Hard resetting via RTS pin...
