ESP-ROM:esp32s3-20210327
Build:Mar 27 2021
rst:0x1 (POWERON),boot:0x8 (SPI_FAST_FLASH_BOOT)
SPIWP:0xee
mode:DIO, clock div:1
load:0x3fce2820,len:0x14f0
load:0x403c8700,len:0xda0
load:0x403cb700,len:0x2f58
entry 0x403c8908
[0;32mI (24) boot: ESP-IDF v6.0.1 2nd stage bootloader[0m
[0;32mI (25) boot: compile time Aug 13 2026 19:08:05[0m
[0;32mI (25) boot: Multicore bootloader[0m
[0;32mI (25) boot: chip revision: v0.2[0m
[0;32mI (28) boot: efuse block revision: v1.4[0m
[0;32mI (31) boot.esp32s3: Boot SPI Speed : 80MHz[0m
[0;32mI (35) boot.esp32s3: SPI Mode       : DIO[0m
[0;32mI (39) boot.esp32s3: SPI Flash Size : 8MB[0m
[0;32mI (43) boot: Enabling RNG early entropy source...[0m
[0;32mI (47) boot: Partition Table:[0m
[0;32mI (50) boot: ## Label            Usage          Type ST Offset   Length[0m
[0;32mI (56) boot:  0 nvs              WiFi data        01 02 00009000 00006000[0m
[0;32mI (63) boot:  1 phy_init         RF data          01 01 0000f000 00001000[0m
[0;32mI (69) boot:  2 factory          factory app      00 00 00010000 00200000[0m
[0;32mI (76) boot:  3 model            Unknown data     01 82 00210000 00400000[0m
[0;32mI (82) boot: End of partition table[0m
[0;32mI (85) esp_image: segment 0: paddr=00010020 vaddr=3c0e0020 size=3e574h (255348) map[0m
[0;32mI (139) esp_image: segment 1: paddr=0004e59c vaddr=3fc9b800 size=01a7ch (  6780) load[0m
[0;32mI (140) esp_image: segment 2: paddr=00050020 vaddr=42000020 size=d427ch (868988) map[0m
[0;32mI (298) esp_image: segment 3: paddr=001242a4 vaddr=3fc9d27c size=05500h ( 21760) load[0m
[0;32mI (303) esp_image: segment 4: paddr=001297ac vaddr=40374000 size=17708h ( 96008) load[0m
[0;32mI (324) esp_image: segment 5: paddr=00140ebc vaddr=50000000 size=00024h (    36) load[0m
[0;32mI (335) boot: Loaded app from partition at offset 0x10000[0m
[0;32mI (335) boot: Disabling RNG early entropy source...[0m
[0;32mI (345) octal_psram: vendor id    : 0x0d (AP)[0m
[0;32mI (346) octal_psram: dev id       : 0x02 (generation 3)[0m
[0;32mI (346) octal_psram: density      : 0x03 (64 Mbit)[0m
[0;32mI (348) octal_psram: good-die     : 0x01 (Pass)[0m
[0;32mI (352) octal_psram: Latency      : 0x01 (Fixed)[0m
[0;32mI (356) octal_psram: VCC          : 0x01 (3V)[0m
[0;32mI (360) octal_psram: SRF          : 0x01 (Fast Refresh)[0m
[0;32mI (365) octal_psram: BurstType    : 0x01 (Hybrid Wrap)[0m
[0;32mI (370) octal_psram: BurstLen     : 0x01 (32 Byte)[0m
[0;32mI (375) octal_psram: Readlatency  : 0x02 (10 cycles@Fixed)[0m
[0;32mI (380) octal_psram: DriveStrength: 0x00 (1/1)[0m
[0;32mI (384) esp_psram: Found 8MB PSRAM device[0m
[0;32mI (388) esp_psram: Speed: 40MHz[0m
[0;32mI (391) cpu_start: Multicore app[0m
[0;32mI (1125) esp_psram: SPI SRAM memory test OK[0m
[0;32mI (1133) cpu_start: GPIO 44 and 43 are used as console UART I/O pins[0m
[0;32mI (1134) cpu_start: Pro cpu start user code[0m
[0;32mI (1134) cpu_start: cpu freq: 160000000 Hz[0m
[0;32mI (1135) app_init: Application information:[0m
[0;32mI (1139) app_init: Project name:     all_bmo[0m
[0;32mI (1143) app_init: App version:      c02dea1-dirty[0m
[0;32mI (1148) app_init: Compile time:     Aug 14 2026 14:45:21[0m
[0;32mI (1153) app_init: ELF file SHA256:  30c49b5a3...[0m
[0;32mI (1157) app_init: ESP-IDF:          v6.0.1[0m
[0;32mI (1161) efuse_init: Min chip rev:     v0.0[0m
[0;32mI (1165) efuse_init: Max chip rev:     v0.99 [0m
[0;32mI (1169) efuse_init: Chip rev:         v0.2[0m
[0;32mI (1173) heap_init: Initializing. RAM available for dynamic allocation:[0m
[0;32mI (1180) heap_init: At 3FCA6DE0 len 00042930 (266 KiB): RAM[0m
[0;32mI (1185) heap_init: At 3FCE9710 len 00005724 (21 KiB): RAM[0m
[0;32mI (1190) heap_init: At 3FCF0000 len 00008000 (32 KiB): DRAM[0m
[0;32mI (1195) heap_init: At 600FE000 len 00001FE8 (7 KiB): RTCRAM[0m
[0;32mI (1201) esp_psram: Adding pool of 8192K of PSRAM memory to heap allocator[0m
[0;32mI (1208) spi_flash: detected chip: boya[0m
[0;32mI (1211) spi_flash: flash io: dio[0m
[0;33mW (1214) spi_flash: Detected size(16384k) larger than the size in the binary image header(8192k). Using the size in the binary image header.[0m
[0;32mI (1227) sleep_gpio: Configure to isolate all GPIO pins in sleep state[0m
[0;32mI (1233) sleep_gpio: Enable automatic switching of GPIO sleep configuration[0m
[0;32mI (1240) main_task: Started on CPU0[0m
[0;32mI (1260) esp_psram: Reserving pool of 32K of internal memory for DMA/internal allocations[0m
[0;32mI (1260) main_task: Calling app_main()[0m
[0;32mI (1260) DISPLAY: Initialize ILI9341 landscape[0m
[0;32mI (1270) ili9341: LCD panel create success, version: 2.0.2[0m
[0;32mI (1390) DISPLAY: ILI9341 Ready[0m
[0;32mI (1620) DISPLAY: Display sleep screen[0m
[0;32mI (1620) AUDIO: MAX98357A ready: BCLK=1 WS=2 DIN=42 volume=8[0m
[0;32mI (1620) BUTTON: Input ready: touch=14 vol_up=15 vol_down=16[0m
[0;32mI (1640) WIFI: SNTP init return_code=ESP_OK(0)[0m
[0;32mI (1640) pp: pp rom version: e7ae62f[0m
[0;32mI (1640) net80211: net80211 rom version: e7ae62f[0m
[0;32mI (1650) wifi:wifi driver task: 3fcb88a8, prio:23, stack:6656, core=0[0m
[0;32mI (1660) wifi:wifi firmware version: b37c951[0m
[0;32mI (1660) wifi:wifi certification version: v7.0[0m
[0;32mI (1660) wifi:config NVS flash: enabled[0m
[0;32mI (1660) wifi:config nano formatting: disabled[0m
[0;32mI (1660) wifi:Init data frame dynamic rx buffer num: 32[0m
[0;32mI (1670) wifi:Init static rx mgmt buffer num: 5[0m
[0;32mI (1670) wifi:Init management short buffer num: 32[0m
[0;32mI (1680) wifi:Init dynamic tx buffer num: 32[0m
[0;32mI (1680) wifi:Init static tx FG buffer num: 2[0m
[0;32mI (1680) wifi:Init static rx buffer size: 1600[0m
[0;32mI (1690) wifi:Init static rx buffer num: 10[0m
[0;32mI (1690) wifi:Init dynamic rx buffer num: 32[0m
[0;32mI (1700) wifi_init: rx ba win: 6[0m
[0;32mI (1700) wifi_init: accept mbox: 6[0m
[0;32mI (1700) wifi_init: tcpip mbox: 32[0m
[0;32mI (1710) wifi_init: udp mbox: 6[0m
[0;32mI (1710) wifi_init: tcp mbox: 6[0m
[0;32mI (1710) wifi_init: tcp tx win: 5760[0m
[0;32mI (1710) wifi_init: tcp rx win: 5760[0m
[0;32mI (1720) wifi_init: tcp mss: 1440[0m
[0;32mI (1720) wifi_init: WiFi IRAM OP enabled[0m
[0;32mI (1720) wifi_init: WiFi RX IRAM OP enabled[0m
[0;32mI (1730) WIFI: SNTP event handler register return_code=ESP_OK(0)[0m
[REDACTED_SENSITIVE_LINE]
[0;32mI (1740) WIFI: WiFi STA config applied[0m
[0;32mI (1750) phy_init: phy_version 711,97bcf0a2,Aug 25 2025,19:04:10[0m
[0;32mI (1790) wifi:mode : sta ([REDACTED_MAC])[0m
[0;32mI (1800) wifi:enable tsf[0m
[0;32mI (1800) WIFI: WiFi initialization complete. Waiting for STA_START event...[0m
[REDACTED_SENSITIVE_LINE]
[0;32mI (1800) MAIN: Waiting for WiFi IP before API init...[0m
[0;32mI (1810) STATE: State machine orchestrator task started[0m
[0;32mI (1810) wifi:new:<11,0>, old:<1,0>, ap:<255,255>, sta:<11,0>, prof:1, snd_ch_cfg:0x0[0m
[0;32mI (1820) wifi:state: init -> auth (0xb0)[0m
[0;32mI (1820) MODEL_LOADER: The storage free size is 23424 KB[0m
[0;32mI (1830) wifi:state: auth -> assoc (0x0)[0m
[0;32mI (1830) MODEL_LOADER: The partition size is 4096 KB[0m
[0;32mI (1840) wifi:state: assoc -> run (0x10)[0m
[0;32mI (1840) MODEL_LOADER: Successfully load srmodels[0m
[0;32mI (1840) WAKE: WakeNet model: wn9_hijoy_tts[0m
[0;32mI (1850) WAKE: Wake words: Hi,Joy[0m
[REDACTED_SENSITIVE_LINE]
[0;32mI (1860) wifi:security: WPA2-PSK, phy: bgn, rssi: -51, cipher(pairwise:0x3, group:0x3), pmf:0[0m
[0;32mI (1870) wifi:pm start, type: 1[0m

[0;32mI (1870) wifi:dp: 1, bi: 102400, li: 3, scale listen interval from 307200 us to 307200 us[0m
[0;32mI (1880) wifi:set rx beacon pti, rx_bcn_pti: 0, bcn_timeout: 25000, mt_pti: 0, mt_time: 10000[0m
[0;32mI (1890) WIFI: Connected to AP "Jagurawi", waiting for IP...[0m
[0;32mI (1900) wifi:<ba-add>idx:0 (ifx:0, [REDACTED_MAC]), tid:0, ssn:3, winSize:64[0m
[0;32mI (1950) wifi:AP's beacon interval = 102400 us, DTIM period = 1[0m
MC Quantized wakenet9: wakenet9l_tts1h8_Hi,Joy_3_0.631_0.633, tigger:v4, mode:0, p:0, (May 25 2026 15:51:00)
[0;32mI (1960) WAKE: WakeNet sample_rate=16000 chunk=512 channels=1[0m
[0;33mW (1970) i2s_platform: i2s controller 0 has been occupied by i2s_driver[0m
[0;32mI (1970) WAKE: I2S mic ready: BCLK=5 WS=4 DIN=6 rate=16000[0m
[0;32mI (1980) WAKE: Wakeword initialized[0m
[0;32mI (1980) WAKE: Listening for Hi Joy[0m
[0;32mI (2910) esp_netif_handlers: sta ip: 192.168.10.40, mask: 255.255.255.0, gw: 192.168.10.1[0m
[0;32mI (2910) WIFI: SNTP start requested after IP acquisition[0m
[0;32mI (2910) MAIN: WiFi got IP. Waiting for valid SNTP time before API init...[0m
[0;32mI (2910) NETWORK: NETWORK_TIME_SYNCED_BIT cleared before=0x3 after=0x3[0m
[0;32mI (2910) MAIN: API readiness wait begin: required_bit=NETWORK_TIME_SYNCED_BIT timeout_ms=30000[0m
[0;32mI (2920) WIFI: SNTP start return_code=ESP_OK(0)[0m
[0;32mI (2930) WIFI: SNTP worker started: handle_available=1[0m
[0;32mI (2930) WIFI: SNTP worker create return=pdPASS handle_available=1[0m
[0;32mI (2940) WIFI: SNTP sync wait begin: timeout_ms=30000[0m
[0;32mI (2940) WIFI: Got IP: 192.168.10.40[0m
[0;32mI (5190) WAKE: Mic peak: 55[0m
[0;32mI (8380) WAKE: Mic peak: 56[0m
[0;32mI (11580) WAKE: Mic peak: 77[0m
[0;32mI (12340) WIFI: SNTP sync callback invoked: event_data=available epoch_sec=1786697895[0m
[0;32mI (12340) WIFI: SNTP sync wait end: return_code=ESP_OK(0)[0m
[0;32mI (12340) WIFI: SNTP time-sync event received: event_data=available epoch_sec=1786697895[0m
[0;32mI (12350) NETWORK: NETWORK_TIME_SYNCED_BIT set before=0x3 after=0xb[0m
[0;32mI (12360) WIFI: SNTP time is valid; TLS connections may start; readiness_bit=1[0m
[0;32mI (12350) MAIN: API readiness wait end: bits=0xb time_synced=1[0m
[0;32mI (12370) MAIN: WiFi and SNTP are ready. API init started.[0m
[0;32mI (12380) API: API init started[0m
[0;32mI (12380) API: WS lifecycle seq=1 event=start_call_before source=api_init now_ms=0 delta_ms=0 event_data_unavailable lifecycle_state=stopped ws_client_started=0 ws_connected=0 ws_authenticated=0[0m
[0;32mI (12400) API: WS lifecycle seq=2 event=event_begin source=websocket_event now_ms=20 delta_ms=20 event_data_available lifecycle_state=started ws_client_started=1 ws_connected=0 ws_authenticated=0[0m
[0;32mI (12400) websocket_client: Started[0m
[0;32mI (12420) API: WebSocket started[0m
[0;32mI (12420) API: WS lifecycle seq=3 event=start_call_after source=api_init now_ms=40 delta_ms=20 event_data_unavailable lifecycle_state=started ws_client_started=1 ws_connected=0 ws_authenticated=0[0m
[0;32mI (12440) API: WS lifecycle operation=start source=api_init return_code=ESP_OK(0)[0m
[0;32mI (14790) WAKE: Mic peak: 58[0m
[0;32mI (17980) WAKE: Mic peak: 48[0m
[0;32mI (22050) esp-x509-crt-bundle: Certificate validated[0m
[0;33mW (23110) API: WS diagnostics phase=connected_before_mark now_ms=21870 since_disconnect_ms=0 error_type=none(0) close_status=0 handshake_status=0 transport_errno=-2113070839 tls_err=0 tls_stack=1070397948 tls_flags=1070346936 ws_connected=0 ws_authenticated=0[0m
[0;32mI (23130) API: WebSocket connected, authenticating...[0m
[0;32mI (23130) API: WS lifecycle seq=4 event=event_connected source=websocket_event now_ms=10750 delta_ms=10710 event_data_available lifecycle_state=connected ws_client_started=1 ws_connected=1 ws_authenticated=0[0m
[0;32mI (23150) API: Sending authenticate to WS...[0m
[0;32mI (23160) API: WS task stack high-water mark at connected: 4308 bytes[0m
[0;33mW (23160) API: WS diagnostics phase=connected_after_mark now_ms=21920 since_disconnect_ms=0 error_type=none(0) close_status=0 handshake_status=0 transport_errno=-2113070839 tls_err=0 tls_stack=1070397948 tls_flags=1070346936 ws_connected=1 ws_authenticated=0[0m
[0;32mI (23270) API: Received WS event: authenticated[0m
[0;32mI (23270) API: WS authenticated successfully. Backend state: idle[0m
[0;32mI (23270) API: WS task stack high-water mark at authenticated: 4308 bytes[0m
[0;32mI (24670) WAKE: Mic peak: 54[0m
[0;32mI (27870) WAKE: Mic peak: 48[0m
[0;32mI (31080) WAKE: Mic peak: 55[0m
[0;32mI (34270) WAKE: Mic peak: 44[0m
[0;32mI (37470) WAKE: Mic peak: 41[0m
[0;32mI (40680) WAKE: Mic peak: 58[0m
[0;32mI (43870) WAKE: Mic peak: 92[0m
[0;32mI (47070) WAKE: Mic peak: 60[0m
[0;32mI (50280) WAKE: Mic peak: 103[0m
[0;32mI (53470) WAKE: Mic peak: 41[0m
[0;32mI (56670) WAKE: Mic peak: 77[0m
[0;32mI (59880) WAKE: Mic peak: 80[0m
[0;32mI (63070) WAKE: Mic peak: 62[0m
[0;32mI (66270) WAKE: Mic peak: 65[0m
[0;32mI (69480) WAKE: Mic peak: 56[0m
[0;32mI (72670) WAKE: Mic peak: 95[0m
[0;32mI (75870) WAKE: Mic peak: 44[0m
[0;32mI (79080) WAKE: Mic peak: 82[0m
[0;32mI (82270) WAKE: Mic peak: 62[0m
[0;32mI (85470) WAKE: Mic peak: 59[0m
[0;32mI (88680) WAKE: Mic peak: 85[0m
[0;32mI (91870) WAKE: Mic peak: 106[0m
[0;32mI (95070) WAKE: Mic peak: 85[0m
[0;32mI (98280) WAKE: Mic peak: 60[0m
[0;32mI (101470) WAKE: Mic peak: 59[0m
[0;32mI (104670) WAKE: Mic peak: 73[0m
[0;32mI (107880) WAKE: Mic peak: 59[0m
[0;32mI (111070) WAKE: Mic peak: 87[0m
[0;32mI (114270) WAKE: Mic peak: 45[0m
[0;32mI (117480) WAKE: Mic peak: 69[0m
[0;32mI (120670) WAKE: Mic peak: 77[0m
[0;32mI (123870) WAKE: Mic peak: 54[0m
[0;32mI (127080) WAKE: Mic peak: 87[0m
[0;32mI (130270) WAKE: Mic peak: 87[0m
[0;32mI (133470) WAKE: Mic peak: 65[0m
[0;32mI (136680) WAKE: Mic peak: 66[0m
[0;32mI (139870) WAKE: Mic peak: 74[0m
[0;32mI (143070) WAKE: Mic peak: 80[0m
[0;32mI (146280) WAKE: Mic peak: 53[0m
[0;32mI (149470) WAKE: Mic peak: 72[0m
[0;32mI (152670) WAKE: Mic peak: 251[0m
[0;32mI (155880) WAKE: Mic peak: 74[0m
[0;32mI (159070) WAKE: Mic peak: 59[0m
[0;32mI (162270) WAKE: Mic peak: 68[0m
[0;32mI (165480) WAKE: Mic peak: 75[0m
[0;32mI (168670) WAKE: Mic peak: 60[0m
[0;32mI (171870) WAKE: Mic peak: 85[0m
[0;32mI (175080) WAKE: Mic peak: 81[0m
[0;32mI (178270) WAKE: Mic peak: 51[0m
[0;32mI (181470) WAKE: Mic peak: 59[0m
[0;32mI (184680) WAKE: Mic peak: 41[0m
[0;32mI (187870) WAKE: Mic peak: 58[0m
[0;32mI (191070) WAKE: Mic peak: 68[0m
[0;32mI (194280) WAKE: Mic peak: 112[0m
[0;32mI (197470) WAKE: Mic peak: 101[0m
[0;32mI (200670) WAKE: Mic peak: 58[0m
[0;32mI (203880) WAKE: Mic peak: 76[0m
[0;32mI (207070) WAKE: Mic peak: 82[0m
[0;32mI (210270) WAKE: Mic peak: 501[0m
[0;32mI (213480) WAKE: Mic peak: 240[0m
[0;32mI (216670) WAKE: Mic peak: 265[0m
[0;32mI (219870) WAKE: Mic peak: 247[0m
[0;32mI (223080) WAKE: Mic peak: 48[0m
[0;32mI (226270) WAKE: Mic peak: 175[0m
[0;32mI (229470) WAKE: Mic peak: 248[0m
[0;32mI (232680) WAKE: Mic peak: 315[0m
[0;32mI (235870) WAKE: Mic peak: 145[0m
[0;32mI (239070) WAKE: Mic peak: 144[0m
[0;32mI (242280) WAKE: Mic peak: 132[0m
[0;32mI (245470) WAKE: Mic peak: 68[0m
[0;32mI (248670) WAKE: Mic peak: 177[0m
[0;32mI (251880) WAKE: Mic peak: 266[0m
[0;32mI (255070) WAKE: Mic peak: 272[0m
[0;32mI (258270) WAKE: Mic peak: 73[0m
[0;32mI (261480) WAKE: Mic peak: 238[0m
[0;32mI (264670) WAKE: Mic peak: 56[0m
[0;32mI (267870) WAKE: Mic peak: 51[0m
[0;32mI (271080) WAKE: Mic peak: 103[0m
[0;32mI (274270) WAKE: Mic peak: 50[0m
[0;32mI (277470) WAKE: Mic peak: 50[0m
[0;32mI (280680) WAKE: Mic peak: 64[0m
[0;32mI (283870) WAKE: Mic peak: 53[0m
[0;32mI (287070) WAKE: Mic peak: 66[0m
[0;32mI (290280) WAKE: Mic peak: 51[0m
[0;32mI (293470) WAKE: Mic peak: 68[0m
[0;32mI (296670) WAKE: Mic peak: 56[0m
[0;32mI (299880) WAKE: Mic peak: 65[0m
[0;32mI (303070) WAKE: Mic peak: 132[0m
[0;32mI (306270) WAKE: Mic peak: 70[0m
[0;32mI (309480) WAKE: Mic peak: 78[0m
[0;32mI (312670) WAKE: Mic peak: 49[0m
[0;32mI (315870) WAKE: Mic peak: 66[0m
[0;32mI (319080) WAKE: Mic peak: 103[0m
[0;32mI (322270) WAKE: Mic peak: 73[0m
[0;32mI (325470) WAKE: Mic peak: 77[0m
[0;32mI (328680) WAKE: Mic peak: 72[0m
[0;32mI (331870) WAKE: Mic peak: 64[0m
[0;32mI (335070) WAKE: Mic peak: 75[0m
[0;32mI (338280) WAKE: Mic peak: 67[0m
[0;32mI (341470) WAKE: Mic peak: 48[0m
[0;32mI (344670) WAKE: Mic peak: 56[0m
[0;32mI (347880) WAKE: Mic peak: 79[0m
[0;32mI (351070) WAKE: Mic peak: 64[0m
[0;32mI (354270) WAKE: Mic peak: 55[0m
[0;32mI (357480) WAKE: Mic peak: 51[0m
[0;32mI (360670) WAKE: Mic peak: 57[0m
[0;32mI (363870) WAKE: Mic peak: 49[0m
[0;32mI (367080) WAKE: Mic peak: 62[0m
[0;32mI (370270) WAKE: Mic peak: 56[0m
[0;32mI (373470) WAKE: Mic peak: 41[0m
[0;32mI (376680) WAKE: Mic peak: 42[0m
[0;32mI (379870) WAKE: Mic peak: 52[0m
[0;32mI (383070) WAKE: Mic peak: 65[0m
[0;32mI (386280) WAKE: Mic peak: 58[0m
[0;32mI (389470) WAKE: Mic peak: 69[0m
[0;32mI (392670) WAKE: Mic peak: 48[0m
[0;32mI (395880) WAKE: Mic peak: 69[0m
[0;32mI (399070) WAKE: Mic peak: 74[0m
[0;32mI (402270) WAKE: Mic peak: 56[0m
[0;32mI (405480) WAKE: Mic peak: 54[0m
[0;32mI (408670) WAKE: Mic peak: 48[0m
[0;32mI (411870) WAKE: Mic peak: 37[0m
[0;32mI (415080) WAKE: Mic peak: 88[0m
[0;32mI (418270) WAKE: Mic peak: 58[0m
[0;32mI (421470) WAKE: Mic peak: 54[0m
[0;32mI (424680) WAKE: Mic peak: 76[0m
[0;32mI (427870) WAKE: Mic peak: 56[0m
[0;32mI (431070) WAKE: Mic peak: 57[0m
[0;32mI (434280) WAKE: Mic peak: 67[0m
[0;32mI (437470) WAKE: Mic peak: 46[0m
[0;32mI (440670) WAKE: Mic peak: 59[0m
[0;32mI (443880) WAKE: Mic peak: 61[0m
[0;32mI (447070) WAKE: Mic peak: 65[0m
[0;32mI (450270) WAKE: Mic peak: 49[0m
[0;32mI (453480) WAKE: Mic peak: 78[0m
[0;32mI (456670) WAKE: Mic peak: 65[0m
[0;32mI (459870) WAKE: Mic peak: 76[0m
[0;32mI (463080) WAKE: Mic peak: 62[0m
[0;32mI (466270) WAKE: Mic peak: 61[0m
[0;32mI (469470) WAKE: Mic peak: 66[0m
[0;32mI (472680) WAKE: Mic peak: 55[0m
[0;32mI (475870) WAKE: Mic peak: 54[0m
[0;32mI (479070) WAKE: Mic peak: 43[0m
[0;32mI (482280) WAKE: Mic peak: 60[0m
[0;32mI (485470) WAKE: Mic peak: 49[0m
[0;32mI (488670) WAKE: Mic peak: 207[0m
[0;32mI (491880) WAKE: Mic peak: 55[0m
[0;32mI (495070) WAKE: Mic peak: 49[0m
[0;32mI (498270) WAKE: Mic peak: 50[0m
[0;32mI (501480) WAKE: Mic peak: 87[0m
[0;32mI (504670) WAKE: Mic peak: 61[0m
[0;32mI (507870) WAKE: Mic peak: 53[0m
[0;32mI (511080) WAKE: Mic peak: 77[0m
[0;32mI (514270) WAKE: Mic peak: 60[0m
[0;32mI (517470) WAKE: Mic peak: 48[0m
[0;32mI (520680) WAKE: Mic peak: 70[0m
[0;32mI (523870) WAKE: Mic peak: 55[0m
[0;32mI (527070) WAKE: Mic peak: 51[0m
[0;32mI (530280) WAKE: Mic peak: 50[0m
[0;32mI (533470) WAKE: Mic peak: 58[0m
[0;32mI (536670) WAKE: Mic peak: 44[0m
[0;32mI (539880) WAKE: Mic peak: 59[0m
[0;32mI (543070) WAKE: Mic peak: 49[0m
[0;32mI (546270) WAKE: Mic peak: 44[0m
[0;32mI (549480) WAKE: Mic peak: 38[0m
[0;32mI (552670) WAKE: Mic peak: 54[0m
[0;32mI (555870) WAKE: Mic peak: 48[0m
[0;32mI (559080) WAKE: Mic peak: 53[0m
[0;32mI (562270) WAKE: Mic peak: 45[0m
[0;32mI (565470) WAKE: Mic peak: 53[0m
[0;32mI (568680) WAKE: Mic peak: 57[0m
[0;32mI (571870) WAKE: Mic peak: 51[0m
[0;32mI (575070) WAKE: Mic peak: 50[0m
[0;32mI (578280) WAKE: Mic peak: 50[0m
[0;32mI (581470) WAKE: Mic peak: 58[0m
[0;32mI (584670) WAKE: Mic peak: 47[0m
[0;32mI (587880) WAKE: Mic peak: 44[0m
[0;32mI (591070) WAKE: Mic peak: 47[0m
[0;32mI (594270) WAKE: Mic peak: 48[0m
[0;32mI (597480) WAKE: Mic peak: 53[0m
[0;32mI (600670) WAKE: Mic peak: 45[0m
[0;32mI (603870) WAKE: Mic peak: 57[0m
[0;32mI (607080) WAKE: Mic peak: 55[0m
[0;32mI (610270) WAKE: Mic peak: 46[0m
[0;32mI (613470) WAKE: Mic peak: 63[0m
[0;32mI (616680) WAKE: Mic peak: 54[0m
[0;32mI (619870) WAKE: Mic peak: 66[0m
[0;32mI (623070) WAKE: Mic peak: 64[0m
[0;32mI (626280) WAKE: Mic peak: 52[0m
[0;32mI (629470) WAKE: Mic peak: 60[0m
[0;32mI (632670) WAKE: Mic peak: 65[0m
[0;32mI (635880) WAKE: Mic peak: 54[0m
[0;32mI (639070) WAKE: Mic peak: 45[0m
[0;32mI (642270) WAKE: Mic peak: 56[0m
[0;32mI (645480) WAKE: Mic peak: 1435[0m
[0;32mI (648670) WAKE: Mic peak: 68[0m
[0;32mI (651240) WAKE: Hi Joy detected[0m
[0;32mI (651240) STATE: State changed to 1[0m
[0;32mI (651240) DISPLAY: display_face()[0m
[0;32mI (651320) STATE: Entering RECORDING state[0m
[0;32mI (651320) WAKE: Recording started[0m
[0;32mI (652760) DISPLAY: Face : 0[0m
[0;32mI (652760) WAKE: Wake detected, starting recording[0m
[0;32mI (655830) WAKE: Mic peak: 69[0m
[0;32mI (657720) WAKE: Recording finished: silence detected[0m
[0;32mI (657720) WAKE: WAV header written: 40448 samples[0m
[0;32mI (657770) API: WAV fmt format=1 channels=1 sample_rate=16000 byte_rate=32000 block_align=2 bits=16[0m
[0;32mI (657770) API: Local WAV validation passed bytes=80940[0m
[0;32mI (657770) API: Voice upload attempt 1/3[0m
[0;32mI (657770) API: Starting upload of WAV (80940 bytes, ID: 727675d7-46d2-424d-ab6f-5c3898f04c96)...[0m
[0;32mI (659020) WAKE: Mic peak: 60[0m
[0;32mI (660570) esp-x509-crt-bundle: Certificate validated[0m
[0;32mI (662170) API: WAV body write complete bytes=80940/80940[0m
[0;32mI (662230) WAKE: Mic peak: 61[0m
[0;32mI (662460) API: Upload response status: 202[0m
[0;32mI (662460) API: Upload accepted status=processing response_bytes=75[0m
[0;32mI (665430) WAKE: Mic peak: 38[0m
[0;32mI (668620) WAKE: Mic peak: 39[0m
[0;32mI (671830) WAKE: Mic peak: 75[0m
[0;32mI (675030) WAKE: Mic peak: 46[0m
[0;32mI (678220) WAKE: Mic peak: 57[0m
[0;32mI (681430) WAKE: Mic peak: 1635[0m
[0;32mI (684630) WAKE: Mic peak: 155[0m
[0;32mI (687820) WAKE: Mic peak: 53[0m
[0;32mI (691030) WAKE: Mic peak: 124[0m
[0;32mI (694230) WAKE: Mic peak: 56[0m
[0;32mI (695940) API: Received WS event: request_failed[0m
[0;32mI (695940) STATE: State changed to 4[0m
[0;32mI (695940) DISPLAY: display_face()[0m
[0;32mI (695960) STATE: State changed to 0[0m
[0;32mI (695960) DISPLAY: display_face()[0m
[0;33mW (696960) DISPLAY: Display busy[0m
[0;32mI (697420) WAKE: Mic peak: 58[0m
[0;32mI (697580) DISPLAY: Face : 5[0m
[0;32mI (697580) DISPLAY: display_face()[0m
[0;32mI (699230) DISPLAY: Face : 5[0m
[0;32mI (699230) AUDIO: Play error tone sequence[0m
[0;32mI (699820) API: Voice Error: Sorry, it is too noisy. BMO cannot hear you.[0m
[0;32mI (700630) WAKE: Mic peak: 46[0m
[0;32mI (701820) STATE: State changed to 0[0m
[0;32mI (701820) DISPLAY: display_face()[0m
[0;32mI (703350) DISPLAY: Face : 0[0m
[0;32mI (703350) DISPLAY: display_face()[0m
[0;32mI (703830) WAKE: Mic peak: 58[0m
[0;32mI (704900) DISPLAY: Face : 0[0m
[0;32mI (707020) WAKE: Mic peak: 60[0m
[0;32mI (710230) WAKE: Mic peak: 67[0m
[0;32mI (713430) WAKE: Mic peak: 144[0m
[0;32mI (716620) WAKE: Mic peak: 90[0m
[0;32mI (719830) WAKE: Mic peak: 67[0m
[0;32mI (723030) WAKE: Mic peak: 59[0m
[0;32mI (726220) WAKE: Mic peak: 70[0m
[0;32mI (729430) WAKE: Mic peak: 99[0m
[0;32mI (732630) WAKE: Mic peak: 79[0m
[0;32mI (735820) WAKE: Mic peak: 120[0m
[0;32mI (739030) WAKE: Mic peak: 37[0m
[0;32mI (742230) WAKE: Mic peak: 42[0m
[0;32mI (745420) WAKE: Mic peak: 70[0m
[0;32mI (748630) WAKE: Mic peak: 58[0m
[0;32mI (751830) WAKE: Mic peak: 78[0m
[0;32mI (755020) WAKE: Mic peak: 96[0m

