ESP-ROM:esp32s3-20210327
Build:Mar 27 2021
rst:0x1 (POWERON),boot:0x8 (SPI_FAST_FLASH_BOOT)
SPIWP:0xee
mode:DIO, clock div:1
load:0x3fce2820,len:0x14f0
load:0x403c8700,len:0xda0
load:0x403cb700,len:0x2f58
entry 0x403c8908
[0;32mI (24) boot: ESP-IDF v6.0.1 2nd stage bootloader[0m
[0;32mI (25) boot: compile time Aug 13 2026 19:08:05[0m
[0;32mI (25) boot: Multicore bootloader[0m
[0;32mI (25) boot: chip revision: v0.2[0m
[0;32mI (28) boot: efuse block revision: v1.4[0m
[0;32mI (31) boot.esp32s3: Boot SPI Speed : 80MHz[0m
[0;32mI (35) boot.esp32s3: SPI Mode       : DIO[0m
[0;32mI (39) boot.esp32s3: SPI Flash Size : 8MB[0m
[0;32mI (43) boot: Enabling RNG early entropy source...[0m
[0;32mI (47) boot: Partition Table:[0m
[0;32mI (50) boot: ## Label            Usage          Type ST Offset   Length[0m
[0;32mI (56) boot:  0 nvs              WiFi data        01 02 00009000 00006000[0m
[0;32mI (63) boot:  1 phy_init         RF data          01 01 0000f000 00001000[0m
[0;32mI (69) boot:  2 factory          factory app      00 00 00010000 00200000[0m
[0;32mI (76) boot:  3 model            Unknown data     01 82 00210000 00400000[0m
[0;32mI (82) boot: End of partition table[0m
[0;32mI (85) esp_image: segment 0: paddr=00010020 vaddr=3c0e0020 size=3e904h (256260) map[0m
[0;32mI (139) esp_image: segment 1: paddr=0004e92c vaddr=3fc9b800 size=016ech (  5868) load[0m
[0;32mI (140) esp_image: segment 2: paddr=00050020 vaddr=42000020 size=d4a8ch (871052) map[0m
[0;32mI (299) esp_image: segment 3: paddr=00124ab4 vaddr=3fc9ceec size=05890h ( 22672) load[0m
[0;32mI (304) esp_image: segment 4: paddr=0012a34c vaddr=40374000 size=17708h ( 96008) load[0m
[0;32mI (325) esp_image: segment 5: paddr=00141a5c vaddr=50000000 size=00024h (    36) load[0m
[0;32mI (336) boot: Loaded app from partition at offset 0x10000[0m
[0;32mI (336) boot: Disabling RNG early entropy source...[0m
[0;32mI (346) octal_psram: vendor id    : 0x0d (AP)[0m
[0;32mI (346) octal_psram: dev id       : 0x02 (generation 3)[0m
[0;32mI (346) octal_psram: density      : 0x03 (64 Mbit)[0m
[0;32mI (348) octal_psram: good-die     : 0x01 (Pass)[0m
[0;32mI (353) octal_psram: Latency      : 0x01 (Fixed)[0m
[0;32mI (357) octal_psram: VCC          : 0x01 (3V)[0m
[0;32mI (361) octal_psram: SRF          : 0x01 (Fast Refresh)[0m
[0;32mI (366) octal_psram: BurstType    : 0x01 (Hybrid Wrap)[0m
[0;32mI (371) octal_psram: BurstLen     : 0x01 (32 Byte)[0m
[0;32mI (375) octal_psram: Readlatency  : 0x02 (10 cycles@Fixed)[0m
[0;32mI (381) octal_psram: DriveStrength: 0x00 (1/1)[0m
[0;32mI (385) esp_psram: Found 8MB PSRAM device[0m
[0;32mI (389) esp_psram: Speed: 40MHz[0m
[0;32mI (392) cpu_start: Multicore app[0m
[0;32mI (1125) esp_psram: SPI SRAM memory test OK[0m
[0;32mI (1134) cpu_start: GPIO 44 and 43 are used as console UART I/O pins[0m
[0;32mI (1134) cpu_start: Pro cpu start user code[0m
[0;32mI (1134) cpu_start: cpu freq: 160000000 Hz[0m
[0;32mI (1136) app_init: Application information:[0m
[0;32mI (1140) app_init: Project name:     all_bmo[0m
[0;32mI (1144) app_init: App version:      c02dea1-dirty[0m
[0;32mI (1149) app_init: Compile time:     Aug 14 2026 14:45:21[0m
[0;32mI (1154) app_init: ELF file SHA256:  97f9111fd...[0m
[0;32mI (1158) app_init: ESP-IDF:          v6.0.1[0m
[0;32mI (1162) efuse_init: Min chip rev:     v0.0[0m
[0;32mI (1166) efuse_init: Max chip rev:     v0.99 [0m
[0;32mI (1170) efuse_init: Chip rev:         v0.2[0m
[0;32mI (1174) heap_init: Initializing. RAM available for dynamic allocation:[0m
[0;32mI (1180) heap_init: At 3FCA6E20 len 000428F0 (266 KiB): RAM[0m
[0;32mI (1186) heap_init: At 3FCE9710 len 00005724 (21 KiB): RAM[0m
[0;32mI (1191) heap_init: At 3FCF0000 len 00008000 (32 KiB): DRAM[0m
[0;32mI (1196) heap_init: At 600FE000 len 00001FE8 (7 KiB): RTCRAM[0m
[0;32mI (1202) esp_psram: Adding pool of 8192K of PSRAM memory to heap allocator[0m
[0;32mI (1209) spi_flash: detected chip: boya[0m
[0;32mI (1212) spi_flash: flash io: dio[0m
[0;33mW (1215) spi_flash: Detected size(16384k) larger than the size in the binary image header(8192k). Using the size in the binary image header.[0m
[0;32mI (1228) sleep_gpio: Configure to isolate all GPIO pins in sleep state[0m
[0;32mI (1234) sleep_gpio: Enable automatic switching of GPIO sleep configuration[0m
[0;32mI (1241) main_task: Started on CPU0[0m
[0;32mI (1261) esp_psram: Reserving pool of 32K of internal memory for DMA/internal allocations[0m
[0;32mI (1261) main_task: Calling app_main()[0m
[0;32mI (1261) DISPLAY: Initialize ILI9341 landscape[0m
[0;32mI (1271) ili9341: LCD panel create success, version: 2.0.2[0m
[0;32mI (1391) DISPLAY: ILI9341 Ready[0m
[0;32mI (1621) DISPLAY: Display sleep screen[0m
[0;32mI (1621) AUDIO: MAX98357A ready: BCLK=1 WS=2 DIN=42 volume=8[0m
[0;32mI (1621) BUTTON: Input ready: touch=14 vol_up=15 vol_down=16[0m
[0;32mI (1641) WIFI: SNTP init return_code=ESP_OK(0)[0m
[0;32mI (1641) pp: pp rom version: e7ae62f[0m
[0;32mI (1641) net80211: net80211 rom version: e7ae62f[0m
[0;32mI (1651) wifi:wifi driver task: 3fcb88e8, prio:23, stack:6656, core=0[0m
[0;32mI (1661) wifi:wifi firmware version: b37c951[0m
[0;32mI (1661) wifi:wifi certification version: v7.0[0m
[0;32mI (1661) wifi:config NVS flash: enabled[0m
[0;32mI (1661) wifi:config nano formatting: disabled[0m
[0;32mI (1661) wifi:Init data frame dynamic rx buffer num: 32[0m
[0;32mI (1671) wifi:Init static rx mgmt buffer num: 5[0m
[0;32mI (1671) wifi:Init management short buffer num: 32[0m
[0;32mI (1681) wifi:Init dynamic tx buffer num: 32[0m
[0;32mI (1681) wifi:Init static tx FG buffer num: 2[0m
[0;32mI (1681) wifi:Init static rx buffer size: 1600[0m
[0;32mI (1691) wifi:Init static rx buffer num: 10[0m
[0;32mI (1691) wifi:Init dynamic rx buffer num: 32[0m
[0;32mI (1701) wifi_init: rx ba win: 6[0m
[0;32mI (1701) wifi_init: accept mbox: 6[0m
[0;32mI (1701) wifi_init: tcpip mbox: 32[0m
[0;32mI (1711) wifi_init: udp mbox: 6[0m
[0;32mI (1711) wifi_init: tcp mbox: 6[0m
[0;32mI (1711) wifi_init: tcp tx win: 5760[0m
[0;32mI (1711) wifi_init: tcp rx win: 5760[0m
[0;32mI (1721) wifi_init: tcp mss: 1440[0m
[0;32mI (1721) wifi_init: WiFi IRAM OP enabled[0m
[0;32mI (1721) wifi_init: WiFi RX IRAM OP enabled[0m
[0;32mI (1731) WIFI: SNTP event handler register return_code=ESP_OK(0)[0m
[0;32mI (1731) WIFI: WiFi config prepared: ssid="Jagurawi", ssid_len=8, password_len=14, auth_threshold=WPA2_PSK[0m
[0;32mI (1741) WIFI: WiFi STA config applied[0m
[0;32mI (1751) phy_init: phy_version 711,97bcf0a2,Aug 25 2025,19:04:10[0m
[0;32mI (1791) wifi:mode : sta (28:84:85:51:dc:38)[0m
[0;32mI (1791) wifi:enable tsf[0m
[0;32mI (1801) WIFI: WiFi initialization complete. Waiting for STA_START event...[0m
[0;32mI (1801) WIFI: Connecting to WiFi SSID "Jagurawi"...[0m
[0;32mI (1801) MAIN: Waiting for WiFi IP before API init...[0m
[0;32mI (1811) STATE: State machine orchestrator task started[0m
[0;32mI (1811) wifi:new:<11,0>, old:<1,0>, ap:<255,255>, sta:<11,0>, prof:1, snd_ch_cfg:0x0[0m
[0;32mI (1821) wifi:state: init -> auth (0xb0)[0m
[0;32mI (1821) MODEL_LOADER: The storage free size is 23424 KB[0m
[0;32mI (1831) wifi:state: auth -> assoc (0x0)[0m
[0;32mI (1831) MODEL_LOADER: The partition size is 4096 KB[0m
[0;32mI (1841) wifi:state: assoc -> run (0x10)[0m
[0;32mI (1841) MODEL_LOADER: Successfully load srmodels[0m
[0;32mI (1841) WAKE: WakeNet model: wn9_hijoy_tts[0m
[0;32mI (1851) WAKE: Wake words: Hi,Joy[0m
[0;32mI (1861) wifi:connected with Jagurawi, aid = 4, channel 11, BW20, bssid = dc:2c:6e:18:80:05[0m
[0;32mI (1861) wifi:security: WPA2-PSK, phy: bgn, rssi: -57, cipher(pairwise:0x3, group:0x3), pmf:0[0m
[0;32mI (1871) wifi:pm start, type: 1[0m

[0;32mI (1871) wifi:dp: 1, bi: 102400, li: 3, scale listen interval from 307200 us to 307200 us[0m
[0;32mI (1881) wifi:set rx beacon pti, rx_bcn_pti: 0, bcn_timeout: 25000, mt_pti: 0, mt_time: 10000[0m
[0;32mI (1891) WIFI: Connected to AP "Jagurawi", waiting for IP...[0m
[0;32mI (1891) wifi:AP's beacon interval = 102400 us, DTIM period = 1[0m
[0;32mI (1901) wifi:<ba-add>idx:0 (ifx:0, dc:2c:6e:18:80:05), tid:0, ssn:3, winSize:64[0m
MC Quantized wakenet9: wakenet9l_tts1h8_Hi,Joy_3_0.631_0.633, tigger:v4, mode:0, p:0, (May 25 2026 15:51:00)
[0;32mI (1971) WAKE: WakeNet sample_rate=16000 chunk=512 channels=1[0m
[0;33mW (1971) i2s_platform: i2s controller 0 has been occupied by i2s_driver[0m
[0;32mI (1981) WAKE: I2S mic ready: BCLK=5 WS=4 DIN=6 rate=16000[0m
[0;32mI (1991) WAKE: Wakeword initialized[0m
[0;32mI (1991) WAKE: Listening for Hi Joy[0m
[0;32mI (2911) esp_netif_handlers: sta ip: 192.168.10.40, mask: 255.255.255.0, gw: 192.168.10.1[0m
[0;32mI (2911) WIFI: SNTP start requested after IP acquisition[0m
[0;32mI (2911) MAIN: WiFi got IP. Waiting for valid SNTP time before API init...[0m
[0;32mI (2911) NETWORK: NETWORK_TIME_SYNCED_BIT cleared before=0x3 after=0x3[0m
[0;32mI (2911) MAIN: API readiness wait begin: required_bit=NETWORK_TIME_SYNCED_BIT timeout_ms=30000[0m
[0;32mI (2921) WIFI: SNTP start return_code=ESP_OK(0)[0m
[0;32mI (2931) WIFI: SNTP worker create return=pdPASS handle_available=1[0m
[0;32mI (2931) WIFI: SNTP worker started: handle_available=1[0m
[0;32mI (2941) WIFI: Got IP: 192.168.10.40[0m
[0;32mI (2941) WIFI: SNTP sync wait begin: timeout_ms=30000[0m
[0;32mI (5191) WAKE: Mic peak: 168[0m
[0;32mI (8391) WAKE: Mic peak: 212[0m
[0;32mI (11581) WAKE: Mic peak: 63[0m
[0;32mI (13411) WIFI: SNTP sync callback invoked: event_data=available epoch_sec=1786700113[0m
[0;32mI (13411) WIFI: SNTP sync wait end: return_code=ESP_OK(0)[0m
[0;32mI (13411) WIFI: SNTP time-sync event received: event_data=available epoch_sec=1786700113[0m
[0;32mI (13421) NETWORK: NETWORK_TIME_SYNCED_BIT set before=0x3 after=0xb[0m
[0;32mI (13421) MAIN: API readiness wait end: bits=0xb time_synced=1[0m
[0;32mI (13431) WIFI: SNTP time is valid; TLS connections may start; readiness_bit=1[0m
[0;32mI (13431) MAIN: WiFi and SNTP are ready. API init started.[0m
[0;32mI (13451) API: API init started[0m
[0;32mI (13451) API: WS lifecycle seq=1 event=start_call_before source=api_init now_ms=0 delta_ms=0 event_data_unavailable lifecycle_state=stopped ws_client_started=0 ws_connected=0 ws_authenticated=0[0m
[0;32mI (13471) API: WS lifecycle seq=2 event=event_begin source=websocket_event now_ms=20 delta_ms=20 event_data_available lifecycle_state=started ws_client_started=1 ws_connected=0 ws_authenticated=0[0m
[0;32mI (13471) websocket_client: Started[0m
[0;32mI (13491) API: WebSocket started[0m
[0;32mI (13491) API: WS lifecycle seq=3 event=start_call_after source=api_init now_ms=40 delta_ms=20 event_data_unavailable lifecycle_state=started ws_client_started=1 ws_connected=0 ws_authenticated=0[0m
[0;32mI (13511) API: WS lifecycle operation=start source=api_init return_code=ESP_OK(0)[0m
[0;32mI (14791) WAKE: Mic peak: 45[0m
[0;32mI (17991) WAKE: Mic peak: 50[0m
[0;32mI (21181) WAKE: Mic peak: 65[0m
[0;32mI (24461) esp-x509-crt-bundle: Certificate validated[0m
[0;33mW (25501) API: WS diagnostics phase=connected_before_mark now_ms=24260 since_disconnect_ms=0 error_type=none(0) close_status=0 handshake_status=0 transport_errno=-2113068775 tls_err=0 tls_stack=1070397996 tls_flags=1070347032 ws_connected=0 ws_authenticated=0[0m
[0;32mI (25511) API: WebSocket connected, authenticating...[0m
[0;32mI (25521) API: WS lifecycle seq=4 event=event_connected source=websocket_event now_ms=12070 delta_ms=12030 event_data_available lifecycle_state=connected ws_client_started=1 ws_connected=1 ws_authenticated=0[0m
[0;32mI (25531) API: Sending authenticate to WS...[0m
[0;32mI (25541) API: WS task stack high-water mark at connected: 4308 bytes[0m
[0;33mW (25541) API: WS diagnostics phase=connected_after_mark now_ms=24300 since_disconnect_ms=0 error_type=none(0) close_status=0 handshake_status=0 transport_errno=-2113068775 tls_err=0 tls_stack=1070397996 tls_flags=1070347032 ws_connected=1 ws_authenticated=0[0m
[0;32mI (25681) API: Received WS event: authenticated[0m
[0;32mI (25681) API: WS authenticated successfully. Backend state: idle[0m
[0;32mI (25681) API: WS task stack high-water mark at authenticated: 4308 bytes[0m
[0;32mI (27561) WAKE: Mic peak: 66[0m
[0;32mI (30751) WAKE: Mic peak: 49[0m
[0;32mI (33951) WAKE: Mic peak: 52[0m
[0;32mI (37161) WAKE: Mic peak: 59[0m
[0;32mI (40351) WAKE: Mic peak: 54[0m
[0;32mI (43551) WAKE: Mic peak: 61[0m
[0;32mI (46761) WAKE: Mic peak: 62[0m
[0;32mI (49951) WAKE: Mic peak: 59[0m
[0;32mI (53151) WAKE: Mic peak: 46[0m
[0;32mI (56361) WAKE: Mic peak: 58[0m
[0;32mI (59551) WAKE: Mic peak: 44[0m
[0;32mI (62751) WAKE: Mic peak: 56[0m
[0;32mI (65961) WAKE: Mic peak: 59[0m
[0;32mI (69151) WAKE: Mic peak: 51[0m
[0;32mI (72351) WAKE: Mic peak: 55[0m
[0;32mI (75561) WAKE: Mic peak: 45[0m
[0;32mI (78751) WAKE: Mic peak: 65[0m
[0;32mI (81951) WAKE: Mic peak: 36[0m
[0;32mI (85161) WAKE: Mic peak: 41[0m
[0;32mI (88351) WAKE: Mic peak: 170[0m
[0;32mI (91551) WAKE: Mic peak: 50[0m
[0;32mI (94761) WAKE: Mic peak: 40[0m
[0;32mI (97951) WAKE: Mic peak: 62[0m
[0;32mI (101151) WAKE: Mic peak: 46[0m
[0;32mI (104361) WAKE: Mic peak: 61[0m
[0;32mI (107551) WAKE: Mic peak: 63[0m
[0;32mI (110751) WAKE: Mic peak: 50[0m
[0;32mI (113961) WAKE: Mic peak: 40[0m
[0;32mI (117151) WAKE: Mic peak: 55[0m
[0;32mI (120351) WAKE: Mic peak: 69[0m
[0;32mI (123561) WAKE: Mic peak: 63[0m
[0;32mI (126751) WAKE: Mic peak: 44[0m
[0;32mI (129951) WAKE: Mic peak: 46[0m
[0;32mI (133161) WAKE: Mic peak: 47[0m
[0;32mI (136351) WAKE: Mic peak: 52[0m
[0;32mI (139551) WAKE: Mic peak: 39[0m
[0;32mI (142761) WAKE: Mic peak: 53[0m
[0;32mI (145951) WAKE: Mic peak: 49[0m
[0;32mI (149151) WAKE: Mic peak: 37[0m
[0;32mI (152361) WAKE: Mic peak: 131[0m
[0;32mI (155551) WAKE: Mic peak: 51[0m
[0;32mI (158751) WAKE: Mic peak: 47[0m
[0;32mI (161961) WAKE: Mic peak: 47[0m
[0;32mI (165151) WAKE: Mic peak: 65[0m
[0;32mI (168351) WAKE: Mic peak: 58[0m
[0;32mI (171561) WAKE: Mic peak: 69[0m
[0;32mI (174751) WAKE: Mic peak: 54[0m
[0;32mI (177951) WAKE: Mic peak: 41[0m
[0;32mI (181161) WAKE: Mic peak: 50[0m
[0;32mI (184351) WAKE: Mic peak: 47[0m
[0;32mI (187551) WAKE: Mic peak: 55[0m
[0;32mI (190761) WAKE: Mic peak: 48[0m
[0;32mI (193951) WAKE: Mic peak: 65[0m
[0;32mI (197151) WAKE: Mic peak: 52[0m
[0;32mI (200361) WAKE: Mic peak: 68[0m
[0;32mI (203551) WAKE: Mic peak: 219[0m
[0;32mI (206751) WAKE: Mic peak: 60[0m
[0;32mI (209961) WAKE: Mic peak: 33[0m
[0;32mI (213151) WAKE: Mic peak: 44[0m
[0;32mI (216351) WAKE: Mic peak: 38[0m
[0;32mI (219561) WAKE: Mic peak: 65[0m
[0;32mI (222751) WAKE: Mic peak: 66[0m
[0;32mI (225951) WAKE: Mic peak: 63[0m
[0;32mI (229161) WAKE: Mic peak: 57[0m
[0;32mI (232351) WAKE: Mic peak: 49[0m
[0;32mI (235551) WAKE: Mic peak: 60[0m
[0;32mI (238761) WAKE: Mic peak: 54[0m
[0;32mI (241951) WAKE: Mic peak: 58[0m
[0;32mI (245151) WAKE: Mic peak: 55[0m
[0;32mI (248361) WAKE: Mic peak: 52[0m
[0;32mI (251551) WAKE: Mic peak: 49[0m
[0;32mI (254751) WAKE: Mic peak: 62[0m
[0;32mI (257961) WAKE: Mic peak: 48[0m
[0;32mI (261151) WAKE: Mic peak: 54[0m
[0;32mI (264351) WAKE: Mic peak: 45[0m
[0;32mI (267561) WAKE: Mic peak: 81[0m
[0;32mI (270751) WAKE: Mic peak: 44[0m
[0;32mI (273951) WAKE: Mic peak: 54[0m
[0;32mI (277161) WAKE: Mic peak: 55[0m
[0;32mI (280351) WAKE: Mic peak: 45[0m
[0;32mI (283551) WAKE: Mic peak: 78[0m
[0;32mI (286761) WAKE: Mic peak: 45[0m
[0;32mI (289951) WAKE: Mic peak: 60[0m
[0;32mI (293151) WAKE: Mic peak: 53[0m
[0;32mI (296361) WAKE: Mic peak: 55[0m
[0;32mI (299551) WAKE: Mic peak: 75[0m
[0;32mI (302751) WAKE: Mic peak: 50[0m
[0;32mI (305961) WAKE: Mic peak: 52[0m
[0;32mI (309151) WAKE: Mic peak: 77[0m
[0;32mI (312351) WAKE: Mic peak: 46[0m
[0;32mI (315561) WAKE: Mic peak: 83[0m
[0;32mI (318751) WAKE: Mic peak: 33[0m
[0;32mI (321951) WAKE: Mic peak: 65[0m
[0;32mI (325161) WAKE: Mic peak: 60[0m
[0;32mI (328351) WAKE: Mic peak: 62[0m
[0;32mI (331551) WAKE: Mic peak: 52[0m
[0;32mI (334761) WAKE: Mic peak: 61[0m
[0;32mI (337951) WAKE: Mic peak: 64[0m
[0;32mI (341151) WAKE: Mic peak: 45[0m
[0;32mI (344361) WAKE: Mic peak: 51[0m
[0;32mI (347551) WAKE: Mic peak: 66[0m
[0;32mI (350751) WAKE: Mic peak: 43[0m
[0;32mI (353961) WAKE: Mic peak: 57[0m
[0;32mI (357151) WAKE: Mic peak: 43[0m
[0;32mI (360351) WAKE: Mic peak: 49[0m
[0;32mI (363561) WAKE: Mic peak: 82[0m
[0;32mI (366751) WAKE: Mic peak: 49[0m
[0;32mI (369951) WAKE: Mic peak: 57[0m
[0;32mI (373161) WAKE: Mic peak: 42[0m
[0;32mI (376351) WAKE: Mic peak: 56[0m
[0;32mI (379551) WAKE: Mic peak: 68[0m
[0;32mI (382761) WAKE: Mic peak: 49[0m
[0;32mI (385951) WAKE: Mic peak: 66[0m
[0;32mI (389151) WAKE: Mic peak: 59[0m
[0;32mI (392361) WAKE: Mic peak: 60[0m
[0;32mI (395551) WAKE: Mic peak: 83[0m
[0;32mI (398751) WAKE: Mic peak: 68[0m
[0;32mI (401961) WAKE: Mic peak: 55[0m
[0;32mI (405151) WAKE: Mic peak: 48[0m
[0;32mI (408351) WAKE: Mic peak: 64[0m
[0;32mI (411561) WAKE: Mic peak: 47[0m
[0;32mI (414751) WAKE: Mic peak: 53[0m
[0;32mI (417951) WAKE: Mic peak: 60[0m
[0;32mI (421161) WAKE: Mic peak: 58[0m
[0;32mI (424351) WAKE: Mic peak: 58[0m
[0;32mI (427551) WAKE: Mic peak: 52[0m
[0;32mI (430761) WAKE: Mic peak: 48[0m
[0;32mI (433951) WAKE: Mic peak: 62[0m
[0;32mI (437151) WAKE: Mic peak: 54[0m
[0;32mI (440361) WAKE: Mic peak: 46[0m
[0;32mI (443551) WAKE: Mic peak: 64[0m
[0;32mI (446751) WAKE: Mic peak: 180[0m
[0;32mI (449961) WAKE: Mic peak: 40[0m
[0;32mI (453151) WAKE: Mic peak: 52[0m
[0;32mI (456351) WAKE: Mic peak: 50[0m
[0;32mI (459561) WAKE: Mic peak: 47[0m
[0;32mI (462751) WAKE: Mic peak: 48[0m
[0;32mI (465951) WAKE: Mic peak: 52[0m
[0;32mI (469161) WAKE: Mic peak: 50[0m
[0;32mI (472351) WAKE: Mic peak: 60[0m
[0;32mI (475551) WAKE: Mic peak: 39[0m
[0;32mI (478761) WAKE: Mic peak: 91[0m
[0;32mI (481951) WAKE: Mic peak: 45[0m
[0;32mI (485151) WAKE: Mic peak: 49[0m
[0;32mI (488361) WAKE: Mic peak: 58[0m
[0;32mI (491551) WAKE: Mic peak: 52[0m
[0;32mI (494751) WAKE: Mic peak: 69[0m
[0;32mI (497961) WAKE: Mic peak: 51[0m
[0;32mI (501151) WAKE: Mic peak: 53[0m
[0;32mI (504351) WAKE: Mic peak: 54[0m
[0;32mI (507561) WAKE: Mic peak: 59[0m
[0;32mI (510751) WAKE: Mic peak: 72[0m
[0;32mI (513951) WAKE: Mic peak: 1061[0m
[0;32mI (517161) WAKE: Mic peak: 66[0m
[0;32mI (520351) WAKE: Mic peak: 39[0m
[0;32mI (523551) WAKE: Mic peak: 45[0m
[0;32mI (526761) WAKE: Mic peak: 69[0m
[0;32mI (529951) WAKE: Mic peak: 48[0m
[0;32mI (533151) WAKE: Mic peak: 79[0m
[0;32mI (536361) WAKE: Mic peak: 90[0m
[0;32mI (539551) WAKE: Mic peak: 20[0m
[0;32mI (542751) WAKE: Mic peak: 74[0m
[0;32mI (543681) WAKE: Hi Joy detected[0m
[0;32mI (543681) STATE: State changed to 1[0m
[0;32mI (543681) DISPLAY: display_face()[0m
[0;32mI (543721) STATE: Entering RECORDING state[0m
[0;32mI (543721) WAKE: Recording started[0m
