STEP3_STATIC_REVIEW_TIME=2026-08-14T15:26:55+07:00
SCOPE=esp/main/api.cpp only; api.h and wakeword.cpp/h unchanged
BACKEND_CHANGE=NO
CONFIG_CHANGE=NO
CREDENTIAL_CHANGE=NO

CHECK_WAV_VALIDATION=PASS; min=44; max=3145728; RIFF/WAVE; fmt PCM mono 16000Hz 16bit; byte_rate=32000; block_align=2; nonempty data; RIFF/data sizes and duration<=60s checked before POST
CHECK_BODY_WRITE=PASS; bounded loop writes until exact Content-Length; zero/negative progress and 30000ms body deadline are retryable; audio bytes are never logged
CHECK_RESPONSE=PASS; bounded NUL-terminated multi-read; truncation/oversize/read error rejected; JSON request_id and status required; 202 processing and 200 duplicate statuses classified
CHECK_ERROR_MATRIX=PASS; typed accepted/retryable/reconnect/credential/busy/request-conflict/recording/request/malformed/duplicate-terminal results; no blanket 4xx-to-INVALID_AUDIO mapping
CHECK_IDEMPOTENCY=PASS; one UUID and one WAV buffer retained across bounded retries; no new ID on retry
CHECK_TIMEOUT=PASS; TOTAL_PIPELINE_TIMEOUT_MS=300000; no active 90-second pipeline timeout
CHECK_UPLOAD_GATE=PASS; POST requires authenticated production WSS state
CHECK_ENDPOINT=PASS; HTTPS production upload and WSS production endpoint; no plaintext endpoint
CHECK_SECRET_LOGGING=PASS; device token is passed only to protocol header/auth payload; no token/password/SSID/audio content logging
CHECK_WAKEWORD=PASS; canonical WAV generator reviewed; no wakeword source change

PREBUILD_SOURCE_FINGERPRINT_COUNT=14244
PREBUILD_SOURCE_AGGREGATE_SHA256=085B3C8F97E3A0A5BC02753CB525F5584210BC3753F0AB06BFB4039311D006DA
PREBUILD_API_CPP_SIZE=68394
PREBUILD_API_CPP_MTIME=2026-08-14T15:25:30.4811082+07:00
PREBUILD_API_CPP_SHA256=8120872A986C10CD20A9F451F6F17FBE8FCA64D6CCCEC361DC5CF8DD07E04543
PREBUILD_API_H_SIZE=375
PREBUILD_API_H_MTIME=2026-08-13T15:43:41.1346206+07:00
PREBUILD_API_H_SHA256=6B5ACD403F6872901E9939D9F17FF2BF005830FCF6F73CE34F72108F243B9B9C
PREBUILD_WAKEWORD_CPP_SIZE=13069
PREBUILD_WAKEWORD_CPP_MTIME=2026-07-27T15:40:56.3176706+07:00
PREBUILD_WAKEWORD_CPP_SHA256=DDC62EBEEDCC7DA972C2D1321C2D68F635B1EDA3BA7C4BFB5F4DD26F18EBA439
PREBUILD_WAKEWORD_H_SIZE=332
PREBUILD_WAKEWORD_H_MTIME=2026-07-25T22:15:16.2150954+07:00
PREBUILD_WAKEWORD_H_SHA256=0BB1DAF7650361439273D47141A49ED48A3FF3667AF57B298B431D2ADCA2819A

PREBUILD_OLD_ALL_BMO_BIN_SIZE=1245120
PREBUILD_OLD_ALL_BMO_BIN_MTIME=2026-08-14T14:46:36.0498564+07:00
PREBUILD_OLD_ALL_BMO_BIN_SHA256=BD0FED12D169EBE5403854A32CA01DE8ED98FECB1A8477E2A86F33FECA0FBF07
PREBUILD_OLD_ALL_BMO_ELF_SIZE=12552136
PREBUILD_OLD_ALL_BMO_ELF_MTIME=2026-08-14T14:46:35.4396989+07:00
PREBUILD_OLD_ALL_BMO_ELF_SHA256=B7EAD67A816938F440484FCB919D801B44B82D84B1D52F3701787896CE3C1FFE

STATIC_REVIEW=PASS
BUILD_ALLOWED=YES; exactly one official ESP-IDF build remains; no Ninja/dry-run/incremental/CMake/fullclean
