Step 1 serial verification rerun (sanitized)
Captured: 2026-08-09 15:17 +07:00
Project: D:/BMO/all_bmo/esp
Board: ESP32-S3
Serial port: COM7 / USB-Enhanced-SERIAL CH343
Flash: not repeated; existing Step 1 artifact remained installed and previously verified at 0x00010000.

Boot/order evidence:
I (332) boot: Loaded app from partition at offset 0x10000
I (1136) app_init: Project name:     all_bmo
I (1787) WIFI: Connecting to WiFi SSID "[REDACTED_SSID]"...
I (1797) MAIN: Waiting for WiFi IP before API init...

Network evidence:
W (4207) WIFI: Disconnected from AP, reason=201 (NO_AP_FOUND). Retrying connection...
W (6627) WIFI: Disconnected from AP, reason=201 (NO_AP_FOUND). Retrying connection...
W (9057) WIFI: Disconnected from AP, reason=201 (NO_AP_FOUND). Retrying connection...
W (11477) WIFI: Disconnected from AP, reason=201 (NO_AP_FOUND). Retrying connection...
W (13897) WIFI: Disconnected from AP, reason=201 (NO_AP_FOUND). Retrying connection...
W (16317) WIFI: Disconnected from AP, reason=201 (NO_AP_FOUND). Retrying connection...
W (18747) WIFI: Disconnected from AP, reason=201 (NO_AP_FOUND). Retrying connection...
W (21167) WIFI: Disconnected from AP, reason=201 (NO_AP_FOUND). Retrying connection...
W (23587) WIFI: Disconnected from AP, reason=201 (NO_AP_FOUND). Retrying connection...
W (26007) WIFI: Disconnected from AP, reason=201 (NO_AP_FOUND). Retrying connection...

Acceptance result:
- Wi-Fi IP: NOT OBSERVED
- SNTP/time valid: NOT OBSERVED
- API init after valid time: NOT OBSERVED; API remained gated on Wi-Fi IP
- Production WSS connect: NOT OBSERVED
- ESP authenticate: NOT OBSERVED
- authenticated event: NOT OBSERVED
- backend state idle: NOT OBSERVED
- TLS/authentication error: NOT OBSERVED; TLS was not reached

Host WLAN scan after rerun: configured target SSID still not visible; only the host's other 2.4 GHz network was listed.
Result: READY_FOR_VERIFY; same external Wi-Fi AP blocker persists.
