--- Warning: GDB cannot open serial ports accessed as COMx
System.Management.Automation.RemoteException
--- Using \\.\COM7 instead...
System.Management.Automation.RemoteException
--- esp-idf-monitor 1.9.0 on \\.\COM7 115200
System.Management.Automation.RemoteException
--- Quit: Ctrl+] | Menu: Ctrl+T | Help: Ctrl+T followed by Ctrl+H
Executing action: monitor
Running idf_monitor in directory D:\BMO\all_bmo\esp
Executing "C:\Users\violenic\.espressif\python_env\idf6.0_py3.13_env\Scripts\python.exe C:\esp\v6.0.1\esp-idf\tools/idf_monitor.py -p COM7 -b 115200 --toolchain-prefix xtensa-esp32s3-elf- --target esp32s3 --revision 0 D:\BMO\all_bmo\esp\build\all_bmo.elf D:\BMO\all_bmo\esp\build\bootloader\bootloader.elf --force-color -m 'C:\Users\violenic\.espressif\python_env\idf6.0_py3.13_env\Scripts\python.exe' 'C:\esp\v6.0.1\esp-idf\tools\idf.py' '-p' 'COM7'"...
ESP-ROM:esp32s3-20210327

Build:Mar 27 2021

rst:0x1 (POWERON),boot:0x8 (SPI_FAST_FLASH_BOOT)

SPIWP:0xee

mode:DIO, clock div:1

load:0x3fce2820,len:0x14f0

load:0x403c8700,len:0xda0

--- 0x403c8700: _stext at ??:?
load:0x403cb700,len:0x2f58

entry 0x403c8908

--- 0x403c8908: call_start_cpu0 at C:/esp/v6.0.1/esp-idf/components/bootloader/subproject/main/bootloader_start.c:27
I (24) boot: ESP-IDF v6.0.1 2nd stage bootloader

I (25) boot: compile time Aug  9 2026 20:37:17

I (25) boot: Multicore bootloader

I (25) boot: chip revision: v0.2

I (28) boot: efuse block revision: v1.4

I (31) boot.esp32s3: Boot SPI Speed : 80MHz

I (35) boot.esp32s3: SPI Mode       : DIO

I (39) boot.esp32s3: SPI Flash Size : 8MB

I (43) boot: Enabling RNG early entropy source...

I (47) boot: Partition Table:

I (50) boot: ## Label            Usage          Type ST Offset   Length

I (56) boot:  0 nvs              WiFi data        01 02 00009000 00006000

I (63) boot:  1 phy_init         RF data          01 01 0000f000 00001000

I (69) boot:  2 factory          factory app      00 00 00010000 00200000

I (76) boot:  3 model            Unknown data     01 82 00210000 00400000

I (82) boot: End of partition table

I (85) esp_image: segment 0: paddr=00010020 vaddr=3c0e0020 size=3d224h (250404) map

I (138) esp_image: segment 1: paddr=0004d24c vaddr=3fc9b800 size=02dcch ( 11724) load

I (140) esp_image: segment 2: paddr=00050020 vaddr=42000020 size=d25c0h (861632) map

I (296) esp_image: segment 3: paddr=001225e8 vaddr=3fc9e5cc size=041a0h ( 16800) load

I (300) esp_image: segment 4: paddr=00126790 vaddr=40374000 size=17708h ( 96008) load

I (321) esp_image: segment 5: paddr=0013dea0 vaddr=50000000 size=00024h (    36) load

I (332) boot: Loaded app from partition at offset 0x10000

I (332) boot: Disabling RNG early entropy source...

I (342) octal_psram: vendor id    : 0x0d (AP)

I (342) octal_psram: dev id       : 0x02 (generation 3)

I (342) octal_psram: density      : 0x03 (64 Mbit)

I (344) octal_psram: good-die     : 0x01 (Pass)

I (349) octal_psram: Latency      : 0x01 (Fixed)

I (353) octal_psram: VCC          : 0x01 (3V)

I (357) octal_psram: SRF          : 0x01 (Fast Refresh)

I (362) octal_psram: BurstType    : 0x01 (Hybrid Wrap)

I (367) octal_psram: BurstLen     : 0x01 (32 Byte)

I (371) octal_psram: Readlatency  : 0x02 (10 cycles@Fixed)

I (377) octal_psram: DriveStrength: 0x00 (1/1)

I (381) esp_psram: Found 8MB PSRAM device

I (385) esp_psram: Speed: 40MHz

I (388) cpu_start: Multicore app

I (1121) esp_psram: SPI SRAM memory test OK

I (1130) cpu_start: GPIO 44 and 43 are used as console UART I/O pins

I (1130) cpu_start: Pro cpu start user code

I (1130) cpu_start: cpu freq: 160000000 Hz

I (1132) app_init: Application information:

I (1136) app_init: Project name:     all_bmo

I (1140) app_init: App version:      c02dea1-dirty

I (1145) app_init: Compile time:     Aug  9 2026 20:34:30

I (1150) app_init: ELF file SHA256:  3db60b611...

I (1154) app_init: ESP-IDF:          v6.0.1

I (1158) efuse_init: Min chip rev:     v0.0

I (1162) efuse_init: Max chip rev:     v0.99 

I (1166) efuse_init: Chip rev:         v0.2

I (1170) heap_init: Initializing. RAM available for dynamic allocation:

I (1176) heap_init: At 3FCA6D40 len 000429D0 (266 KiB): RAM

I (1182) heap_init: At 3FCE9710 len 00005724 (21 KiB): RAM

I (1187) heap_init: At 3FCF0000 len 00008000 (32 KiB): DRAM

I (1192) heap_init: At 600FE000 len 00001FE8 (7 KiB): RTCRAM

I (1198) esp_psram: Adding pool of 8192K of PSRAM memory to heap allocator

I (1205) spi_flash: detected chip: boya

I (1208) spi_flash: flash io: dio

W (1211) spi_flash: Detected size(16384k) larger than the size in the binary image header(8192k). Using the size in the binary image header.

I (1224) sleep_gpio: Configure to isolate all GPIO pins in sleep state

I (1230) sleep_gpio: Enable automatic switching of GPIO sleep configuration

I (1237) main_task: Started on CPU0

I (1257) esp_psram: Reserving pool of 32K of internal memory for DMA/internal allocations

I (1257) main_task: Calling app_main()

I (1257) DISPLAY: Initialize ILI9341 landscape

I (1267) ili9341: LCD panel create success, version: 2.0.2

I (1387) DISPLAY: ILI9341 Ready

I (1617) DISPLAY: Display sleep screen

I (1617) AUDIO: MAX98357A ready: BCLK=1 WS=2 DIN=42 volume=8

I (1617) BUTTON: Input ready: touch=14 vol_up=15 vol_down=16

I (1637) pp: pp rom version: e7ae62f

I (1637) net80211: net80211 rom version: e7ae62f

I (1647) wifi:wifi driver task: 3fcb888c, prio:23, stack:6656, core=0

I (1657) wifi:wifi firmware version: b37c951

I (1657) wifi:wifi certification version: v7.0

I (1657) wifi:config NVS flash: enabled

I (1657) wifi:config nano formatting: disabled

I (1657) wifi:Init data frame dynamic rx buffer num: 32

I (1667) wifi:Init static rx mgmt buffer num: 5

I (1667) wifi:Init management short buffer num: 32

I (1677) wifi:Init dynamic tx buffer num: 32

I (1677) wifi:Init static tx FG buffer num: 2

I (1677) wifi:Init static rx buffer size: 1600

I (1687) wifi:Init static rx buffer num: 10

I (1687) wifi:Init dynamic rx buffer num: 32

I (1697) wifi_init: rx ba win: 6

I (1697) wifi_init: accept mbox: 6

I (1697) wifi_init: tcpip mbox: 32

I (1697) wifi_init: udp mbox: 6

I (1707) wifi_init: tcp mbox: 6

I (1707) wifi_init: tcp tx win: 5760

I (1707) wifi_init: tcp rx win: 5760

I (1717) wifi_init: tcp mss: 1440

I (1717) wifi_init: WiFi IRAM OP enabled

I (1717) wifi_init: WiFi RX IRAM OP enabled

I (1727) WIFI: WiFi config prepared: ssid=[REDACTED], ssid_len=10, password_len=[REDACTED] auth_threshold=WPA2_PSK

I (1737) WIFI: WiFi STA config applied

I (1737) phy_init: phy_version 711,97bcf0a2,Aug 25 2025,19:04:10

I (1787) wifi:mode : sta (28:84:85:51:dc:38)

I (1787) wifi:enable tsf

I (1787) WIFI: WiFi initialization complete. Waiting for STA_START event...

I (1787) WIFI: Connecting to WiFi SSID "ARMEY L1-A"...

I (1797) MAIN: Waiting for WiFi IP before API init...

I (1797) STATE: State machine orchestrator task started

I (1807) MODEL_LOADER: The storage free size is 23424 KB

I (1807) MODEL_LOADER: The partition size is 4096 KB

I (1817) MODEL_LOADER: Successfully load srmodels

I (1817) WAKE: WakeNet model: wn9_hijoy_tts

I (1817) WAKE: Wake words: Hi,Joy

MC Quantized wakenet9: wakenet9l_tts1h8_Hi,Joy_3_0.631_0.633, tigger:v4, mode:0, p:0, (May 25 2026 15:51:00)

I (1887) WAKE: WakeNet sample_rate=16000 chunk=512 channels=1

W (1897) i2s_platform: i2s controller 0 has been occupied by i2s_driver

I (1907) WAKE: I2S mic ready: BCLK=5 WS=4 DIN=6 rate=16000

I (1907) WAKE: Wakeword initialized

I (1907) WAKE: Listening for Hi Joy

W (4207) WIFI: Disconnected from AP, reason=201 (NO_AP_FOUND). Retrying connection...

W (4207) WIFI: No AP found for SSID "[REDACTED]". Check SSID, 2.4 GHz visibility, range, or hidden AP settings.

I (5117) WAKE: Mic peak: 135

W (6627) WIFI: Disconnected from AP, reason=201 (NO_AP_FOUND). Retrying connection...

W (6627) WIFI: No AP found for SSID "[REDACTED]". Check SSID, 2.4 GHz visibility, range, or hidden AP settings.

I (8307) WAKE: Mic peak: 100

W (9057) WIFI: Disconnected from AP, reason=201 (NO_AP_FOUND). Retrying connection...

W (9057) WIFI: No AP found for SSID "[REDACTED]". Check SSID, 2.4 GHz visibility, range, or hidden AP settings.

W (11477) WIFI: Disconnected from AP, reason=201 (NO_AP_FOUND). Retrying connection...

W (11477) WIFI: No AP found for SSID "[REDACTED]". Check SSID, 2.4 GHz visibility, range, or hidden AP settings.

I (11507) WAKE: Mic peak: 131

W (13897) WIFI: Disconnected from AP, reason=201 (NO_AP_FOUND). Retrying connection...

W (13897) WIFI: No AP found for SSID "[REDACTED]". Check SSID, 2.4 GHz visibility, range, or hidden AP settings.

I (14717) WAKE: Mic peak: 217

W (16327) WIFI: Disconnected from AP, reason=201 (NO_AP_FOUND). Retrying connection...

W (16327) WIFI: No AP found for SSID "[REDACTED]". Check SSID, 2.4 GHz visibility, range, or hidden AP settings.

I (17907) WAKE: Mic peak: 102

W (18747) WIFI: Disconnected from AP, reason=201 (NO_AP_FOUND). Retrying connection...

W (18747) WIFI: No AP found for SSID "[REDACTED]". Check SSID, 2.4 GHz visibility, range, or hidden AP settings.

I (21107) WAKE: Mic peak: 109

W (21177) WIFI: Disconnected from AP, reason=201 (NO_AP_FOUND). Retrying connection...

W (21177) WIFI: No AP found for SSID "[REDACTED]". Check SSID, 2.4 GHz visibility, range, or hidden AP settings.

W (23597) WIFI: Disconnected from AP, reason=201 (NO_AP_FOUND). Retrying connection...

W (23597) WIFI: No AP found for SSID "[REDACTED]". Check SSID, 2.4 GHz visibility, range, or hidden AP settings.

I (24317) WAKE: Mic peak: 87

W (26017) WIFI: Disconnected from AP, reason=201 (NO_AP_FOUND). Retrying connection...

W (26017) WIFI: No AP found for SSID "[REDACTED]". Check SSID, 2.4 GHz visibility, range, or hidden AP settings.

I (27507) WAKE: Mic peak: 203

W (28447) WIFI: Disconnected from AP, reason=201 (NO_AP_FOUND). Retrying connection...

W (28447) WIFI: No AP found for SSID "[REDACTED]". Check SSID, 2.4 GHz visibility, range, or hidden AP settings.

I (30707) WAKE: Mic peak: 201

W (30867) WIFI: Disconnected from AP, reason=201 (NO_AP_FOUND). Retrying connection...

W (30867) WIFI: No AP found for SSID "[REDACTED]". Check SSID, 2.4 GHz visibility, range, or hidden AP settings.

W (33287) WIFI: Disconnected from AP, reason=201 (NO_AP_FOUND). Retrying connection...

W (33297) WIFI: No AP found for SSID "[REDACTED]". Check SSID, 2.4 GHz visibility, range, or hidden AP settings.

I (33917) WAKE: Mic peak: 190

W (35717) WIFI: Disconnected from AP, reason=201 (NO_AP_FOUND). Retrying connection...

W (35717) WIFI: No AP found for SSID "[REDACTED]". Check SSID, 2.4 GHz visibility, range, or hidden AP settings.

I (37107) WAKE: Mic peak: 189

W (38137) WIFI: Disconnected from AP, reason=201 (NO_AP_FOUND). Retrying connection...

W (38137) WIFI: No AP found for SSID "[REDACTED]". Check SSID, 2.4 GHz visibility, range, or hidden AP settings.

I (40307) WAKE: Mic peak: 316

W (40567) WIFI: Disconnected from AP, reason=201 (NO_AP_FOUND). Retrying connection...

W (40567) WIFI: No AP found for SSID "[REDACTED]". Check SSID, 2.4 GHz visibility, range, or hidden AP settings.

W (42987) WIFI: Disconnected from AP, reason=201 (NO_AP_FOUND). Retrying connection...

W (42987) WIFI: No AP found for SSID "[REDACTED]". Check SSID, 2.4 GHz visibility, range, or hidden AP settings.

I (43517) WAKE: Mic peak: 270

W (45407) WIFI: Disconnected from AP, reason=201 (NO_AP_FOUND). Retrying connection...

W (45407) WIFI: No AP found for SSID "[REDACTED]". Check SSID, 2.4 GHz visibility, range, or hidden AP settings.

I (46707) WAKE: Mic peak: 206

W (47837) WIFI: Disconnected from AP, reason=201 (NO_AP_FOUND). Retrying connection...

W (47837) WIFI: No AP found for SSID "[REDACTED]". Check SSID, 2.4 GHz visibility, range, or hidden AP settings.

I (49907) WAKE: Mic peak: 211

W (50257) WIFI: Disconnected from AP, reason=201 (NO_AP_FOUND). Retrying connection...

W (50257) WIFI: No AP found for SSID "[REDACTED]". Check SSID, 2.4 GHz visibility, range, or hidden AP settings.

W (52677) WIFI: Disconnected from AP, reason=201 (NO_AP_FOUND). Retrying connection...

W (52677) WIFI: No AP found for SSID "[REDACTED]". Check SSID, 2.4 GHz visibility, range, or hidden AP settings.

I (53117) WAKE: Mic peak: 226

W (55107) WIFI: Disconnected from AP, reason=201 (NO_AP_FOUND). Retrying connection...

W (55107) WIFI: No AP found for SSID "[REDACTED]". Check SSID, 2.4 GHz visibility, range, or hidden AP settings.

I (56307) WAKE: Mic peak: 332

W (57527) WIFI: Disconnected from AP, reason=201 (NO_AP_FOUND). Retrying connection...

W (57527) WIFI: No AP found for SSID "[REDACTED]". Check SSID, 2.4 GHz visibility, range, or hidden AP settings.

I (59507) WAKE: Mic peak: 256

W (59957) WIFI: Disconnected from AP, reason=201 (NO_AP_FOUND). Retrying connection...

W (59957) WIFI: No AP found for SSID "[REDACTED]". Check SSID, 2.4 GHz visibility, range, or hidden AP settings.

W (62377) WIFI: Disconnected from AP, reason=201 (NO_AP_FOUND). Retrying connection...

W (62377) WIFI: No AP found for SSID "[REDACTED]". Check SSID, 2.4 GHz visibility, range, or hidden AP settings.

I (62717) WAKE: Mic peak: 348

W (64797) WIFI: Disconnected from AP, reason=201 (NO_AP_FOUND). Retrying connection...

W (64797) WIFI: No AP found for SSID "[REDACTED]". Check SSID, 2.4 GHz visibility, range, or hidden AP settings.

I (65907) WAKE: Mic peak: 336

W (67227) WIFI: Disconnected from AP, reason=201 (NO_AP_FOUND). Retrying connection...

W (67227) WIFI: No AP found for SSID "[REDACTED]". Check SSID, 2.4 GHz visibility, range, or hidden AP settings.

I (69107) WAKE: Mic peak: 191

W (69647) WIFI: Disconnected from AP, reason=201 (NO_AP_FOUND). Retrying connection...

W (69647) WIFI: No AP found for SSID "[REDACTED]". Check SSID, 2.4 GHz visibility, range, or hidden AP settings.

W (72067) WIFI: Disconnected from AP, reason=201 (NO_AP_FOUND). Retrying connection...

W (72067) WIFI: No AP found for SSID "[REDACTED]". Check SSID, 2.4 GHz visibility, range, or hidden AP settings.

I (72317) WAKE: Mic peak: 234

W (74497) WIFI: Disconnected from AP, reason=201 (NO_AP_FOUND). Retrying connection...

W (74497) WIFI: No AP found for SSID "[REDACTED]". Check SSID, 2.4 GHz visibility, range, or hidden AP settings.

I (75507) WAKE: Mic peak: 279

W (76917) WIFI: Disconnected from AP, reason=201 (NO_AP_FOUND). Retrying connection...

W (76917) WIFI: No AP found for SSID "[REDACTED]". Check SSID, 2.4 GHz visibility, range, or hidden AP settings.

I (78707) WAKE: Mic peak: 243

W (79347) WIFI: Disconnected from AP, reason=201 (NO_AP_FOUND). Retrying connection...

W (79347) WIFI: No AP found for SSID "[REDACTED]". Check SSID, 2.4 GHz visibility, range, or hidden AP settings.

W (81767) WIFI: Disconnected from AP, reason=201 (NO_AP_FOUND). Retrying connection...

W (81767) WIFI: No AP found for SSID "[REDACTED]". Check SSID, 2.4 GHz visibility, range, or hidden AP settings.

I (81917) WAKE: Mic peak: 150

W (84187) WIFI: Disconnected from AP, reason=201 (NO_AP_FOUND). Retrying connection...

W (84187) WIFI: No AP found for SSID "[REDACTED]". Check SSID, 2.4 GHz visibility, range, or hidden AP settings.

I (85107) WAKE: Mic peak: 193

W (86617) WIFI: Disconnected from AP, reason=201 (NO_AP_FOUND). Retrying connection...

W (86617) WIFI: No AP found for SSID "[REDACTED]". Check SSID, 2.4 GHz visibility, range, or hidden AP settings.

I (88307) WAKE: Mic peak: 287

W (89037) WIFI: Disconnected from AP, reason=201 (NO_AP_FOUND). Retrying connection...

W (89037) WIFI: No AP found for SSID "[REDACTED]". Check SSID, 2.4 GHz visibility, range, or hidden AP settings.

W (91457) WIFI: Disconnected from AP, reason=201 (NO_AP_FOUND). Retrying connection...

W (91457) WIFI: No AP found for SSID "[REDACTED]". Check SSID, 2.4 GHz visibility, range, or hidden AP settings.

I (91517) WAKE: Mic peak: 224

W (93887) WIFI: Disconnected from AP, reason=201 (NO_AP_FOUND). Retrying connection...

W (93887) WIFI: No AP found for SSID "[REDACTED]". Check SSID, 2.4 GHz visibility, range, or hidden AP settings.

I (94707) WAKE: Mic peak: 421

W (96307) WIFI: Disconnected from AP, reason=201 (NO_AP_FOUND). Retrying connection...

W (96307) WIFI: No AP found for SSID "[REDACTED]". Check SSID, 2.4 GHz visibility, range, or hidden AP settings.

I (97907) WAKE: Mic peak: 188

W (98737) WIFI: Disconnected from AP, reason=201 (NO_AP_FOUND). Retrying connection...

W (98737) WIFI: No AP found for SSID "[REDACTED]". Check SSID, 2.4 GHz visibility, range, or hidden AP settings.

I (101117) WAKE: Mic peak: 161

W (101157) WIFI: Disconnected from AP, reason=201 (NO_AP_FOUND). Retrying connection...

W (101157) WIFI: No AP found for SSID "[REDACTED]". Check SSID, 2.4 GHz visibility, range, or hidden AP settings.

W (103577) WIFI: Disconnected from AP, reason=201 (NO_AP_FOUND). Retrying connection...

W (103577) WIFI: No AP found for SSID "[REDACTED]". Check SSID, 2.4 GHz visibility, range, or hidden AP settings.

I (104307) WAKE: Mic peak: 244

W (106007) WIFI: Disconnected from AP, reason=201 (NO_AP_FOUND). Retrying connection...

W (106007) WIFI: No AP found for SSID "[REDACTED]". Check SSID, 2.4 GHz visibility, range, or hidden AP settings.

