# Controlled local-only recording lifecycle retest — sanitized
# Date: 2026-08-18

SCOPE=LOCAL_OFFLINE_RECORDING_LIFECYCLE_ONLY
NETWORK_WAIT=NO
BACKEND_PROBE=NO
SOURCE_BUILD_FLASH_WIFI_ROUTER_CREDENTIAL_BACKEND_CHANGE=NO

ARTIFACT_BIN_SIZE=1253952
ARTIFACT_BIN_SHA256=EE19260C30DC567A73CE03B3B4E86708C8E24C156DA630FABC6CEBE6271AA452
ARTIFACT_ELF_SIZE=12599916
ARTIFACT_ELF_SHA256=12E05D55F3C71CEFBE17FB2C9CF69893A53DA39D2D9F056CEEDD73D55407A74F

SERIAL_PORT=COM7
BOARD=ESP32-S3
MONITOR_ACTIVE=YES
MIC_READY=YES
WAKENET_LISTENING=YES

# Network remained unavailable during the local-only capture; this was not used
# as a prerequisite and no network/backend transaction was attempted.
NETWORK_STATUS=NO_AP_FOUND
IP=NOT_REQUIRED_FOR_THIS_TEST
WSS=NOT_AUTHENTICATED

# Sanitized runtime evidence. Raw audio, SSID, password, tokens, and MAC values
# are intentionally omitted.
WAKE_MARKER=Wake detected, starting recording
RECORDING_STARTED=YES
RECORDING_PROGRESS=context=i2s_timeout; elapsed_ms=1020..59160; samples=0; silence_ms=0
RECORDING_TERMINAL=FAILED
RECORDING_FAILURE_REASON=max_duration
WAV_HEADER_OR_FINALIZATION=NOT_OBSERVED
LOCAL_WAV_VALIDATION=NOT_OBSERVED
HTTP_REQUEST=NONE_OBSERVED
REQUEST_ID=NONE_OBSERVED
UPLOAD_BYTES=NONE_OBSERVED
BACKEND_TRANSACTION=NONE_OBSERVED
UPLOAD_GATING=Recording not uploadable; upload skipped
SAFE_STATE=State changed to 0

# Result classification
BOUNDED_WATCHDOG_BEHAVIOR=PASS
SAFE_ABORT_BEHAVIOR=PASS
CORRECTIVE_RECORDING_LIFECYCLE=PASS_LOCAL_OFFLINE (bounded terminal/safe-state behavior only)
LOCAL_WAV_ACCEPTANCE=NOT_GRANTED (valid samples/WAV validation were not obtained; I2S_TIMEOUT_ZERO_SAMPLES)
HISTORICAL_RECORDING_NOT_COMPLETING=CLOSED_FOR_LOCAL_LIFECYCLE (bounded completion proven; no hang reproduced)
GATE4=PENDING / DEFERRED_NETWORK_DEPENDENT_E2E
PLAYBACK=NOT_TESTED

LOG_SOURCE=serial-gate4-local-offline-2026-08-18-sanitized.log
SANITIZATION=PASS; no credential or raw audio content retained
