ESP-ROM:esp32s3-20210327
Build:Mar 27 2021
rst:0x1 (POWERON),boot:0x8 (SPI_FAST_FLASH_BOOT)
SPIWP:0xee
mode:DIO, clock div:1
load:0x3fce2820,len:0x14f0
load:0x403c8700,len:0xda0
load:0x403cb700,len:0x2f58
entry 0x403c8908
I (24) boot: ESP-IDF v6.0.1 2nd stage bootloader
I (25) boot: compile time Aug 13 2026 19:08:05
I (25) boot: Multicore bootloader
I (25) boot: chip revision: v0.2
I (28) boot: efuse block revision: v1.4
I (31) boot.esp32s3: Boot SPI Speed : 80MHz
I (35) boot.esp32s3: SPI Mode       : DIO
I (39) boot.esp32s3: SPI Flash Size : 8MB
I (43) boot: Enabling RNG early entropy source...
I (47) boot: Partition Table:
I (50) boot: ## Label            Usage          Type ST Offset   Length
I (56) boot:  0 nvs              WiFi data        01 02 00009000 00006000
I (63) boot:  1 phy_init         RF data          01 01 0000f000 00001000
I (69) boot:  2 factory          factory app      00 00 00010000 00200000
I (76) boot:  3 model            Unknown data     01 82 00210000 00400000
I (82) boot: End of partition table
I (85) esp_image: segment 0: paddr=00010020 vaddr=3c0e0020 size=3deb4h (253620) map
I (138) esp_image: segment 1: paddr=0004dedc vaddr=3fc9b800 size=0213ch (  8508) load
I (140) esp_image: segment 2: paddr=00050020 vaddr=42000020 size=d3840h (866368) map
I (298) esp_image: segment 3: paddr=00123868 vaddr=3fc9d93c size=04e40h ( 20032) load
I (302) esp_image: segment 4: paddr=001286b0 vaddr=40374000 size=17708h ( 96008) load
I (323) esp_image: segment 5: paddr=0013fdc0 vaddr=50000000 size=00024h (    36) load
I (334) boot: Loaded app from partition at offset 0x10000
I (334) boot: Disabling RNG early entropy source...
I (344) octal_psram: vendor id    : 0x0d (AP)
I (344) octal_psram: dev id       : 0x02 (generation 3)
I (345) octal_psram: density      : 0x03 (64 Mbit)
I (347) octal_psram: good-die     : 0x01 (Pass)
I (351) octal_psram: Latency      : 0x01 (Fixed)
I (355) octal_psram: VCC          : 0x01 (3V)
I (359) octal_psram: SRF          : 0x01 (Fast Refresh)
I (364) octal_psram: BurstType    : 0x01 (Hybrid Wrap)
I (369) octal_psram: BurstLen     : 0x01 (32 Byte)
I (374) octal_psram: Readlatency  : 0x02 (10 cycles@Fixed)
I (379) octal_psram: DriveStrength: 0x00 (1/1)
I (383) esp_psram: Found 8MB PSRAM device
I (387) esp_psram: Speed: 40MHz
I (390) cpu_start: Multicore app
I (1123) esp_psram: SPI SRAM memory test OK
I (1132) cpu_start: GPIO 44 and 43 are used as console UART I/O pins
I (1132) cpu_start: Pro cpu start user code
I (1133) cpu_start: cpu freq: 160000000 Hz
I (1134) app_init: Application information:
I (1138) app_init: Project name:     all_bmo
I (1142) app_init: App version:      c02dea1-dirty
I (1147) app_init: Compile time:     Aug 14 2026 13:58:44
I (1152) app_init: ELF file SHA256:  c2cf7b6f4...
I (1156) app_init: ESP-IDF:          v6.0.1
I (1160) efuse_init: Min chip rev:     v0.0
I (1164) efuse_init: Max chip rev:     v0.99 
I (1168) efuse_init: Chip rev:         v0.2
I (1172) heap_init: Initializing. RAM available for dynamic allocation:
I (1178) heap_init: At 3FCA6DE0 len 00042930 (266 KiB): RAM
I (1184) heap_init: At 3FCE9710 len 00005724 (21 KiB): RAM
I (1189) heap_init: At 3FCF0000 len 00008000 (32 KiB): DRAM
I (1194) heap_init: At 600FE000 len 00001FE8 (7 KiB): RTCRAM
I (1200) esp_psram: Adding pool of 8192K of PSRAM memory to heap allocator
I (1207) spi_flash: detected chip: boya
I (1210) spi_flash: flash io: dio
W (1213) spi_flash: Detected size(16384k) larger than the size in the binary image header(8192k). Using the size in the binary image header.
I (1226) sleep_gpio: Configure to isolate all GPIO pins in sleep state
I (1232) sleep_gpio: Enable automatic switching of GPIO sleep configuration
I (1239) main_task: Started on CPU0
I (1259) esp_psram: Reserving pool of 32K of internal memory for DMA/internal allocations
I (1259) main_task: Calling app_main()
I (1259) DISPLAY: Initialize ILI9341 landscape
I (1269) ili9341: LCD panel create success, version: 2.0.2
I (1389) DISPLAY: ILI9341 Ready
I (1619) DISPLAY: Display sleep screen
I (1619) AUDIO: MAX98357A ready: BCLK=1 WS=2 DIN=42 volume=8
I (1619) BUTTON: Input ready: touch=14 vol_up=15 vol_down=16
I (1639) WIFI: SNTP init return_code=ESP_OK(0)
I (1639) pp: pp rom version: e7ae62f
I (1639) net80211: net80211 rom version: e7ae62f
I (1649) wifi:wifi driver task: 3fcb88a8, prio:23, stack:6656, core=0
I (1659) wifi:wifi firmware version: b37c951
I (1659) wifi:wifi certification version: v7.0
I (1659) wifi:config NVS flash: enabled
I (1659) wifi:config nano formatting: disabled
I (1659) wifi:Init data frame dynamic rx buffer num: 32
I (1669) wifi:Init static rx mgmt buffer num: 5
I (1669) wifi:Init management short buffer num: 32
I (1679) wifi:Init dynamic tx buffer num: 32
I (1679) wifi:Init static tx FG buffer num: 2
I (1679) wifi:Init static rx buffer size: 1600
I (1689) wifi:Init static rx buffer num: 10
I (1689) wifi:Init dynamic rx buffer num: 32
I (1699) wifi_init: rx ba win: 6
I (1699) wifi_init: accept mbox: 6
I (1699) wifi_init: tcpip mbox: 32
I (1709) wifi_init: udp mbox: 6
I (1709) wifi_init: tcp mbox: 6
I (1709) wifi_init: tcp tx win: 5760
I (1719) wifi_init: tcp rx win: 5760
I (1719) wifi_init: tcp mss: 1440
I (1719) wifi_init: WiFi IRAM OP enabled
I (1729) wifi_init: WiFi RX IRAM OP enabled
I (1729) WIFI: SNTP event handler register return_code=ESP_OK(0)
I (1729) WIFI: WiFi config prepared: ssid=[REDACTED]
I (1749) WIFI: WiFi STA config applied
I (1749) phy_init: phy_version 711,97bcf0a2,Aug 25 2025,19:04:10
I (1799) wifi:mode : sta (28:84:85:51:dc:38)
I (1799) wifi:enable tsf
I (1799) WIFI: WiFi initialization complete. Waiting for STA_START event...
I (1799) WIFI: Connecting to WiFi SSID "[REDACTED]"...
I (1799) MAIN: Waiting for WiFi IP before API init...
I (1809) STATE: State machine orchestrator task started
I (1809) wifi:new:<11,0>, old:<1,0>, ap:<255,255>, sta:<11,0>, prof:1, snd_ch_cfg:0x0
I (1819) wifi:state: init -> auth (0xb0)
I (1809) MODEL_LOADER: The storage free size is 23424 KB
I (1829) wifi:state: auth -> assoc (0x0)
I (1829) MODEL_LOADER: The partition size is 4096 KB
I (1839) MODEL_LOADER: Successfully load srmodels
I (1839) wifi:state: assoc -> run (0x10)
I (1849) WAKE: WakeNet model: wn9_hijoy_tts
I (1849) WAKE: Wake words: Hi,Joy
I (1869) wifi:connected with [REDACTED], aid = 7, channel 11, BW20, bssid = [REDACTED]
I (1869) wifi:security: WPA2-PSK, phy: bgn, rssi: -55, cipher(pairwise:0x3, group:0x3), pmf:0
I (1879) wifi:pm start, type: 1

I (1879) wifi:dp: 1, bi: 102400, li: 3, scale listen interval from 307200 us to 307200 us
I (1889) wifi:set rx beacon pti, rx_bcn_pti: 0, bcn_timeout: 25000, mt_pti: 0, mt_time: 10000
I (1899) WIFI: Connected to AP [REDACTED]
I (1919) wifi:<ba-add>idx:0 (ifx:0, dc:2c:6e:18:80:05), tid:0, ssn:3, winSize:64
I (1939) wifi:AP's beacon interval = 102400 us, DTIM period = 1
MC Quantized wakenet9: wakenet9l_tts1h8_Hi,Joy_3_0.631_0.633, tigger:v4, mode:0, p:0, (May 25 2026 15:51:00)
I (1969) WAKE: WakeNet sample_rate=16000 chunk=512 channels=1
W (1969) i2s_platform: i2s controller 0 has been occupied by i2s_driver
I (1979) WAKE: I2S mic ready: BCLK=5 WS=4 DIN=6 rate=16000
I (1979) WAKE: Wakeword initialized
I (1979) WAKE: Listening for Hi Joy
I (2919) esp_netif_handlers: sta ip: 192.168.10.40, mask: 255.255.255.0, gw: 192.168.10.1
I (2919) WIFI: SNTP start requested after IP acquisition
I (2919) MAIN: WiFi got IP. Waiting for valid SNTP time before API init...
I (2919) NETWORK: NETWORK_TIME_SYNCED_BIT cleared before=0x3 after=0x3
I (2919) MAIN: API readiness wait begin: required_bit=NETWORK_TIME_SYNCED_BIT timeout_ms=30000
I (2929) WIFI: SNTP start return_code=ESP_OK(0)
I (2939) WIFI: SNTP worker create return=pdPASS handle_available=1
I (2939) WIFI: SNTP worker started: handle_available=1
I (2949) WIFI: Got IP: 192.168.10.40
I (2949) WIFI: SNTP sync wait begin: timeout_ms=30000
I (5189) WAKE: Mic peak: 114
I (8379) WAKE: Mic peak: 50
I (11579) WAKE: Mic peak: 60
I (14789) WAKE: Mic peak: 172
I (14839) WIFI: SNTP sync callback invoked: event_data=available epoch_sec=1786692427
I (14839) WIFI: SNTP sync wait end: return_code=ESP_OK(0)
I (14839) WIFI: SNTP time-sync event received: event_data=available epoch_sec=1786692427
I (14839) NETWORK: NETWORK_TIME_SYNCED_BIT set before=0x3 after=0xb
I (14839) MAIN: API readiness wait end: bits=0xb time_synced=1
I (14849) WIFI: SNTP time is valid; TLS connections may start; readiness_bit=1
I (14859) MAIN: WiFi and SNTP are ready. API init started.
I (14869) API: API init started
I (14869) API: WS lifecycle seq=1 event=start_call_before source=api_init now_ms=0 delta_ms=0 event_data_unavailable lifecycle_state=stopped ws_client_started=0 ws_connected=0 ws_authenticated=0
I (14889) API: WS lifecycle seq=2 event=event_begin source=websocket_event now_ms=20 delta_ms=20 event_data_available lifecycle_state=started ws_client_started=1 ws_connected=0 ws_authenticated=0
I (14889) websocket_client: Started
I (14909) API: WebSocket started
I (14909) API: WS lifecycle seq=3 event=start_call_after source=api_init now_ms=40 delta_ms=20 event_data_unavailable lifecycle_state=started ws_client_started=1 ws_connected=0 ws_authenticated=0
I (14929) API: WS lifecycle operation=start source=api_init return_code=ESP_OK(0)
I (17979) WAKE: Mic peak: 54
I (21179) WAKE: Mic peak: 61
I (24789) esp-x509-crt-bundle: Certificate validated
W (25879) API: WS diagnostics phase=connected_before_mark now_ms=24640 since_disconnect_ms=0 error_type=none(0) close_status=0 handshake_status=0 transport_errno=-2113073459 tls_err=0 tls_stack=1070397868 tls_flags=1070389216 ws_connected=0 ws_authenticated=0
I (25889) API: WebSocket connected, authenticating...
I (25889) API: WS lifecycle seq=4 event=event_connected source=websocket_event now_ms=11020 delta_ms=10980 event_data_available lifecycle_state=connected ws_client_started=1 ws_connected=1 ws_authenticated=0
I (25909) API: Sending authenticate to WS...
I (25919) API: WS task stack high-water mark at connected: 4328 bytes
W (25919) API: WS diagnostics phase=connected_after_mark now_ms=24680 since_disconnect_ms=0 error_type=none(0) close_status=0 handshake_status=0 transport_errno=-2113073459 tls_err=0 tls_stack=1070397868 tls_flags=1070389216 ws_connected=1 ws_authenticated=0
I (26049) API: Received WS event: authenticated
I (26049) API: WS authenticated successfully. Backend state: idle
I (26049) API: WS task stack high-water mark at authenticated: 4328 bytes
I (27879) WAKE: Mic peak: 94
I (31079) WAKE: Mic peak: 92
I (34269) WAKE: Mic peak: 65
I (37479) WAKE: Mic peak: 59
I (40679) WAKE: Mic peak: 79
I (43869) WAKE: Mic peak: 53
I (47079) WAKE: Mic peak: 278
I (50279) WAKE: Mic peak: 296
I (53469) WAKE: Mic peak: 140
I (56679) WAKE: Mic peak: 56
I (59879) WAKE: Mic peak: 91

