Step 5 WiFi revision serial capture (sanitized)
Credential values are redacted and are not recorded.
[0;33m--- Warning: GDB cannot open serial ports accessed as COMx[0m
[0;33m--- Using \\.\COM7 instead...[0m
[0;33m--- esp-idf-monitor 1.9.0 on \\.\COM7 115200[0m
[0;33m--- Quit: Ctrl+] | Menu: Ctrl+T | Help: Ctrl+T followed by Ctrl+H[0m
ESP-ROM:esp32s3-20210327
Build:Mar 27 2021
rst:0x1 (POWERON),boot:0x8 (SPI_FAST_FLASH_BOOT)
SPIWP:0xee
mode:DIO, clock div:1
load:0x3fce2820,len:0x14f0
load:0x403c8700,len:0xda0
load:0x403cb700,len:0x2f58
[1;31mxtensa-esp32s3-elf-addr2line -fiaC -e D:\BMO\all_bmo\esp\build\bootloader\bootloader.elf 0x403c8700: [WinError 2] The system cannot find the file specified[0m
[1;31mxtensa-esp32s3-elf-addr2line -fiaC -e D:\BMO\all_bmo\esp\build\bootloader\bootloader.elf 0x403cb700: [WinError 2] The system cannot find the file specified[0m
entry 0x403c8908
[1;31mxtensa-esp32s3-elf-addr2line -fiaC -e D:\BMO\all_bmo\esp\build\bootloader\bootloader.elf 0x403c8908: [WinError 2] The system cannot find the file specified[0m
[0;32mI (24) boot: ESP-IDF v6.0.1 2nd stage bootloader[0m
[0;32mI (25) boot: compile time Aug 13 2026 19:08:05[0m
[0;32mI (25) boot: Multicore bootloader[0m
[0;32mI (25) boot: chip revision: v0.2[0m
[0;32mI (28) boot: efuse block revision: v1.4[0m
[0;32mI (31) boot.esp32s3: Boot SPI Speed : 80MHz[0m
[0;32mI (35) boot.esp32s3: SPI Mode       : DIO[0m
[0;32mI (39) boot.esp32s3: SPI Flash Size : 8MB[0m
[0;32mI (43) boot: Enabling RNG early entropy source...[0m
[0;32mI (47) boot: Partition Table:[0m
[0;32mI (50) boot: ## Label            Usage          Type ST Offset   Length[0m
[0;32mI (56) boot:  0 nvs              WiFi data        01 02 00009000 00006000[0m
[0;32mI (63) boot:  1 phy_init         RF data          01 01 0000f000 00001000[0m
[0;32mI (69) boot:  2 factory          factory app      00 00 00010000 00200000[0m
[0;32mI (76) boot:  3 model            Unknown data     01 82 00210000 00400000[0m
[0;32mI (82) boot: End of partition table[0m
[0;32mI (85) esp_image: segment 0: paddr=00010020 vaddr=3c0e0020 size=3e8f4h (256244) map[0m
[0;32mI (139) esp_image: segment 1: paddr=0004e91c vaddr=3fc9b800 size=016fch (  5884) load[0m
[0;32mI (140) esp_image: segment 2: paddr=00050020 vaddr=42000020 size=d4a8ch (871052) map[0m
[0;32mI (299) esp_image: segment 3: paddr=00124ab4 vaddr=3fc9cefc size=05880h ( 22656) load[0m
[0;32mI (304) esp_image: segment 4: paddr=0012a33c vaddr=40374000 size=17708h ( 96008) load[0m
[0;32mI (325) esp_image: segment 5: paddr=00141a4c vaddr=50000000 size=00024h (    36) load[0m
[0;32mI (336) boot: Loaded app from partition at offset 0x10000[0m
[0;32mI (336) boot: Disabling RNG early entropy source...[0m
[0;32mI (346) octal_psram: vendor id    : 0x0d (AP)[0m
[0;32mI (346) octal_psram: dev id       : 0x02 (generation 3)[0m
[0;32mI (346) octal_psram: density      : 0x03 (64 Mbit)[0m
[0;32mI (348) octal_psram: good-die     : 0x01 (Pass)[0m
[0;32mI (353) octal_psram: Latency      : 0x01 (Fixed)[0m
[0;32mI (357) octal_psram: VCC          : 0x01 (3V)[0m
[0;32mI (361) octal_psram: SRF          : 0x01 (Fast Refresh)[0m
[0;32mI (366) octal_psram: BurstType    : 0x01 (Hybrid Wrap)[0m
[0;32mI (371) octal_psram: BurstLen     : 0x01 (32 Byte)[0m
[0;32mI (375) octal_psram: Readlatency  : 0x02 (10 cycles@Fixed)[0m
[0;32mI (381) octal_psram: DriveStrength: 0x00 (1/1)[0m
[0;32mI (385) esp_psram: Found 8MB PSRAM device[0m
[0;32mI (389) esp_psram: Speed: 40MHz[0m
[0;32mI (392) cpu_start: Multicore app[0m
[0;32mI (1125) esp_psram: SPI SRAM memory test OK[0m
[0;32mI (1134) cpu_start: GPIO 44 and 43 are used as console UART I/O pins[0m
[0;32mI (1134) cpu_start: Pro cpu start user code[0m
[0;32mI (1134) cpu_start: cpu freq: 160000000 Hz[0m
[0;32mI (1136) app_init: Application information:[0m
[0;32mI (1140) app_init: Project name:     all_bmo[0m
[0;32mI (1144) app_init: App version:      c02dea1-dirty[0m
[0;32mI (1149) app_init: Compile time:     Aug 14 2026 14:45:21[0m
[0;32mI (1154) app_init: ELF file SHA256:  38bb3889b...[0m
[0;32mI (1158) app_init: ESP-IDF:          v6.0.1[0m
[0;32mI (1162) efuse_init: Min chip rev:     v0.0[0m
[0;32mI (1166) efuse_init: Max chip rev:     v0.99 [0m
[0;32mI (1170) efuse_init: Chip rev:         v0.2[0m
[0;32mI (1174) heap_init: Initializing. RAM available for dynamic allocation:[0m
[0;32mI (1180) heap_init: At 3FCA6E20 len 000428F0 (266 KiB): RAM[0m
[0;32mI (1186) heap_init: At 3FCE9710 len 00005724 (21 KiB): RAM[0m
[0;32mI (1191) heap_init: At 3FCF0000 len 00008000 (32 KiB): DRAM[0m
[0;32mI (1196) heap_init: At 600FE000 len 00001FE8 (7 KiB): RTCRAM[0m
[0;32mI (1202) esp_psram: Adding pool of 8192K of PSRAM memory to heap allocator[0m
[0;32mI (1209) spi_flash: detected chip: boya[0m
[0;32mI (1212) spi_flash: flash io: dio[0m
[0;33mW (1215) spi_flash: Detected size(16384k) larger than the size in the binary image header(8192k). Using the size in the binary image header.[0m
[0;32mI (1228) sleep_gpio: Configure to isolate all GPIO pins in sleep state[0m
[0;32mI (1234) sleep_gpio: Enable automatic switching of GPIO sleep configuration[0m
[0;32mI (1241) main_task: Started on CPU0[0m
[0;32mI (1261) esp_psram: Reserving pool of 32K of internal memory for DMA/internal allocations[0m
[0;32mI (1261) main_task: Calling app_main()[0m
[0;32mI (1261) DISPLAY: Initialize ILI9341 landscape[0m
[0;32mI (1271) ili9341: LCD panel create success, version: 2.0.2[0m
[0;32mI (1391) DISPLAY: ILI9341 Ready[0m
[0;32mI (1621) DISPLAY: Display sleep screen[0m
[0;32mI (1621) AUDIO: MAX98357A ready: BCLK=1 WS=2 DIN=42 volume=8[0m
[0;32mI (1621) BUTTON: Input ready: touch=14 vol_up=15 vol_down=16[0m
[0;32mI (1641) WIFI: SNTP init return_code=ESP_OK(0)[0m
[0;32mI (1641) pp: pp rom version: e7ae62f[0m
[0;32mI (1641) net80211: net80211 rom version: e7ae62f[0m
[0;32mI (1651) wifi:wifi driver task: 3fcb88e8, prio:23, stack:6656, core=0[0m
[0;32mI (1661) wifi:wifi firmware version: b37c951[0m
[0;32mI (1661) wifi:wifi certification version: v7.0[0m
[0;32mI (1661) wifi:config NVS flash: enabled[0m
[0;32mI (1661) wifi:config nano formatting: disabled[0m
[0;32mI (1661) wifi:Init data frame dynamic rx buffer num: 32[0m
[0;32mI (1671) wifi:Init static rx mgmt buffer num: 5[0m
[0;32mI (1671) wifi:Init management short buffer num: 32[0m
[0;32mI (1681) wifi:Init dynamic tx buffer num: 32[0m
[0;32mI (1681) wifi:Init static tx FG buffer num: 2[0m
[0;32mI (1681) wifi:Init static rx buffer size: 1600[0m
[0;32mI (1691) wifi:Init static rx buffer num: 10[0m
[0;32mI (1691) wifi:Init dynamic rx buffer num: 32[0m
[0;32mI (1701) wifi_init: rx ba win: 6[0m
[0;32mI (1701) wifi_init: accept mbox: 6[0m
[0;32mI (1701) wifi_init: tcpip mbox: 32[0m
[0;32mI (1701) wifi_init: udp mbox: 6[0m
[0;32mI (1711) wifi_init: tcp mbox: 6[0m
[0;32mI (1711) wifi_init: tcp tx win: 5760[0m
[0;32mI (1711) wifi_init: tcp rx win: 5760[0m
[0;32mI (1721) wifi_init: tcp mss: 1440[0m
[0;32mI (1721) wifi_init: WiFi IRAM OP enabled[0m
[0;32mI (1721) wifi_init: WiFi RX IRAM OP enabled[0m
[0;32mI (1731) WIFI: SNTP event handler register return_code=ESP_OK(0)[0m
[0;32mI (1731) WIFI: WiFi config prepared: ssid="[REDACTED-SSID]", ssid_len=11, password_len=11, auth_threshold=WPA2_PSK[0m
[0;32mI (1741) WIFI: WiFi STA config applied[0m
[0;32mI (1751) phy_init: phy_version 711,97bcf0a2,Aug 25 2025,19:04:10[0m
[0;32mI (1801) wifi:mode : sta ([REDACTED-MAC])[0m
[0;32mI (1801) wifi:enable tsf[0m
[0;32mI (1801) WIFI: WiFi initialization complete. Waiting for STA_START event...[0m
[0;32mI (1801) WIFI: Connecting to WiFi SSID "[REDACTED-SSID]"...[0m
[0;32mI (1811) MAIN: Waiting for WiFi IP before API init...[0m
[0;32mI (1811) STATE: State machine orchestrator task started[0m
[0;32mI (1811) wifi:new:<8,0>, old:<1,0>, ap:<255,255>, sta:<8,0>, prof:1, snd_ch_cfg:0x0[0m
[0;32mI (1821) wifi:state: init -> auth (0xb0)[0m
[0;32mI (1811) MODEL_LOADER: The storage free size is 23424 KB[0m
[0;32mI (1831) wifi:state: auth -> assoc (0x0)[0m
[0;32mI (1831) wifi:state: assoc -> init (0x4a0)[0m
[0;32mI (1841) MODEL_LOADER: The partition size is 4096 KB[0m
[0;32mI (1841) MODEL_LOADER: Successfully load srmodels[0m
[0;32mI (1851) wifi:new:<8,0>, old:<8,0>, ap:<255,255>, sta:<8,0>, prof:1, snd_ch_cfg:0x0[0m
[0;32mI (1851) WAKE: WakeNet model: wn9_hijoy_tts[0m
[0;33mW (1851) WIFI: Disconnected from AP, reason=4 (UNKNOWN). Retrying connection...[0m
[0;32mI (1871) WAKE: Wake words: Hi,Joy[0m
MC Quantized wakenet9: wakenet9l_tts1h8_Hi,Joy_3_0.631_0.633, tigger:v4, mode:0, p:0, (May 25 2026 15:51:00)
[0;32mI (1941) WAKE: WakeNet sample_rate=16000 chunk=512 channels=1[0m
[0;33mW (1941) i2s_platform: i2s controller 0 has been occupied by i2s_driver[0m
[0;32mI (1951) WAKE: I2S mic ready: BCLK=5 WS=4 DIN=6 rate=16000[0m
[0;32mI (1951) WAKE: Wakeword initialized[0m
[0;32mI (1951) WAKE: Listening for Hi Joy[0m
[0;33mW (4281) WIFI: Disconnected from AP, reason=205 (CONNECTION_FAIL). Retrying connection...[0m
[0;32mI (4291) wifi:new:<8,0>, old:<8,0>, ap:<255,255>, sta:<8,0>, prof:1, snd_ch_cfg:0x0[0m
[0;32mI (4291) wifi:state: init -> auth (0xb0)[0m
[0;32mI (4301) wifi:state: auth -> assoc (0x0)[0m
[0;32mI (4301) wifi:state: assoc -> run (0x10)[0m
[0;32mI (4341) wifi:connected with [REDACTED-SSID], aid = 39, channel 8, BW20, bssid = [REDACTED-MAC][0m
[0;32mI (4341) wifi:security: WPA2-PSK, phy: bgn, rssi: -60, cipher(pairwise:0x3, group:0x1), pmf:0[0m
[0;32mI (4351) wifi:pm start, type: 1[0m

[0;32mI (4351) wifi:dp: 1, bi: 102400, li: 3, scale listen interval from 307200 us to 307200 us[0m
[0;32mI (4361) wifi:set rx beacon pti, rx_bcn_pti: 0, bcn_timeout: 25000, mt_pti: 0, mt_time: 10000[0m
[0;32mI (4371) WIFI: Connected to AP "[REDACTED-SSID]", waiting for IP...[0m
[0;32mI (4441) wifi:AP's beacon interval = 102400 us, DTIM period = 1[0m
[0;32mI (5161) WAKE: Mic peak: 271[0m
[0;32mI (7601) esp_netif_handlers: sta ip: 192.168.100.181, mask: 255.255.255.0, gw: 192.168.100.1[0m
[0;32mI (7601) WIFI: SNTP start requested after IP acquisition[0m
[0;32mI (7601) MAIN: WiFi got IP. Waiting for valid SNTP time before API init...[0m
[0;32mI (7601) NETWORK: NETWORK_TIME_SYNCED_BIT cleared before=0x3 after=0x3[0m
[0;32mI (7601) MAIN: API readiness wait begin: required_bit=NETWORK_TIME_SYNCED_BIT timeout_ms=30000[0m
[0;32mI (7611) WIFI: SNTP start return_code=ESP_OK(0)[0m
[0;32mI (7621) WIFI: SNTP worker create return=pdPASS handle_available=1[0m
[0;32mI (7631) WIFI: SNTP worker started: handle_available=1[0m
[0;32mI (7631) WIFI: Got IP: 192.168.100.181[0m
[0;32mI (7631) WIFI: SNTP sync wait begin: timeout_ms=30000[0m
[0;32mI (8351) WAKE: Mic peak: 386[0m
[0;32mI (10011) WIFI: SNTP sync callback invoked: event_data=available epoch_sec=1786803322[0m
[0;32mI (10011) WIFI: SNTP sync wait end: return_code=ESP_OK(0)[0m
[0;32mI (10011) WIFI: SNTP time-sync event received: event_data=available epoch_sec=1786803322[0m
[0;32mI (10021) NETWORK: NETWORK_TIME_SYNCED_BIT set before=0x3 after=0xb[0m
[0;32mI (10031) MAIN: API readiness wait end: bits=0xb time_synced=1[0m
[0;32mI (10031) WIFI: SNTP time is valid; TLS connections may start; readiness_bit=1[0m
[0;32mI (10031) MAIN: WiFi and SNTP are ready. API init started.[0m
[0;32mI (10041) API: API init started[0m
[0;32mI (10051) API: WS lifecycle seq=1 event=start_call_before source=api_init now_ms=0 delta_ms=0 event_data_unavailable lifecycle_state=stopped ws_client_started=0 ws_connected=0 ws_authenticated=0[0m
[0;32mI (10061) API: WS lifecycle seq=2 event=event_begin source=websocket_event now_ms=10 delta_ms=10 event_data_available lifecycle_state=started ws_client_started=1 ws_connected=0 ws_authenticated=0[0m
[0;32mI (10071) websocket_client: Started[0m
[0;32mI (10081) API: WebSocket started[0m
[0;32mI (10091) API: WS lifecycle seq=3 event=start_call_after source=api_init now_ms=40 delta_ms=30 event_data_unavailable lifecycle_state=started ws_client_started=1 ws_connected=0 ws_authenticated=0[0m
[0;32mI (10101) API: WS lifecycle operation=start source=api_init return_code=ESP_OK(0)[0m
[0;32mI (10121) wifi:<ba-add>idx:0 (ifx:0, [REDACTED-MAC]), tid:0, ssn:5, winSize:64[0m
[0;32mI (12851) esp-x509-crt-bundle: Certificate validated[0m
[0;33mW (13941) API: WS diagnostics phase=connected_before_mark now_ms=12700 since_disconnect_ms=0 error_type=none(0) close_status=0 handshake_status=0 transport_errno=-2113068775 tls_err=0 tls_stack=1070397900 tls_flags=1070389280 ws_connected=0 ws_authenticated=0[0m
[0;32mI (13951) API: WebSocket connected, authenticating...[0m
[0;32mI (13961) API: WS lifecycle seq=4 event=event_connected source=websocket_event now_ms=3910 delta_ms=3870 event_data_available lifecycle_state=connected ws_client_started=1 ws_connected=1 ws_authenticated=0[0m
[0;32mI (13981) API: Sending authenticate to WS...[0m
[0;32mI (13991) API: WS task stack high-water mark at connected: 4312 bytes[0m
[0;33mW (13991) API: WS diagnostics phase=connected_after_mark now_ms=12750 since_disconnect_ms=0 error_type=none(0) close_status=0 handshake_status=0 transport_errno=-2113068775 tls_err=0 tls_stack=1070397900 tls_flags=1070389280 ws_connected=1 ws_authenticated=0[0m
[0;32mI (14101) API: Received WS event: authenticated[0m
[0;32mI (14101) API: WS authenticated successfully. Backend state: idle[0m
[0;32mI (14101) API: WS task stack high-water mark at authenticated: 4312 bytes[0m
[0;32mI (15041) WAKE: Mic peak: 570[0m
[0;32mI (18251) WAKE: Mic peak: 472[0m
[0;32mI (21451) WAKE: Mic peak: 304[0m
[0;32mI (27851) WAKE: Mic peak: 170[0m
[0;32mI (31051) WAKE: Mic peak: 509[0m
[0;32mI (34241) WAKE: Mic peak: 592[0m
[0;32mI (37451) WAKE: Mic peak: 270[0m
[0;32mI (40651) WAKE: Mic peak: 601[0m
[0;32mI (43841) WAKE: Mic peak: 495[0m
[0;32mI (47051) WAKE: Mic peak: 355[0m
[0;32mI (50251) WAKE: Mic peak: 451[0m
[0;32mI (53441) WAKE: Mic peak: 495[0m

Capture restarted after sanitizer correction; credential values are excluded.
[0;33m--- Warning: GDB cannot open serial ports accessed as COMx[0m
[0;33m--- Using \\.\COM7 instead...[0m
[0;33m--- esp-idf-monitor 1.9.0 on \\.\COM7 115200[0m
[0;33m--- Quit: Ctrl+] | Menu: Ctrl+T | Help: Ctrl+T followed by Ctrl+H[0m
ESP-ROM:esp32s3-20210327
Build:Mar 27 2021
rst:0x1 (POWERON),boot:0x8 (SPI_FAST_FLASH_BOOT)
SPIWP:0xee
mode:DIO, clock div:1
load:0x3fce2820,len:0x14f0
load:0x403c8700,len:0xda0
[1;31mxtensa-esp32s3-elf-addr2line -fiaC -e D:\BMO\all_bmo\esp\build\bootloader\bootloader.elf 0x403c8700: [WinError 2] The system cannot find the file specified[0m
load:0x403cb700,len:0x2f58
[1;31mxtensa-esp32s3-elf-addr2line -fiaC -e D:\BMO\all_bmo\esp\build\bootloader\bootloader.elf 0x403cb700: [WinError 2] The system cannot find the file specified[0m
entry 0x403c8908
[1;31mxtensa-esp32s3-elf-addr2line -fiaC -e D:\BMO\all_bmo\esp\build\bootloader\bootloader.elf 0x403c8908: [WinError 2] The system cannot find the file specified[0m
[0;32mI (24) boot: ESP-IDF v6.0.1 2nd stage bootloader[0m
[0;32mI (25) boot: compile time Aug 13 2026 19:08:05[0m
[0;32mI (25) boot: Multicore bootloader[0m
[0;32mI (25) boot: chip revision: v0.2[0m
[0;32mI (28) boot: efuse block revision: v1.4[0m
[0;32mI (31) boot.esp32s3: Boot SPI Speed : 80MHz[0m
[0;32mI (35) boot.esp32s3: SPI Mode       : DIO[0m
[0;32mI (39) boot.esp32s3: SPI Flash Size : 8MB[0m
[0;32mI (43) boot: Enabling RNG early entropy source...[0m
[0;32mI (47) boot: Partition Table:[0m
[0;32mI (50) boot: ## Label            Usage          Type ST Offset   Length[0m
[0;32mI (56) boot:  0 nvs              WiFi data        01 02 00009000 00006000[0m
[0;32mI (63) boot:  1 phy_init         RF data          01 01 0000f000 00001000[0m
[0;32mI (69) boot:  2 factory          factory app      00 00 00010000 00200000[0m
[0;32mI (76) boot:  3 model            Unknown data     01 82 00210000 00400000[0m
[0;32mI (82) boot: End of partition table[0m
[0;32mI (85) esp_image: segment 0: paddr=00010020 vaddr=3c0e0020 size=3e8f4h (256244) map[0m
[0;32mI (139) esp_image: segment 1: paddr=0004e91c vaddr=3fc9b800 size=016fch (  5884) load[0m
[0;32mI (140) esp_image: segment 2: paddr=00050020 vaddr=42000020 size=d4a8ch (871052) map[0m
[0;32mI (299) esp_image: segment 3: paddr=00124ab4 vaddr=3fc9cefc size=05880h ( 22656) load[0m
[0;32mI (304) esp_image: segment 4: paddr=0012a33c vaddr=40374000 size=17708h ( 96008) load[0m
[0;32mI (325) esp_image: segment 5: paddr=00141a4c vaddr=50000000 size=00024h (    36) load[0m
[0;32mI (336) boot: Loaded app from partition at offset 0x10000[0m
[0;32mI (336) boot: Disabling RNG early entropy source...[0m
[0;32mI (346) octal_psram: vendor id    : 0x0d (AP)[0m
[0;32mI (346) octal_psram: dev id       : 0x02 (generation 3)[0m
[0;32mI (346) octal_psram: density      : 0x03 (64 Mbit)[0m
[0;32mI (348) octal_psram: good-die     : 0x01 (Pass)[0m
[0;32mI (353) octal_psram: Latency      : 0x01 (Fixed)[0m
[0;32mI (357) octal_psram: VCC          : 0x01 (3V)[0m
[0;32mI (361) octal_psram: SRF          : 0x01 (Fast Refresh)[0m
[0;32mI (366) octal_psram: BurstType    : 0x01 (Hybrid Wrap)[0m
[0;32mI (371) octal_psram: BurstLen     : 0x01 (32 Byte)[0m
[0;32mI (375) octal_psram: Readlatency  : 0x02 (10 cycles@Fixed)[0m
[0;32mI (381) octal_psram: DriveStrength: 0x00 (1/1)[0m
[0;32mI (385) esp_psram: Found 8MB PSRAM device[0m
[0;32mI (389) esp_psram: Speed: 40MHz[0m
[0;32mI (392) cpu_start: Multicore app[0m
[0;32mI (1125) esp_psram: SPI SRAM memory test OK[0m
[0;32mI (1134) cpu_start: GPIO 44 and 43 are used as console UART I/O pins[0m
[0;32mI (1134) cpu_start: Pro cpu start user code[0m
[0;32mI (1134) cpu_start: cpu freq: 160000000 Hz[0m
[0;32mI (1136) app_init: Application information:[0m
[0;32mI (1140) app_init: Project name:     all_bmo[0m
[0;32mI (1144) app_init: App version:      c02dea1-dirty[0m
[0;32mI (1149) app_init: Compile time:     Aug 14 2026 14:45:21[0m
[0;32mI (1154) app_init: ELF file SHA256:  38bb3889b...[0m
[0;32mI (1158) app_init: ESP-IDF:          v6.0.1[0m
[0;32mI (1162) efuse_init: Min chip rev:     v0.0[0m
[0;32mI (1166) efuse_init: Max chip rev:     v0.99 [0m
[0;32mI (1170) efuse_init: Chip rev:         v0.2[0m
[0;32mI (1174) heap_init: Initializing. RAM available for dynamic allocation:[0m
[0;32mI (1180) heap_init: At 3FCA6E20 len 000428F0 (266 KiB): RAM[0m
[0;32mI (1186) heap_init: At 3FCE9710 len 00005724 (21 KiB): RAM[0m
[0;32mI (1191) heap_init: At 3FCF0000 len 00008000 (32 KiB): DRAM[0m
[0;32mI (1196) heap_init: At 600FE000 len 00001FE8 (7 KiB): RTCRAM[0m
[0;32mI (1202) esp_psram: Adding pool of 8192K of PSRAM memory to heap allocator[0m
[0;32mI (1209) spi_flash: detected chip: boya[0m
[0;32mI (1212) spi_flash: flash io: dio[0m
[0;33mW (1215) spi_flash: Detected size(16384k) larger than the size in the binary image header(8192k). Using the size in the binary image header.[0m
[0;32mI (1228) sleep_gpio: Configure to isolate all GPIO pins in sleep state[0m
[0;32mI (1234) sleep_gpio: Enable automatic switching of GPIO sleep configuration[0m
[0;32mI (1241) main_task: Started on CPU0[0m
[0;32mI (1261) esp_psram: Reserving pool of 32K of internal memory for DMA/internal allocations[0m
[0;32mI (1261) main_task: Calling app_main()[0m
[0;32mI (1261) DISPLAY: Initialize ILI9341 landscape[0m
[0;32mI (1271) ili9341: LCD panel create success, version: 2.0.2[0m
[0;32mI (1391) DISPLAY: ILI9341 Ready[0m
[0;32mI (1621) DISPLAY: Display sleep screen[0m
[0;32mI (1621) AUDIO: MAX98357A ready: BCLK=1 WS=2 DIN=42 volume=8[0m
[0;32mI (1621) BUTTON: Input ready: touch=14 vol_up=15 vol_down=16[0m
[0;32mI (1641) WIFI: SNTP init return_code=ESP_OK(0)[0m
[0;32mI (1641) pp: pp rom version: e7ae62f[0m
[0;32mI (1641) net80211: net80211 rom version: e7ae62f[0m
[0;32mI (1651) wifi:wifi driver task: 3fcb88e8, prio:23, stack:6656, core=0[0m
[0;32mI (1661) wifi:wifi firmware version: b37c951[0m
[0;32mI (1661) wifi:wifi certification version: v7.0[0m
[0;32mI (1661) wifi:config NVS flash: enabled[0m
[0;32mI (1661) wifi:config nano formatting: disabled[0m
[0;32mI (1661) wifi:Init data frame dynamic rx buffer num: 32[0m
[0;32mI (1671) wifi:Init static rx mgmt buffer num: 5[0m
[0;32mI (1671) wifi:Init management short buffer num: 32[0m
[0;32mI (1681) wifi:Init dynamic tx buffer num: 32[0m
[0;32mI (1681) wifi:Init static tx FG buffer num: 2[0m
[0;32mI (1681) wifi:Init static rx buffer size: 1600[0m
[0;32mI (1691) wifi:Init static rx buffer num: 10[0m
[0;32mI (1691) wifi:Init dynamic rx buffer num: 32[0m
[0;32mI (1701) wifi_init: rx ba win: 6[0m
[0;32mI (1701) wifi_init: accept mbox: 6[0m
[0;32mI (1701) wifi_init: tcpip mbox: 32[0m
[0;32mI (1711) wifi_init: udp mbox: 6[0m
[0;32mI (1711) wifi_init: tcp mbox: 6[0m
[0;32mI (1711) wifi_init: tcp tx win: 5760[0m
[0;32mI (1711) wifi_init: tcp rx win: 5760[0m
[0;32mI (1721) wifi_init: tcp mss: 1440[0m
[0;32mI (1721) wifi_init: WiFi IRAM OP enabled[0m
[0;32mI (1721) wifi_init: WiFi RX IRAM OP enabled[0m
[0;32mI (1731) WIFI: SNTP event handler register return_code=ESP_OK(0)[0m
[0;32mI (1731) WIFI: WiFi config prepared: ssid="[REDACTED-SSID]", ssid_len=11, password_len=11, auth_threshold=WPA2_PSK[0m
[0;32mI (1741) WIFI: WiFi STA config applied[0m
[0;32mI (1751) phy_init: phy_version 711,97bcf0a2,Aug 25 2025,19:04:10[0m
[0;32mI (1801) wifi:mode : sta ([REDACTED-MAC])[0m
[0;32mI (1801) wifi:enable tsf[0m
[0;32mI (1801) WIFI: WiFi initialization complete. Waiting for STA_START event...[0m
[0;32mI (1801) WIFI: Connecting to WiFi SSID "[REDACTED-SSID]"...[0m
[0;32mI (1811) MAIN: Waiting for WiFi IP before API init...[0m
[0;32mI (1811) STATE: State machine orchestrator task started[0m
[0;32mI (1821) wifi:new:<8,0>, old:<1,0>, ap:<255,255>, sta:<8,0>, prof:1, snd_ch_cfg:0x0[0m
[0;32mI (1821) wifi:state: init -> auth (0xb0)[0m
[0;32mI (1811) MODEL_LOADER: The storage free size is 23424 KB[0m
[0;32mI (1831) MODEL_LOADER: The partition size is 4096 KB[0m
[0;32mI (1831) wifi:state: auth -> assoc (0x0)[0m
[0;32mI (1841) wifi:state: assoc -> init (0x4a0)[0m
[0;32mI (1851) MODEL_LOADER: Successfully load srmodels[0m
[0;32mI (1851) WAKE: WakeNet model: wn9_hijoy_tts[0m
[0;32mI (1851) WAKE: Wake words: Hi,Joy[0m
[0;32mI (1861) wifi:new:<8,0>, old:<8,0>, ap:<255,255>, sta:<8,0>, prof:1, snd_ch_cfg:0x0[0m
[0;33mW (1871) WIFI: Disconnected from AP, reason=4 (UNKNOWN). Retrying connection...[0m
MC Quantized wakenet9: wakenet9l_tts1h8_Hi,Joy_3_0.631_0.633, tigger:v4, mode:0, p:0, (May 25 2026 15:51:00)
[0;32mI (1941) WAKE: WakeNet sample_rate=16000 chunk=512 channels=1[0m
[0;33mW (1951) i2s_platform: i2s controller 0 has been occupied by i2s_driver[0m
[0;32mI (1951) WAKE: I2S mic ready: BCLK=5 WS=4 DIN=6 rate=16000[0m
[0;32mI (1961) WAKE: Wakeword initialized[0m
[0;32mI (1961) WAKE: Listening for Hi Joy[0m
[0;33mW (4281) WIFI: Disconnected from AP, reason=205 (CONNECTION_FAIL). Retrying connection...[0m
[0;32mI (4301) wifi:new:<8,0>, old:<8,0>, ap:<255,255>, sta:<8,0>, prof:1, snd_ch_cfg:0x0[0m
[0;32mI (4301) wifi:state: init -> auth (0xb0)[0m
[0;32mI (4311) wifi:state: auth -> assoc (0x0)[0m
[0;32mI (4311) wifi:state: assoc -> run (0x10)[0m
[0;32mI (4351) wifi:connected with [REDACTED-SSID], aid = 25, channel 8, BW20, bssid = [REDACTED-MAC][0m
[0;32mI (4351) wifi:security: WPA2-PSK, phy: bgn, rssi: -63, cipher(pairwise:0x3, group:0x1), pmf:0[0m
[0;32mI (4361) wifi:pm start, type: 1[0m

[0;32mI (4361) wifi:dp: 1, bi: 102400, li: 3, scale listen interval from 307200 us to 307200 us[0m
[0;32mI (4371) wifi:set rx beacon pti, rx_bcn_pti: 0, bcn_timeout: 25000, mt_pti: 0, mt_time: 10000[0m
[0;32mI (4381) WIFI: Connected to AP "[REDACTED-SSID]", waiting for IP...[0m
[0;32mI (4381) wifi:AP's beacon interval = 102400 us, DTIM period = 1[0m
[0;32mI (5161) WAKE: Mic peak: 342[0m
[0;32mI (7601) esp_netif_handlers: sta ip: 192.168.100.181, mask: 255.255.255.0, gw: 192.168.100.1[0m
[0;32mI (7601) WIFI: SNTP start requested after IP acquisition[0m
[0;32mI (7601) NETWORK: NETWORK_TIME_SYNCED_BIT cleared before=0x3 after=0x3[0m
[0;32mI (7601) MAIN: WiFi got IP. Waiting for valid SNTP time before API init...[0m
[0;32mI (7601) WIFI: SNTP start return_code=ESP_OK(0)[0m
[0;32mI (7611) MAIN: API readiness wait begin: required_bit=NETWORK_TIME_SYNCED_BIT timeout_ms=30000[0m
[0;32mI (7621) WIFI: SNTP worker create return=pdPASS handle_available=1[0m
[0;32mI (7631) WIFI: Got IP: 192.168.100.181[0m
[0;32mI (7621) WIFI: SNTP worker started: handle_available=1[0m
[0;32mI (7641) WIFI: SNTP sync wait begin: timeout_ms=30000[0m
[0;32mI (8361) WAKE: Mic peak: 350[0m
[0;32mI (10711) WIFI: SNTP sync wait end: return_code=ESP_OK(0)[0m
[0;32mI (10711) WIFI: SNTP sync callback invoked: event_data=available epoch_sec=1786803426[0m
[0;32mI (10711) MAIN: API readiness wait end: bits=0xb time_synced=1[0m
[0;32mI (10711) WIFI: SNTP time-sync event received: event_data=available epoch_sec=1786803426[0m
[0;32mI (10711) NETWORK: NETWORK_TIME_SYNCED_BIT set before=0x3 after=0xb[0m
[0;32mI (10731) WIFI: SNTP time is valid; TLS connections may start; readiness_bit=1[0m
[0;32mI (10721) MAIN: WiFi and SNTP are ready. API init started.[0m
[0;32mI (10741) API: API init started[0m
[0;32mI (10751) API: WS lifecycle seq=1 event=start_call_before source=api_init now_ms=0 delta_ms=0 event_data_unavailable lifecycle_state=stopped ws_client_started=0 ws_connected=0 ws_authenticated=0[0m
[0;32mI (10761) API: WS lifecycle seq=2 event=event_begin source=websocket_event now_ms=10 delta_ms=10 event_data_available lifecycle_state=started ws_client_started=1 ws_connected=0 ws_authenticated=0[0m
[0;32mI (10761) websocket_client: Started[0m
[0;32mI (10781) API: WebSocket started[0m
[0;32mI (10781) API: WS lifecycle seq=3 event=start_call_after source=api_init now_ms=30 delta_ms=20 event_data_unavailable lifecycle_state=started ws_client_started=1 ws_connected=0 ws_authenticated=0[0m
[0;32mI (10791) wifi:I (10801) API: WS lifecycle operation=start source=api_init return_code=ESP_OK(0)[0m
<ba-add>idx:0 (ifx:0, [REDACTED-MAC]), tid:0, ssn:5, winSize:64
[0;32mI (10821) wifi:[ADDBA]RX DELBA, reason:1, delete tid:0, initiator:1(originator)[0m
[0;32mI (10821) wifi:<ba-del>idx:0, tid:0[0m
[0;32mI (13591) esp-x509-crt-bundle: Certificate validated[0m
[0;33mW (14691) API: WS diagnostics phase=connected_before_mark now_ms=13450 since_disconnect_ms=0 error_type=none(0) close_status=0 handshake_status=0 transport_errno=-2113068775 tls_err=0 tls_stack=1070397884 tls_flags=1070389228 ws_connected=0 ws_authenticated=0[0m
[0;32mI (14711) API: WebSocket connected, authenticating...[0m
[0;32mI (14711) API: WS lifecycle seq=4 event=event_connected source=websocket_event now_ms=3960 delta_ms=3930 event_data_available lifecycle_state=connected ws_client_started=1 ws_connected=1 ws_authenticated=0[0m
[0;32mI (14731) API: Sending authenticate to WS...[0m
[0;32mI (14741) API: WS task stack high-water mark at connected: 4076 bytes[0m
[0;33mW (14741) API: WS diagnostics phase=connected_after_mark now_ms=13500 since_disconnect_ms=0 error_type=none(0) close_status=0 handshake_status=0 transport_errno=-2113068775 tls_err=0 tls_stack=1070397884 tls_flags=1070389228 ws_connected=1 ws_authenticated=0[0m
[0;32mI (14881) API: Received WS event: authenticated[0m
[0;32mI (14881) API: WS authenticated successfully. Backend state: idle[0m
[0;32mI (14881) API: WS task stack high-water mark at authenticated: 4076 bytes[0m
[0;32mI (15061) WAKE: Mic peak: 384[0m
[0;32mI (18261) WAKE: Mic peak: 459[0m
[0;32mI (21471) WAKE: Mic peak: 623[0m
[0;32mI (24661) WAKE: Mic peak: 438[0m
[0;32mI (27861) WAKE: Mic peak: 731[0m
[0;32mI (31071) WAKE: Mic peak: 446[0m
[0;32mI (34261) WAKE: Mic peak: 406[0m
[0;32mI (37461) WAKE: Mic peak: 350[0m
[0;32mI (40671) WAKE: Mic peak: 948[0m
[0;32mI (43861) WAKE: Mic peak: 315[0m
[0;32mI (47061) WAKE: Mic peak: 355[0m

[0;33m--- Warning: GDB cannot open serial ports accessed as COMx[0m
[0;33m--- Using \\.\COM7 instead...[0m
[0;33m--- esp-idf-monitor 1.9.0 on \\.\COM7 115200[0m
[0;33m--- Quit: Ctrl+] | Menu: Ctrl+T | Help: Ctrl+T followed by Ctrl+H[0m
ESP-ROM:esp32s3-20210327
Build:Mar 27 2021
rst:0x1 (POWERON),boot:0x8 (SPI_FAST_FLASH_BOOT)
SPIWP:0xee
mode:DIO, clock div:1
load:0x3fce2820,len:0x14f0
load:0x403c8700,len:0xda0
[1;31mxtensa-esp32s3-elf-addr2line -fiaC -e D:\BMO\all_bmo\esp\build\bootloader\bootloader.elf 0x403c8700: [WinError 2] The system cannot find the file specified[0m
load:0x403cb700,len:0x2f58
[1;31mxtensa-esp32s3-elf-addr2line -fiaC -e D:\BMO\all_bmo\esp\build\bootloader\bootloader.elf 0x403cb700: [WinError 2] The system cannot find the file specified[0m
entry 0x403c8908
[1;31mxtensa-esp32s3-elf-addr2line -fiaC -e D:\BMO\all_bmo\esp\build\bootloader\bootloader.elf 0x403c8908: [WinError 2] The system cannot find the file specified[0m
[0;32mI (24) boot: ESP-IDF v6.0.1 2nd stage bootloader[0m
[0;32mI (25) boot: compile time Aug 13 2026 19:08:05[0m
[0;32mI (25) boot: Multicore bootloader[0m
[0;32mI (25) boot: chip revision: v0.2[0m
[0;32mI (28) boot: efuse block revision: v1.4[0m
[0;32mI (31) boot.esp32s3: Boot SPI Speed : 80MHz[0m
[0;32mI (35) boot.esp32s3: SPI Mode       : DIO[0m
[0;32mI (39) boot.esp32s3: SPI Flash Size : 8MB[0m
[0;32mI (43) boot: Enabling RNG early entropy source...[0m
[0;32mI (47) boot: Partition Table:[0m
[0;32mI (50) boot: [REDACTED-SSID][REDACTED-SSID] Label            Usage          Type ST Offset   Length[0m
[0;32mI (56) boot:  0 nvs              WiFi data        01 02 00009000 00006000[0m
[0;32mI (63) boot:  1 phy_init         RF data          01 01 0000f000 00001000[0m
[0;32mI (69) boot:  2 factory          factory app      00 00 00010000 00200000[0m
[0;32mI (76) boot:  3 model            Unknown data     01 82 00210000 00400000[0m
[0;32mI (82) boot: End of partition table[0m
[0;32mI (85) esp_image: segment 0: paddr=00010020 vaddr=3c0e0020 size=3e8f4h (256244) map[0m
[0;32mI (139) esp_image: segment 1: paddr=0004e91c vaddr=3fc9b800 size=016fch (  5884) load[0m
[0;32mI (140) esp_image: segment 2: paddr=00050020 vaddr=42000020 size=d4a8ch (871052) map[0m
[0;32mI (299) esp_image: segment 3: paddr=00124ab4 vaddr=3fc9cefc size=05880h ( 22656) load[0m
[0;32mI (304) esp_image: segment 4: paddr=0012a33c vaddr=40374000 size=17708h ( 96008) load[0m
[0;32mI (325) esp_image: segment 5: paddr=00141a4c vaddr=50000000 size=00024h (    36) load[0m
[0;32mI (336) boot: Loaded app from partition at offset 0x10000[0m
[0;32mI (336) boot: Disabling RNG early entropy source...[0m
[0;32mI (346) octal_psram: vendor id    : 0x0d (AP)[0m
[0;32mI (346) octal_psram: dev id       : 0x02 (generation 3)[0m
[0;32mI (346) octal_psram: density      : 0x03 (64 Mbit)[0m
[0;32mI (348) octal_psram: good-die     : 0x01 (Pass)[0m
[0;32mI (353) octal_psram: Latency      : 0x01 (Fixed)[0m
[0;32mI (357) octal_psram: VCC          : 0x01 (3V)[0m
[0;32mI (361) octal_psram: SRF          : 0x01 (Fast Refresh)[0m
[0;32mI (366) octal_psram: BurstType    : 0x01 (Hybrid Wrap)[0m
[0;32mI (371) octal_psram: BurstLen     : 0x01 (32 Byte)[0m
[0;32mI (375) octal_psram: Readlatency  : 0x02 (10 cycles@Fixed)[0m
[0;32mI (381) octal_psram: DriveStrength: 0x00 (1/1)[0m
[0;32mI (385) esp_psram: Found 8MB PSRAM device[0m
[0;32mI (389) esp_psram: Speed: 40MHz[0m
[0;32mI (392) cpu_start: Multicore app[0m
[0;32mI (1125) esp_psram: SPI SRAM memory test OK[0m
[0;32mI (1134) cpu_start: GPIO 44 and 43 are used as console UART I/O pins[0m
[0;32mI (1134) cpu_start: Pro cpu start user code[0m
[0;32mI (1134) cpu_start: cpu freq: 160000000 Hz[0m
[0;32mI (1136) app_init: Application information:[0m
[0;32mI (1140) app_init: Project name:     all_bmo[0m
[0;32mI (1144) app_init: App version:      c02dea1-dirty[0m
[0;32mI (1149) app_init: Compile time:     Aug 14 2026 14:45:21[0m
[0;32mI (1154) app_init: ELF file SHA256:  38bb3889b...[0m
[0;32mI (1158) app_init: ESP-IDF:          v6.0.1[0m
[0;32mI (1162) efuse_init: Min chip rev:     v0.0[0m
[0;32mI (1166) efuse_init: Max chip rev:     v0.99 [0m
[0;32mI (1170) efuse_init: Chip rev:         v0.2[0m
[0;32mI (1174) heap_init: Initializing. RAM available for dynamic allocation:[0m
[0;32mI (1180) heap_init: At 3FCA6E20 len 000428F0 (266 KiB): RAM[0m
[0;32mI (1186) heap_init: At 3FCE9710 len 00005724 (21 KiB): RAM[0m
[0;32mI (1191) heap_init: At 3FCF0000 len 00008000 (32 KiB): DRAM[0m
[0;32mI (1196) heap_init: At 600FE000 len 00001FE8 (7 KiB): RTCRAM[0m
[0;32mI (1202) esp_psram: Adding pool of 8192K of PSRAM memory to heap allocator[0m
[0;32mI (1209) spi_flash: detected chip: boya[0m
[0;32mI (1212) spi_flash: flash io: dio[0m
[0;33mW (1215) spi_flash: Detected size(16384k) larger than the size in the binary image header(8192k). Using the size in the binary image header.[0m
[0;32mI (1228) sleep_gpio: Configure to isolate all GPIO pins in sleep state[0m
[0;32mI (1234) sleep_gpio: Enable automatic switching of GPIO sleep configuration[0m
[0;32mI (1241) main_task: Started on CPU0[0m
[0;32mI (1261) esp_psram: Reserving pool of 32K of internal memory for DMA/internal allocations[0m
[0;32mI (1261) main_task: Calling app_main()[0m
[0;32mI (1261) DISPLAY: Initialize ILI9341 landscape[0m
[0;32mI (1271) ili9341: LCD panel create success, version: 2.0.2[0m
[0;32mI (1391) DISPLAY: ILI9341 Ready[0m
[0;32mI (1621) DISPLAY: Display sleep screen[0m
[0;32mI (1621) AUDIO: MAX98357A ready: BCLK=1 WS=2 DIN=42 volume=8[0m
[0;32mI (1621) BUTTON: Input ready: touch=14 vol_up=15 vol_down=16[0m
[0;32mI (1641) WIFI: SNTP init return_code=ESP_OK(0)[0m
[0;32mI (1641) pp: pp rom version: e7ae62f[0m
[0;32mI (1641) net80211: net80211 rom version: e7ae62f[0m
[0;32mI (1651) wifi:wifi driver task: 3fcb88e8, prio:23, stack:6656, core=0[0m
[0;32mI (1661) wifi:wifi firmware version: b37c951[0m
[0;32mI (1661) wifi:wifi certification version: v7.0[0m
[0;32mI (1661) wifi:config NVS flash: enabled[0m
[0;32mI (1661) wifi:config nano formatting: disabled[0m
[0;32mI (1661) wifi:Init data frame dynamic rx buffer num: 32[0m
[0;32mI (1671) wifi:Init static rx mgmt buffer num: 5[0m
[0;32mI (1671) wifi:Init management short buffer num: 32[0m
[0;32mI (1681) wifi:Init dynamic tx buffer num: 32[0m
[0;32mI (1681) wifi:Init static tx FG buffer num: 2[0m
[0;32mI (1681) wifi:Init static rx buffer size: 1600[0m
[0;32mI (1691) wifi:Init static rx buffer num: 10[0m
[0;32mI (1691) wifi:Init dynamic rx buffer num: 32[0m
[0;32mI (1701) wifi_init: rx ba win: 6[0m
[0;32mI (1701) wifi_init: accept mbox: 6[0m
[0;32mI (1701) wifi_init: tcpip mbox: 32[0m
[0;32mI (1711) wifi_init: udp mbox: 6[0m
[0;32mI (1711) wifi_init: tcp mbox: 6[0m
[0;32mI (1711) wifi_init: tcp tx win: 5760[0m
[0;32mI (1711) wifi_init: tcp rx win: 5760[0m
[0;32mI (1721) wifi_init: tcp mss: 1440[0m
[0;32mI (1721) wifi_init: WiFi IRAM OP enabled[0m
[0;32mI (1721) wifi_init: WiFi RX IRAM OP enabled[0m
[0;32mI (1731) WIFI: SNTP event handler register return_code=ESP_OK(0)[0m
[0;32mI (1731) WIFI: WiFi config prepared: ssid="[REDACTED-SSID]", ssid_len=11, password_len=11, auth_threshold=WPA2_PSK[0m
[0;32mI (1741) WIFI: WiFi STA config applied[0m
[0;32mI (1751) phy_init: phy_version 711,97bcf0a2,Aug 25 2025,19:04:10[0m
[0;32mI (1801) wifi:mode : sta ([REDACTED-MAC])[0m
[0;32mI (1801) wifi:enable tsf[0m
[0;32mI (1801) WIFI: WiFi initialization complete. Waiting for STA_START event...[0m
[0;32mI (1801) WIFI: Connecting to WiFi SSID "[REDACTED-SSID]"...[0m
[0;32mI (1811) MAIN: Waiting for WiFi IP before API init...[0m
[0;32mI (1811) STATE: State machine orchestrator task started[0m
[0;32mI (1821) wifi:new:<8,0>, old:<1,0>, ap:<255,255>, sta:<8,0>, prof:1, snd_ch_cfg:0x0[0m
[0;32mI (1831) wifi:state: init -> auth (0xb0)[0m
[0;32mI (1831) MODEL_LOADER: The storage free size is 23424 KB[0m
[0;32mI (1831) MODEL_LOADER: The partition size is 4096 KB[0m
[0;32mI (1841) wifi:state: auth -> assoc (0x0)[0m
[0;32mI (1841) wifi:state: assoc -> init (0x4a0)[0m
[0;32mI (1851) MODEL_LOADER: Successfully load srmodels[0m
[0;32mI (1851) WAKE: WakeNet model: wn9_hijoy_tts[0m
[0;32mI (1851) WAKE: Wake words: Hi,Joy[0m
[0;32mI (1861) wifi:new:<8,0>, old:<8,0>, ap:<255,255>, sta:<8,0>, prof:1, snd_ch_cfg:0x0[0m
[0;33mW (1871) WIFI: Disconnected from AP, reason=4 (UNKNOWN). Retrying connection...[0m
MC Quantized wakenet9: wakenet9l_tts1h8_Hi,Joy_3_0.631_0.633, tigger:v4, mode:0, p:0, (May 25 2026 15:51:00)
[0;32mI (1941) WAKE: WakeNet sample_rate=16000 chunk=512 channels=1[0m
[0;33mW (1951) i2s_platform: i2s controller 0 has been occupied by i2s_driver[0m
[0;32mI (1951) WAKE: I2S mic ready: BCLK=5 WS=4 DIN=6 rate=16000[0m
[0;32mI (1961) WAKE: Listening for Hi Joy[0m
[0;32mI (1961) WAKE: Wakeword initialized[0m
[0;33mW (4291) WIFI: Disconnected from AP, reason=205 (CONNECTION_FAIL). Retrying connection...[0m
[0;32mI (4291) wifi:new:<8,0>, old:<8,0>, ap:<255,255>, sta:<8,0>, prof:1, snd_ch_cfg:0x0[0m
[0;32mI (4291) wifi:state: init -> auth (0xb0)[0m
[0;32mI (4311) wifi:state: auth -> assoc (0x0)[0m
[0;32mI (4311) wifi:state: assoc -> run (0x10)[0m
[0;32mI (4351) wifi:connected with [REDACTED-SSID], aid = 71, channel 8, BW20, bssid = [REDACTED-MAC][0m
[0;32mI (4361) wifi:security: WPA2-PSK, phy: bgn, rssi: -60, cipher(pairwise:0x3, group:0x1), pmf:0[0m
[0;32mI (4361) wifi:pm start, type: 1[0m

[0;32mI (4361) wifi:dp: 1, bi: 102400, li: 3, scale listen interval from 307200 us to 307200 us[0m
[0;32mI (4371) wifi:set rx beacon pti, rx_bcn_pti: 0, bcn_timeout: 25000, mt_pti: 0, mt_time: 10000[0m
[0;32mI (4381) WIFI: Connected to AP "[REDACTED-SSID]", waiting for IP...[0m
[0;32mI (4401) wifi:AP's beacon interval = 102400 us, DTIM period = 1[0m
[0;32mI (5161) WAKE: Mic peak: 289[0m
[0;32mI (7671) esp_netif_handlers: sta ip: 192.168.100.181, mask: 255.255.255.0, gw: 192.168.100.1[0m
[0;32mI (7671) WIFI: SNTP start requested after IP acquisition[0m
[0;32mI (7671) MAIN: WiFi got IP. Waiting for valid SNTP time before API init...[0m
[0;32mI (7671) NETWORK: NETWORK_TIME_SYNCED_BIT cleared before=0x3 after=0x3[0m
[0;32mI (7671) MAIN: API readiness wait begin: required_bit=NETWORK_TIME_SYNCED_BIT timeout_ms=30000[0m
[0;32mI (7681) WIFI: SNTP start return_code=ESP_OK(0)[0m
[0;32mI (7691) WIFI: SNTP worker create return=pdPASS handle_available=1[0m
[0;32mI (7691) WIFI: SNTP worker started: handle_available=1[0m
[0;32mI (7701) WIFI: Got IP: 192.168.100.181[0m
[0;32mI (7701) WIFI: SNTP sync wait begin: timeout_ms=30000[0m
[0;32mI (8101) WIFI: SNTP sync callback invoked: event_data=available epoch_sec=1786803505[0m
[0;32mI (8101) WIFI: SNTP sync wait end: return_code=ESP_OK(0)[0m
[0;32mI (8101) WIFI: SNTP time-sync event received: event_data=available epoch_sec=1786803505[0m
[0;32mI (8111) NETWORK: NETWORK_TIME_SYNCED_BIT set before=0x3 after=0xb[0m
[0;32mI (8111) MAIN: API readiness wait end: bits=0xb time_synced=1[0m
[0;32mI (8121) WIFI: SNTP time is valid; TLS connections may start; readiness_bit=1[0m
[0;32mI (8131) wifi:<ba-add>idx:0 (ifx:0, [REDACTED-MAC]), tid:0, ssn:3, winSize:64I (8121) MAIN: WiFi and SNTP are ready. API init started.[0m

[0;32mI (8141) API: API init started[0m
[0;32mI (8141) API: WS lifecycle seq=1 event=start_call_before source=api_init now_ms=0 delta_ms=0 event_data_unavailable lifecycle_state=stopped ws_client_started=0 ws_connected=0 ws_authenticated=0[0m
[0;32mI (8161) API: WS lifecycle seq=2 event=event_begin source=websocket_event now_ms=20 delta_ms=20 event_data_available lifecycle_state=started ws_client_started=1 ws_connected=0 ws_authenticated=0[0m
[0;32mI (8171) websocket_client: Started[0m
[0;32mI (8181) API: WebSocket started[0m
[0;32mI (8181) API: WS lifecycle seq=3 event=start_call_after source=api_init now_ms=40 delta_ms=20 event_data_unavailable lifecycle_state=started ws_client_started=1 ws_connected=0 ws_authenticated=0[0m
[0;32mI (8201) API: WS lifecycle operation=start source=api_init return_code=ESP_OK(0)[0m
[0;32mI (8361) WAKE: Mic peak: 278[0m
[0;32mI (10971) esp-x509-crt-bundle: Certificate validated[0m
[0;33mW (12051) API: WS diagnostics phase=connected_before_mark now_ms=10810 since_disconnect_ms=0 error_type=none(0) close_status=0 handshake_status=0 transport_errno=-2113068775 tls_err=0 tls_stack=1070397932 tls_flags=1070389296 ws_connected=0 ws_authenticated=0[0m
[0;32mI (12061) API: WebSocket connected, authenticating...[0m
[0;32mI (12061) API: WS lifecycle seq=4 event=event_connected source=websocket_event now_ms=3920 delta_ms=3880 event_data_available lifecycle_state=connected ws_client_started=1 ws_connected=1 ws_authenticated=0[0m
[0;32mI (12081) API: Sending authenticate to WS...[0m
[0;32mI (12091) API: WS task stack high-water mark at connected: 4312 bytes[0m
[0;33mW (12091) API: WS diagnostics phase=connected_after_mark now_ms=10850 since_disconnect_ms=0 error_type=none(0) close_status=0 handshake_status=0 transport_errno=-2113068775 tls_err=0 tls_stack=1070397932 tls_flags=1070389296 ws_connected=1 ws_authenticated=0[0m
[0;32mI (12241) API: Received WS event: authenticated[0m
[0;32mI (12241) API: WS authenticated successfully. Backend state: idle[0m
[0;32mI (12241) API: WS task stack high-water mark at authenticated: 4312 bytes[0m
[0;32mI (14131) WAKE: Mic peak: 338[0m
[0;32mI (17341) WAKE: Mic peak: 341[0m
[0;32mI (20541) WAKE: Mic peak: 740[0m
[0;32mI (23731) WAKE: Mic peak: 330[0m
[0;32mI (26941) WAKE: Mic peak: 348[0m
[0;32mI (30141) WAKE: Mic peak: 360[0m
[0;32mI (33331) WAKE: Mic peak: 168[0m
[0;32mI (36541) WAKE: Mic peak: 270[0m
[0;32mI (39741) WAKE: Mic peak: 201[0m
[0;32mI (42931) WAKE: Mic peak: 297[0m
[0;32mI (46141) WAKE: Mic peak: 232[0m
[0;32mI (49341) WAKE: Mic peak: 275[0m
[0;32mI (52531) WAKE: Mic peak: 242[0m
[0;32mI (55741) WAKE: Mic peak: 182[0m
[0;32mI (58941) WAKE: Mic peak: 360[0m
[0;32mI (62131) WAKE: Mic peak: 129[0m
[0;32mI (65341) WAKE: Mic peak: 320[0m
[0;32mI (68541) WAKE: Mic peak: 241[0m
[0;32mI (71731) WAKE: Mic peak: 214[0m
[0;32mI (74941) WAKE: Mic peak: 316[0m
[0;32mI (78141) WAKE: Mic peak: 217[0m
[0;32mI (81331) WAKE: Mic peak: 358[0m
[0;32mI (84541) WAKE: Mic peak: 183[0m
[0;32mI (87741) WAKE: Mic peak: 297[0m
[0;32mI (90931) WAKE: Mic peak: 160[0m
[0;32mI (94141) WAKE: Mic peak: 237[0m
[0;32mI (97341) WAKE: Mic peak: 371[0m
[0;32mI (100531) WAKE: Mic peak: 246[0m
[0;32mI (103741) WAKE: Mic peak: 271[0m
[0;32mI (106941) WAKE: Mic peak: 279[0m
[0;32mI (110131) WAKE: Mic peak: 314[0m
[0;32mI (113341) WAKE: Mic peak: 371[0m
[0;32mI (116541) WAKE: Mic peak: 269[0m
[0;32mI (119731) WAKE: Mic peak: 386[0m
[0;32mI (122941) WAKE: Mic peak: 211[0m
[0;32mI (126141) WAKE: Mic peak: 237[0m
[0;32mI (129331) WAKE: Mic peak: 191[0m
[0;32mI (132541) WAKE: Mic peak: 277[0m
[0;32mI (135741) WAKE: Mic peak: 353[0m
[0;32mI (138931) WAKE: Mic peak: 483[0m
[0;32mI (142141) WAKE: Mic peak: 368[0m
[0;32mI (145341) WAKE: Mic peak: 316[0m
[0;32mI (148531) WAKE: Mic peak: 486[0m
[0;32mI (151741) WAKE: Mic peak: 253[0m
[0;32mI (154941) WAKE: Mic peak: 290[0m
[0;32mI (158131) WAKE: Mic peak: 214[0m
[0;32mI (161341) WAKE: Mic peak: 362[0m
[0;32mI (164541) WAKE: Mic peak: 382[0m
[0;32mI (167731) WAKE: Mic peak: 289[0m
[0;32mI (170941) WAKE: Mic peak: 476[0m
[0;32mI (174141) WAKE: Mic peak: 363[0m
[0;32mI (177331) WAKE: Mic peak: 246[0m
[0;32mI (180541) WAKE: Mic peak: 334[0m
[0;32mI (183741) WAKE: Mic peak: 220[0m
[0;32mI (186931) WAKE: Mic peak: 338[0m
[0;32mI (190141) WAKE: Mic peak: 533[0m
[0;32mI (193341) WAKE: Mic peak: 322[0m
[0;32mI (196531) WAKE: Mic peak: 318[0m
[0;32mI (199741) WAKE: Mic peak: 291[0m
[0;32mI (202941) WAKE: Mic peak: 432[0m
[0;32mI (206131) WAKE: Mic peak: 533[0m
[0;32mI (209341) WAKE: Mic peak: 293[0m
[0;32mI (212541) WAKE: Mic peak: 239[0m
[0;32mI (215731) WAKE: Mic peak: 239[0m
[0;32mI (218941) WAKE: Mic peak: 282[0m
[0;32mI (222141) WAKE: Mic peak: 297[0m
[0;32mI (225331) WAKE: Mic peak: 280[0m
[0;32mI (228541) WAKE: Mic peak: 272[0m
[0;32mI (231741) WAKE: Mic peak: 385[0m
[0;32mI (234931) WAKE: Mic peak: 399[0m
[0;32mI (238141) WAKE: Mic peak: 347[0m
[0;32mI (241341) WAKE: Mic peak: 405[0m
[0;32mI (244531) WAKE: Mic peak: 303[0m
[0;32mI (247741) WAKE: Mic peak: 258[0m
[0;32mI (250941) WAKE: Mic peak: 279[0m
[0;32mI (254131) WAKE: Mic peak: 214[0m
[0;32mI (257341) WAKE: Mic peak: 194[0m
[0;32mI (260541) WAKE: Mic peak: 346[0m
[0;32mI (263731) WAKE: Mic peak: 487[0m
[0;32mI (266941) WAKE: Mic peak: 275[0m
[0;32mI (270141) WAKE: Mic peak: 296[0m
[0;32mI (273331) WAKE: Mic peak: 440[0m
[0;32mI (276541) WAKE: Mic peak: 240[0m
[0;32mI (279741) WAKE: Mic peak: 264[0m
[0;32mI (282931) WAKE: Mic peak: 371[0m
[0;32mI (286141) WAKE: Mic peak: 490[0m
[0;32mI (289341) WAKE: Mic peak: 438[0m
[0;32mI (292531) WAKE: Mic peak: 447[0m
[0;32mI (295741) WAKE: Mic peak: 448[0m
[0;32mI (298941) WAKE: Mic peak: 320[0m
[0;32mI (302131) WAKE: Mic peak: 418[0m
[0;32mI (305341) WAKE: Mic peak: 278[0m
[0;32mI (308541) WAKE: Mic peak: 330[0m
[0;32mI (311731) WAKE: Mic peak: 328[0m
[0;32mI (314941) WAKE: Mic peak: 435[0m
[0;32mI (318141) WAKE: Mic peak: 436[0m
[0;32mI (321331) WAKE: Mic peak: 243[0m
[0;32mI (324541) WAKE: Mic peak: 344[0m
[0;32mI (327741) WAKE: Mic peak: 205[0m
[0;32mI (330931) WAKE: Mic peak: 458[0m
[0;32mI (334141) WAKE: Mic peak: 411[0m
[0;32mI (337341) WAKE: Mic peak: 564[0m
[0;32mI (340531) WAKE: Mic peak: 319[0m
[0;32mI (343741) WAKE: Mic peak: 257[0m
[0;32mI (346941) WAKE: Mic peak: 364[0m
[0;32mI (350131) WAKE: Mic peak: 266[0m
[0;32mI (353341) WAKE: Mic peak: 423[0m
[0;32mI (356541) WAKE: Mic peak: 264[0m
[0;32mI (359731) WAKE: Mic peak: 268[0m
[0;32mI (362941) WAKE: Mic peak: 405[0m
[0;32mI (366141) WAKE: Mic peak: 363[0m
[0;32mI (369331) WAKE: Mic peak: 363[0m
[0;32mI (372541) WAKE: Mic peak: 338[0m
[0;32mI (375741) WAKE: Mic peak: 327[0m
[0;32mI (378931) WAKE: Mic peak: 277[0m
[0;32mI (382141) WAKE: Mic peak: 251[0m
[0;32mI (385341) WAKE: Mic peak: 371[0m
[0;32mI (388531) WAKE: Mic peak: 308[0m
[0;32mI (391741) WAKE: Mic peak: 308[0m
[0;32mI (394941) WAKE: Mic peak: 513[0m
[0;32mI (398131) WAKE: Mic peak: 621[0m
[0;32mI (401341) WAKE: Mic peak: 601[0m
[0;32mI (404541) WAKE: Mic peak: 422[0m
[0;32mI (407731) WAKE: Mic peak: 727[0m
[0;32mI (410941) WAKE: Mic peak: 268[0m
[0;32mI (414141) WAKE: Mic peak: 361[0m
[0;32mI (417331) WAKE: Mic peak: 335[0m
[0;32mI (420541) WAKE: Mic peak: 357[0m
[0;32mI (423741) WAKE: Mic peak: 352[0m
[0;32mI (426931) WAKE: Mic peak: 269[0m
[0;32mI (430141) WAKE: Mic peak: 449[0m
[0;32mI (433341) WAKE: Mic peak: 294[0m
[0;32mI (436531) WAKE: Mic peak: 397[0m
[0;32mI (437951) WAKE: Hi Joy detected[0m
[0;32mI (437951) STATE: State changed to 1[0m
[0;32mI (437951) DISPLAY: display_face()[0m
[0;32mI (438031) STATE: Entering RECORDING state[0m
[0;32mI (438031) WAKE: Recording started[0m
[1;31m--- Error: GetOverlappedResult failed (PermissionError(13, 'Access is denied.', None, 5))[0m
[0;33m--- Waiting for the device to reconnect[0m[0;33m.[0m[0;33m.[0m[0;33m.[0m[0;33m.[0m[0;33m[0m
[0;32mI (1125) esp_psram: SPI SRAM memory test OK[0m
[0;32mI (1134) cpu_start: GPIO 44 and 43 are used as console UART I/O pins[0m
[0;32mI (1134) cpu_start: Pro cpu start user code[0m
[0;32mI (1134) cpu_start: cpu freq: 160000000 Hz[0m
[0;32mI (1136) app_init: Application information:[0m
[0;32mI (1140) app_init: Project name:     all_bmo[0m
[0;32mI (1144) app_init: App version:      c02dea1-dirty[0m
[0;32mI (1149) app_init: Compile time:     Aug 14 2026 14:45:21[0m
[0;32mI (1154) app_init: ELF file SHA256:  38bb3889b...[0m
[0;32mI (1158) app_init: ESP-IDF:          v6.0.1[0m
[0;32mI (1162) efuse_init: Min chip rev:     v0.0[0m
[0;32mI (1166) efuse_init: Max chip rev:     v0.99 [0m
[0;32mI (1170) efuse_init: Chip rev:         v0.2[0m
[0;32mI (1174) heap_init: Initializing. RAM available for dynamic allocation:[0m
[0;32mI (1180) heap_init: At 3FCA6E20 len 000428F0 (266 KiB): RAM[0m
[0;32mI (1186) heap_init: At 3FCE9710 len 00005724 (21 KiB): RAM[0m
[0;32mI (1191) heap_init: At 3FCF0000 len 00008000 (32 KiB): DRAM[0m
[0;32mI (1196) heap_init: At 600FE000 len 00001FE8 (7 KiB): RTCRAM[0m
[0;32mI (1202) esp_psram: Adding pool of 8192K of PSRAM memory to heap allocator[0m
[0;32mI (1209) spi_flash: detected chip: boya[0m
[0;32mI (1212) spi_flash: flash io: dio[0m
[0;33mW (1215) spi_flash: Detected size(16384k) larger than the size in the binary image header(8192k). Using the size in the binary image header.[0m
[0;32mI (1228) sleep_gpio: Configure to isolate all GPIO pins in sleep state[0m
[0;32mI (1234) sleep_gpio: Enable automatic switching of GPIO sleep configuration[0m
[0;32mI (1241) main_task: Started on CPU0[0m
[0;32mI (1261) esp_psram: Reserving pool of 32K of internal memory for DMA/internal allocations[0m
[0;32mI (1261) main_task: Calling app_main()[0m
[0;32mI (1261) DISPLAY: Initialize ILI9341 landscape[0m
[0;32mI (1271) ili9341: LCD panel create success, version: 2.0.2[0m
[0;32mI (1391) DISPLAY: ILI9341 Ready[0m
[0;32mI (1621) DISPLAY: Display sleep screen[0m
[0;32mI (1621) AUDIO: MAX98357A ready: BCLK=1 WS=2 DIN=42 volume=8[0m
[0;32mI (1621) BUTTON: Input ready: touch=14 vol_up=15 vol_down=16[0m
[0;32mI (1641) WIFI: SNTP init return_code=ESP_OK(0)[0m
[0;32mI (1641) pp: pp rom version: e7ae62f[0m
[0;32mI (1641) net80211: net80211 rom version: e7ae62f[0m
[0;32mI (1651) wifi:wifi driver task: 3fcb88e8, prio:23, stack:6656, core=0[0m
[0;32mI (1661) wifi:wifi firmware version: b37c951[0m
[0;32mI (1661) wifi:wifi certification version: v7.0[0m
[0;32mI (1661) wifi:config NVS flash: enabled[0m
[0;32mI (1661) wifi:config nano formatting: disabled[0m
[0;32mI (1661) wifi:Init data frame dynamic rx buffer num: 32[0m
[0;32mI (1671) wifi:Init static rx mgmt buffer num: 5[0m
[0;32mI (1671) wifi:Init management short buffer num: 32[0m
[0;32mI (1681) wifi:Init dynamic tx buffer num: 32[0m
[0;32mI (1681) wifi:Init static tx FG buffer num: 2[0m
[0;32mI (1681) wifi:Init static rx buffer size: 1600[0m
[0;32mI (1691) wifi:Init static rx buffer num: 10[0m
[0;32mI (1691) wifi:Init dynamic rx buffer num: 32[0m
[0;32mI (1701) wifi_init: rx ba win: 6[0m
[0;32mI (1701) wifi_init: accept mbox: 6[0m
[0;32mI (1701) wifi_init: tcpip mbox: 32[0m
[0;32mI (1711) wifi_init: udp mbox: 6[0m
[0;32mI (1711) wifi_init: tcp mbox: 6[0m
[0;32mI (1711) wifi_init: tcp tx win: 5760[0m
[0;32mI (1711) wifi_init: tcp rx win: 5760[0m
[0;32mI (1721) wifi_init: tcp mss: 1440[0m
[0;32mI (1721) wifi_init: WiFi IRAM OP enabled[0m
[0;32mI (1721) wifi_init: WiFi RX IRAM OP enabled[0m
[0;32mI (1731) WIFI: SNTP event handler register return_code=ESP_OK(0)[0m
[0;32mI (1731) WIFI: WiFi config prepared: ssid="[REDACTED-SSID]", ssid_len=11, password_len=11, auth_threshold=WPA2_PSK[0m
[0;32mI (1741) WIFI: WiFi STA config applied[0m
[0;32mI (1751) phy_init: phy_version 711,97bcf0a2,Aug 25 2025,19:04:10[0m
[0;32mI (1791) phy_init: Saving new calibration data due to checksum failure or outdated calibration data, mode(0)[0m
[0;32mI (1801) wifi:mode : sta ([REDACTED-MAC])[0m
[0;32mI (1801) wifi:enable tsf[0m
[0;32mI (1811) WIFI: WiFi initialization complete. Waiting for STA_START event...[0m
[0;32mI (1811) WIFI: Connecting to WiFi SSID "[REDACTED-SSID]"...[0m
[0;32mI (1811) MAIN: Waiting for WiFi IP before API init...[0m
[0;32mI (1821) STATE: State machine orchestrator task started[0m
[0;32mI (1821) wifi:new:<8,0>, old:<1,0>, ap:<255,255>, sta:<8,0>, prof:1, snd_ch_cfg:0x0[0m
[0;32mI (1831) wifi:state: init -> auth (0xb0)[0m
[0;32mI (1831) MODEL_LOADER: The storage free size is 23424 KB[0m
[0;32mI (1841) wifi:state: auth -> assoc (0x0)[0m
[0;32mI (1841) wifi:state: assoc -> init (0x4a0)[0m
[0;32mI (1841) MODEL_LOADER: The partition size is 4096 KB[0m
[0;32mI (1851) wifi:new:<8,0>, old:<8,0>, ap:<255,255>, sta:<8,0>, prof:1, snd_ch_cfg:0x0[0m
[0;33mW (1861) WIFI: Disconnected from AP, reason=4 (UNKNOWN). Retrying connection...[0m
[0;32mI (1861) MODEL_LOADER: Successfully load srmodels[0m
[0;32mI (1871) WAKE: WakeNet model: wn9_hijoy_tts[0m
[0;32mI (1871) WAKE: Wake words: Hi,Joy[0m
MC Quantized wakenet9: wakenet9l_tts1h8_Hi,Joy_3_0.631_0.633, tigger:v4, mode:0, p:0, (May 25 2026 15:51:00)
[0;32mI (1941) WAKE: WakeNet sample_rate=16000 chunk=512 channels=1[0m
[0;33mW (1951) i2s_platform: i2s controller 0 has been occupied by i2s_driver[0m
[0;32mI (1951) WAKE: I2S mic ready: BCLK=5 WS=4 DIN=6 rate=16000[0m
[0;32mI (1961) WAKE: Wakeword initialized[0m
[0;32mI (1961) WAKE: Listening for Hi Joy[0m
[0;33mW (4281) WIFI: Disconnected from AP, reason=205 (CONNECTION_FAIL). Retrying connection...[0m
[0;32mI (4281) wifi:new:<8,0>, old:<8,0>, ap:<255,255>, sta:<8,0>, prof:1, snd_ch_cfg:0x0[0m
[0;32mI (4291) wifi:state: init -> auth (0xb0)[0m
[0;32mI (4301) wifi:state: auth -> assoc (0x0)[0m
[0;32mI (4301) wifi:state: assoc -> run (0x10)[0m
[0;32mI (4341) wifi:connected with [REDACTED-SSID], aid = 74, channel 8, BW20, bssid = [REDACTED-MAC][0m
[0;32mI (4341) wifi:security: WPA2-PSK, phy: bgn, rssi: -67, cipher(pairwise:0x3, group:0x1), pmf:0[0m
[0;32mI (4351) wifi:pm start, type: 1[0m

[0;32mI (4351) wifi:dp: 1, bi: 102400, li: 3, scale listen interval from 307200 us to 307200 us[0m
[0;32mI (4361) wifi:set rx beacon pti, rx_bcn_pti: 0, bcn_timeout: 25000, mt_pti: 0, mt_time: 10000[0m
[0;32mI (4371) WIFI: Connected to AP "[REDACTED-SSID]", waiting for IP...[0m
[0;32mI (4391) wifi:AP's beacon interval = 102400 us, DTIM period = 1[0m
[0;32mI (5161) WAKE: Mic peak: 245[0m
[0;32mI (6571) wifi:<ba-add>idx:0 (ifx:0, [REDACTED-MAC]), tid:0, ssn:3, winSize:64[0m
[0;32mI (7591) esp_netif_handlers: sta ip: 192.168.100.181, mask: 255.255.255.0, gw: 192.168.100.1[0m
[0;32mI (7591) WIFI: SNTP start requested after IP acquisition[0m
[0;32mI (7591) MAIN: WiFi got IP. Waiting for valid SNTP time before API init...[0m
[0;32mI (7591) NETWORK: NETWORK_TIME_SYNCED_BIT cleared before=0x3 after=0x3[0m
[0;32mI (7591) MAIN: API readiness wait begin: required_bit=NETWORK_TIME_SYNCED_BIT timeout_ms=30000[0m
[0;32mI (7601) WIFI: SNTP start return_code=ESP_OK(0)[0m
[0;32mI (7611) WIFI: SNTP worker create return=pdPASS handle_available=1[0m
[0;32mI (7611) WIFI: SNTP worker started: handle_available=1[0m
[0;32mI (7621) WIFI: Got IP: 192.168.100.181[0m
[0;32mI (7621) WIFI: SNTP sync wait begin: timeout_ms=30000[0m
[0;32mI (8361) WAKE: Mic peak: 219[0m
[0;32mI (8461) WIFI: SNTP sync callback invoked: event_data=available epoch_sec=1786803961[0m
[0;32mI (8471) WIFI: SNTP sync wait end: return_code=ESP_OK(0)[0m
[0;32mI (8471) WIFI: SNTP time-sync event received: event_data=available epoch_sec=1786803961[0m
[0;32mI (8471) NETWORK: NETWORK_TIME_SYNCED_BIT set before=0x3 after=0xb[0m
[0;32mI (8481) WIFI: SNTP time is valid; TLS connections may start; readiness_bit=1[0m
[0;32mI (8471) MAIN: API readiness wait end: bits=0xb time_synced=1[0m
[0;32mI (8491) MAIN: WiFi and SNTP are ready. API init started.[0m
[0;32mI (8501) API: API init started[0m
[0;32mI (8501) API: WS lifecycle seq=1 event=start_call_before source=api_init now_ms=0 delta_ms=0 event_data_unavailable lifecycle_state=stopped ws_client_started=0 ws_connected=0 ws_authenticated=0[0m
[0;32mI (8521) API: WS lifecycle seq=2 event=event_begin source=websocket_event now_ms=20 delta_ms=20 event_data_available lifecycle_state=started ws_client_started=1 ws_connected=0 ws_authenticated=0[0m
[0;32mI (8521) websocket_client: Started[0m
[0;32mI (8541) API: WebSocket started[0m
[0;32mI (8541) API: WS lifecycle seq=3 event=start_call_after source=api_init now_ms=40 delta_ms=20 event_data_unavailable lifecycle_state=started ws_client_started=1 ws_connected=0 ws_authenticated=0[0m
[0;32mI (8561) API: WS lifecycle operation=start source=api_init return_code=ESP_OK(0)[0m
[0;32mI (11281) esp-x509-crt-bundle: Certificate validated[0m
[0;33mW (12331) API: WS diagnostics phase=connected_before_mark now_ms=11090 since_disconnect_ms=0 error_type=none(0) close_status=0 handshake_status=0 transport_errno=-2113068775 tls_err=0 tls_stack=1070397964 tls_flags=1070389328 ws_connected=0 ws_authenticated=0[0m
[0;32mI (12341) API: WebSocket connected, authenticating...[0m
[0;32mI (12351) API: WS lifecycle seq=4 event=event_connected source=websocket_event now_ms=3850 delta_ms=3810 event_data_available lifecycle_state=connected ws_client_started=1 ws_connected=1 ws_authenticated=0[0m
[0;32mI (12371) API: Sending authenticate to WS...[0m
[0;32mI (12381) API: WS task stack high-water mark at connected: 4312 bytes[0m
[0;33mW (12381) API: WS diagnostics phase=connected_after_mark now_ms=11140 since_disconnect_ms=0 error_type=none(0) close_status=0 handshake_status=0 transport_errno=-2113068775 tls_err=0 tls_stack=1070397964 tls_flags=1070389328 ws_connected=1 ws_authenticated=0[0m
[0;32mI (12521) API: Received WS event: authenticated[0m
[0;32mI (12521) API: WS authenticated successfully. Backend state: idle[0m
[0;32mI (12521) API: WS task stack high-water mark at authenticated: 4312 bytes[0m
[0;32mI (15061) WAKE: Mic peak: 273[0m
[0;32mI (18261) WAKE: Mic peak: 296[0m
[0;32mI (21451) WAKE: Mic peak: 955[0m
[0;32mI (24661) WAKE: Mic peak: 1488[0m
[0;32mI (25301) WAKE: Hi Joy detected[0m
[0;32mI (25301) STATE: State changed to 1[0m
[0;32mI (25301) DISPLAY: display_face()[0m
[0;32mI (25331) STATE: Entering RECORDING state[0m
[0;32mI (25331) WAKE: Recording started[0m


Gate 4 physical result (sanitized): BLOCKED / RECORDING_NOT_COMPLETING.
Fresh readiness: WiFi/IP, SNTP, TLS, WSS, and authentication PASS.
Fresh voice evidence: Hi Joy detected; recording started; no recording-finished/WAV/upload/download/decode/playback/outcome event within the 300-second capture limit.
No request ID, audio byte count, HTTP audio status, decoder result, playback result, or audio_playback_done was claimed.
