# Step 4 local I2S timeout corrective static review — sanitized
# Date: 2026-08-18

SCOPE=esp/main/audio.cpp;esp/main/wakeword.cpp
SOURCE_CHANGE_SCOPE=PASS
BACKEND_ROUTER_WIFI_CREDENTIAL_SOURCE_CHANGE=NO
BUTTON_DEBOUNCE_CHANGE=NO

# Audit of all new I2S driver read/write calls under esp/ source.
I2S_CALL_COUNT=6
I2S_DIRECT_TIMEOUT_ARGS=6
I2S_DOUBLE_CONVERTED_TIMEOUT_ARGS=0
I2S_READ_TIMEOUT_ARG=RECORD_I2S_READ_TIMEOUT_MS (direct milliseconds)
I2S_WRITE_TIMEOUT_ARGS=500 (direct milliseconds; 5 calls)

# Corrective behavior.
NO_SAMPLE_PROGRESS_TIMEOUT_MS=3000
RECORD_DURATION_SEC=60
RECORD_SILENCE_DURATION_MS=2500
SILENCE_THRESHOLD=800
RECORD_SAMPLE_RATE=16000
MIC_PINS=GPIO5/ GPIO4/ GPIO6 (unchanged)
TRIGGER_LOG=Voice capture requested
WAKEWORD_LOG=Hi Joy detected (retained only for actual WakeNet result)
COOLDOWN=timestamp based; listener remains in read loop
FREE_RTOS_CONVERSION=retained for vTaskDelay/deadlines; removed only from i2s_channel_read/write timeout arguments

# Static invariants.
WAV_FORMAT=PCM mono 16 kHz 16-bit (unchanged)
BACKEND_CONTRACT=unchanged
TOUCH_LOGIC=unchanged
RECORDING_BUFFER_AND_SILENCE_LOGIC=unchanged except sample-progress deadline
ALLOCATION_FAILURE_UPLOAD_GATING=unchanged and safe

# Source fingerprints after patch.
audio.cpp|12600|D8D2857826EF659FCFD3ABEF76FDBB7AB78E0F19FAD5E0B21499FFFE663C0085
wakeword.cpp|22567|441A2A55B6ABF32609606213BFAC319D90A16A30204E4156A208EF041E9F6357
wakeword.h|519|821F0BE95DF23F7729E45618672EAF3883DFE51ADD726EE28952966AED36C17D
state.cpp|4219|C16F60CECD160650A9FEA766D566E89B1040EFCEA40B8922E2A59F16D01C4126
button.cpp|2857|6638269CBD714B7F992197F011FBDAD4CCB6207460DD3A660142FECA7162A3D0
wifi.cpp|9259|5518F343DE08DEE8BB1B66810C5ADD81EFFD43382FF292FC8C6BBE09E3BA2A06
api.cpp|77480|C273B98F105177CBF75C50681D5118BB4C6547252880903618DA4FA9E02F175B

STATIC_REVIEW=PASS
